Component: ARM Compiler 5.06 (build 20) Tool: armlink [4d35a3]

==============================================================================

Section Cross References

    main.o(i.key_Task) refers to key.o(i.KeyScan) for KeyScan
    main.o(i.key_Task) refers to tasks.o(i.vTaskResume) for vTaskResume
    main.o(i.key_Task) refers to noretval__2printf.o(.text) for __2printf
    main.o(i.key_Task) refers to tasks.o(i.vTaskSuspend) for vTaskSuspend
    main.o(i.key_Task) refers to main.o(.data) for Task1_TaskHandle
    main.o(i.main) refers to misc.o(i.NVIC_PriorityGroupConfig) for NVIC_PriorityGroupConfig
    main.o(i.main) refers to delay.o(i.delay_init) for delay_init
    main.o(i.main) refers to usart.o(i.uart_init) for uart_init
    main.o(i.main) refers to led.o(i.LED_Init) for LED_Init
    main.o(i.main) refers to key.o(i.KeyInit) for KeyInit
    main.o(i.main) refers to exti.o(i.EXTIX_Init) for EXTIX_Init
    main.o(i.main) refers to tasks.o(i.xTaskCreate) for xTaskCreate
    main.o(i.main) refers to tasks.o(i.vTaskStartScheduler) for vTaskStartScheduler
    main.o(i.main) refers to main.o(.data) for Start_TaskHandle
    main.o(i.main) refers to main.o(i.start_Task) for start_Task
    main.o(i.start_Task) refers to port.o(i.vPortEnterCritical) for vPortEnterCritical
    main.o(i.start_Task) refers to tasks.o(i.xTaskCreate) for xTaskCreate
    main.o(i.start_Task) refers to tasks.o(i.vTaskDelete) for vTaskDelete
    main.o(i.start_Task) refers to port.o(i.vPortExitCritical) for vPortExitCritical
    main.o(i.start_Task) refers to main.o(.data) for Key_TaskHandle
    main.o(i.start_Task) refers to main.o(i.key_Task) for key_Task
    main.o(i.start_Task) refers to main.o(i.task1_Task) for task1_Task
    main.o(i.start_Task) refers to main.o(i.task2_Task) for task2_Task
    main.o(i.task1_Task) refers to _printf_percent.o(.ARM.Collect$$_printf_percent$$00000000) for _printf_percent
    main.o(i.task1_Task) refers to _printf_d.o(.ARM.Collect$$_printf_percent$$00000009) for _printf_d
    main.o(i.task1_Task) refers to _printf_dec.o(.text) for _printf_int_dec
    main.o(i.task1_Task) refers to noretval__2printf.o(.text) for __2printf
    main.o(i.task1_Task) refers to tasks.o(i.vTaskDelay) for vTaskDelay
    main.o(i.task2_Task) refers to _printf_percent.o(.ARM.Collect$$_printf_percent$$00000000) for _printf_percent
    main.o(i.task2_Task) refers to _printf_d.o(.ARM.Collect$$_printf_percent$$00000009) for _printf_d
    main.o(i.task2_Task) refers to _printf_dec.o(.text) for _printf_int_dec
    main.o(i.task2_Task) refers to noretval__2printf.o(.text) for __2printf
    main.o(i.task2_Task) refers to tasks.o(i.vTaskDelay) for vTaskDelay
    system_stm32f4xx.o(i.SystemCoreClockUpdate) refers to system_stm32f4xx.o(.data) for SystemCoreClock
    system_stm32f4xx.o(i.SystemInit) refers to system_stm32f4xx.o(i.SetSysClock) for SetSysClock
    led.o(i.LED_Init) refers to stm32f4xx_rcc.o(i.RCC_AHB1PeriphClockCmd) for RCC_AHB1PeriphClockCmd
    led.o(i.LED_Init) refers to stm32f4xx_gpio.o(i.GPIO_Init) for GPIO_Init
    led.o(i.LED_Init) refers to stm32f4xx_gpio.o(i.GPIO_SetBits) for GPIO_SetBits
    exti.o(i.EXTI4_IRQHandler) refers to delay.o(i.delay_xms) for delay_xms
    exti.o(i.EXTI4_IRQHandler) refers to stm32f4xx_gpio.o(i.GPIO_ReadInputDataBit) for GPIO_ReadInputDataBit
    exti.o(i.EXTI4_IRQHandler) refers to tasks.o(i.xTaskResumeFromISR) for xTaskResumeFromISR
    exti.o(i.EXTI4_IRQHandler) refers to noretval__2printf.o(.text) for __2printf
    exti.o(i.EXTI4_IRQHandler) refers to stm32f4xx_exti.o(i.EXTI_ClearITPendingBit) for EXTI_ClearITPendingBit
    exti.o(i.EXTI4_IRQHandler) refers to main.o(.data) for Task2_TaskHandle
    exti.o(i.EXTIX_Init) refers to stm32f4xx_rcc.o(i.RCC_APB2PeriphClockCmd) for RCC_APB2PeriphClockCmd
    exti.o(i.EXTIX_Init) refers to stm32f4xx_syscfg.o(i.SYSCFG_EXTILineConfig) for SYSCFG_EXTILineConfig
    exti.o(i.EXTIX_Init) refers to stm32f4xx_exti.o(i.EXTI_Init) for EXTI_Init
    exti.o(i.EXTIX_Init) refers to misc.o(i.NVIC_Init) for NVIC_Init
    key.o(i.KeyInit) refers to stm32f4xx_rcc.o(i.RCC_AHB1PeriphClockCmd) for RCC_AHB1PeriphClockCmd
    key.o(i.KeyInit) refers to stm32f4xx_gpio.o(i.GPIO_Init) for GPIO_Init
    key.o(i.KeyScan) refers to stm32f4xx_gpio.o(i.GPIO_ReadInputDataBit) for GPIO_ReadInputDataBit
    key.o(i.KeyScan) refers to delay.o(i.delay_xms) for delay_xms
    key.o(i.KeyScan) refers to key.o(.data) for key_up
    delay.o(i.SysTick_Handler) refers to tasks.o(i.xTaskGetSchedulerState) for xTaskGetSchedulerState
    delay.o(i.SysTick_Handler) refers to port.o(i.xPortSysTickHandler) for xPortSysTickHandler
    delay.o(i.delay_init) refers to misc.o(i.SysTick_CLKSourceConfig) for SysTick_CLKSourceConfig
    delay.o(i.delay_init) refers to delay.o(.data) for fac_us
    delay.o(i.delay_ms) refers to tasks.o(i.xTaskGetSchedulerState) for xTaskGetSchedulerState
    delay.o(i.delay_ms) refers to tasks.o(i.vTaskDelay) for vTaskDelay
[...]
    ../clib/printf.c                         0x00000000   Number         0  __printf.o ABSOLUTE
    ../clib/printf.c                         0x00000000   Number         0  __printf_flags_ss_wp.o ABSOLUTE
    ../clib/printf.c                         0x00000000   Number         0  __printf_ss_wp.o ABSOLUTE
    ../clib/printf.c                         0x00000000   Number         0  __printf_ss.o ABSOLUTE
    ../clib/printf.c                         0x00000000   Number         0  _printf_char_file.o ABSOLUTE
    ../clib/printf_percent.s                 0x00000000   Number         0  _printf_percent_end.o ABSOLUTE
    ../clib/printf_percent.s                 0x00000000   Number         0  _printf_percent.o ABSOLUTE
    ../clib/printf_percent.s                 0x00000000   Number         0  _printf_d.o ABSOLUTE
    ../clib/signal.c                         0x00000000   Number         0  defsig_stak_inner.o ABSOLUTE
    ../clib/signal.c                         0x00000000   Number         0  defsig_pvfn_inner.o ABSOLUTE
    ../clib/signal.c                         0x00000000   Number         0  defsig_segv_inner.o ABSOLUTE
    ../clib/signal.c                         0x00000000   Number         0  defsig_other.o ABSOLUTE
    ../clib/signal.c                         0x00000000   Number         0  defsig_cppl_inner.o ABSOLUTE
    ../clib/signal.c                         0x00000000   Number         0  defsig_abrt_inner.o ABSOLUTE
    ../clib/signal.c                         0x00000000   Number         0  defsig_general.o ABSOLUTE
    ../clib/signal.c                         0x00000000   Number         0  defsig_fpe_inner.o ABSOLUTE
    ../clib/signal.c                         0x00000000   Number         0  __raise.o ABSOLUTE
    ../clib/signal.c                         0x00000000   Number         0  defsig_rtmem_inner.o ABSOLUTE
    ../clib/signal.c                         0x00000000   Number         0  defsig_rtred_inner.o ABSOLUTE
    ../clib/signal.c                         0x00000000   Number         0  defsig_exit.o ABSOLUTE
    ../clib/signal.c                         0x00000000   Number         0  defsig_rtmem_formal.o ABSOLUTE
    ../clib/signal.c                         0x00000000   Number         0  defsig_rtmem_outer.o ABSOLUTE
    ../clib/signal.s                         0x00000000   Number         0  defsig.o ABSOLUTE
    ../clib/stdio.c                          0x00000000   Number         0  ferror.o ABSOLUTE
    ../clib/stdio.c                          0x00000000   Number         0  ferror_locked.o ABSOLUTE
    ../clib/stdlib.c                         0x00000000   Number         0  exit.o ABSOLUTE
    ../fplib/fpinit.s                        0x00000000   Number         0  fpinit.o ABSOLUTE
    ..\CORE\startup_stm32f40_41xxx.s         0x00000000   Number         0  startup_stm32f40_41xxx.o ABSOLUTE
    ..\FWLIB\src\misc.c                      0x00000000   Number         0  misc.o ABSOLUTE
    ..\FWLIB\src\stm32f4xx_exti.c            0x00000000   Number         0  stm32f4xx_exti.o ABSOLUTE
    ..\FWLIB\src\stm32f4xx_gpio.c            0x00000000   Number         0  stm32f4xx_gpio.o ABSOLUTE
    ..\FWLIB\src\stm32f4xx_rcc.c             0x00000000   Number         0  stm32f4xx_rcc.o ABSOLUTE
    ..\FWLIB\src\stm32f4xx_syscfg.c          0x00000000   Number         0  stm32f4xx_syscfg.o ABSOLUTE
    ..\FWLIB\src\stm32f4xx_usart.c           0x00000000   Number         0  stm32f4xx_usart.o ABSOLUTE
    ..\FreeRTOS\croutine.c                   0x00000000   Number         0  croutine.o ABSOLUTE
    ..\FreeRTOS\event_groups.c               0x00000000   Number         0  event_groups.o ABSOLUTE
    ..\FreeRTOS\list.c                       0x00000000   Number         0  list.o ABSOLUTE
    ..\FreeRTOS\portable\MemMang\heap_4.c    0x00000000   Number         0  heap_4.o ABSOLUTE
    ..\FreeRTOS\portable\RVDS\ARM_CM4F\port.c 0x00000000   Number         0  port.o ABSOLUTE
    ..\FreeRTOS\queue.c                      0x00000000   Number         0  queue.o ABSOLUTE
    ..\FreeRTOS\stream_buffer.c              0x00000000   Number         0  stream_buffer.o ABSOLUTE
    ..\FreeRTOS\tasks.c                      0x00000000   Number         0  tasks.o ABSOLUTE
    ..\FreeRTOS\timers.c                     0x00000000   Number         0  timers.o ABSOLUTE
    ..\HARDWARE\EXTI\exti.c                  0x00000000   Number         0  exti.o ABSOLUTE
    ..\HARDWARE\KEY\key.c                    0x00000000   Number         0  key.o ABSOLUTE
    ..\HARDWARE\LED\led.c                    0x00000000   Number         0  led.o ABSOLUTE
    ..\SYSTEM\delay\delay.c                  0x00000000   Number         0  delay.o ABSOLUTE
    ..\SYSTEM\sys\sys.c                      0x00000000   Number         0  sys.o ABSOLUTE
    ..\SYSTEM\usart\usart.c                  0x00000000   Number         0  usart.o ABSOLUTE
    ..\\FWLIB\\src\\misc.c                   0x00000000   Number         0  misc.o ABSOLUTE
    ..\\FWLIB\\src\\stm32f4xx_exti.c         0x00000000   Number         0  stm32f4xx_exti.o ABSOLUTE
    ..\\FWLIB\\src\\stm32f4xx_gpio.c         0x00000000   Number         0  stm32f4xx_gpio.o ABSOLUTE
    ..\\FWLIB\\src\\stm32f4xx_rcc.c          0x00000000   Number         0  stm32f4xx_rcc.o ABSOLUTE
    ..\\FWLIB\\src\\stm32f4xx_syscfg.c       0x00000000   Number         0  stm32f4xx_syscfg.o ABSOLUTE
    ..\\FWLIB\\src\\stm32f4xx_usart.c        0x00000000   Number         0  stm32f4xx_usart.o ABSOLUTE
    ..\\FreeRTOS\\portable\\RVDS\\ARM_CM4F\\port.c 0x00000000   Number         0  port.o ABSOLUTE
    ..\\HARDWARE\\EXTI\\exti.c               0x00000000   Number         0  exti.o ABSOLUTE
    ..\\HARDWARE\\KEY\\key.c                 0x00000000   Number         0  key.o ABSOLUTE
    ..\\HARDWARE\\LED\\led.c                 0x00000000   Number         0  led.o ABSOLUTE
    ..\\SYSTEM\\delay\\delay.c               0x00000000   Number         0  delay.o ABSOLUTE
    ..\\SYSTEM\\sys\\sys.c                   0x00000000   Number         0  sys.o ABSOLUTE
    ..\\SYSTEM\\usart\\usart.c               0x00000000   Number         0  usart.o ABSOLUTE
    dc.s                                     0x00000000   Number         0  dc.o ABSOLUTE
    main.c                                   0x00000000   Number         0  main.o ABSOLUTE
    main.c                                   0x00000000   Number         0  main.o ABSOLUTE
    stm32f4xx_it.c                           0x00000000   Number         0  stm32f4xx_it.o ABSOLUTE
    stm32f4xx_it.c                           0x00000000   Number         0  stm32f4xx_it.o ABSOLUTE
    system_stm32f4xx.c                       0x00000000   Number         0  system_stm32f4xx.o ABSOLUTE
    system_stm32f4xx.c                       0x00000000   Number         0  system_stm32f4xx.o ABSOLUTE
    RESET                                    0x08000000   Section      392  startup_stm32f40_41xxx.o(RESET)
    !!!main                                  0x08000188   Section        8  __main.o(!!!main)
    !!!scatter                               0x08000190   Section       52  __scatter.o(!!!scatter)
    !!handler_copy                           0x080001c4   Section       26  __scatter_copy.o(!!handler_copy)
    !!handler_zi                             0x080001e0   Section       28  __scatter_zi.o(!!handler_zi)
    .ARM.Collect$$_printf_percent$$00000000  0x080001fc   Section        0  _printf_percent.o(.ARM.Collect$$_printf_percent$$00000000)
    .ARM.Collect$$_printf_percent$$00000009  0x080001fc   Section        6  _printf_d.o(.ARM.Collect$$_printf_percent$$00000009)
    .ARM.Collect$$_printf_percent$$00000017  0x08000202   Section        4  _printf_percent_end.o(.ARM.Collect$$_printf_percent$$00000017)
    .ARM.Collect$$libinit$$00000000          0x08000206   Section        2  libinit.o(.ARM.Collect$$libinit$$00000000)
    .ARM.Collect$$libinit$$00000001          0x08000208   Section        4  libinit2.o(.ARM.Collect$$libinit$$00000001)
    .ARM.Collect$$libinit$$00000004          0x0800020c   Section        0  libinit2.o(.ARM.Collect$$libinit$$00000004)
    .ARM.Collect$$libinit$$0000000A          0x0800020c   Section        0  libinit2.o(.ARM.Collect$$libinit$$0000000A)
    .ARM.Collect$$libinit$$0000000C          0x0800020c   Section        0  libinit2.o(.ARM.Collect$$libinit$$0000000C)
    .ARM.Collect$$libinit$$0000000E          0x0800020c   Section        0  libinit2.o(.ARM.Collect$$libinit$$0000000E)
    .ARM.Collect$$libinit$$00000011          0x0800020c   Section        0  libinit2.o(.ARM.Collect$$libinit$$00000011)
    .ARM.Collect$$libinit$$00000013          0x0800020c   Section        0  libinit2.o(.ARM.Collect$$libinit$$00000013)
    .ARM.Collect$$libinit$$00000015          0x0800020c   Section        0  libinit2.o(.ARM.Collect$$libinit$$00000015)
    .ARM.Collect$$libinit$$00000017          0x0800020c   Section        0  libinit2.o(.ARM.Collect$$libinit$$00000017)
    .ARM.Collect$$libinit$$00000019          0x0800020c   Section        0  libinit2.o(.ARM.Collect$$libinit$$00000019)
    .ARM.Collect$$libinit$$0000001B          0x0800020c   Section        0  libinit2.o(.ARM.Collect$$libinit$$0000001B)
    .ARM.Collect$$libinit$$0000001D          0x0800020c   Section        0  libinit2.o(.ARM.Collect$$libinit$$0000001D)
    .ARM.Collect$$libinit$$0000001F          0x0800020c   Section        0  libinit2.o(.ARM.Collect$$libinit$$0000001F)
    .ARM.Collect$$libinit$$00000021          0x0800020c   Section        0  libinit2.o(.ARM.Collect$$libinit$$00000021)
    .ARM.Collect$$libinit$$00000023          0x0800020c   Section        0  libinit2.o(.ARM.Collect$$libinit$$00000023)
    .ARM.Collect$$libinit$$00000025          0x0800020c   Section        0  libinit2.o(.ARM.Collect$$libinit$$00000025)
    .ARM.Collect$$libinit$$0000002C          0x0800020c   Section        0  libinit2.o(.ARM.Collect$$libinit$$0000002C)
    .ARM.Collect$$libinit$$0000002E          0x0800020c   Section        0  libinit2.o(.ARM.Collect$$libinit$$0000002E)
    .ARM.Collect$$libinit$$00000030          0x0800020c   Section        0  libinit2.o(.ARM.Collect$$libinit$$00000030)
    .ARM.Collect$$libinit$$00000032          0x0800020c   Section        0  libinit2.o(.ARM.Collect$$libinit$$00000032)
    .ARM.Collect$$libinit$$00000033          0x0800020c   Section        2  libinit2.o(.ARM.Collect$$libinit$$00000033)
    .ARM.Collect$$libshutdown$$00000000      0x0800020e   Section        2  libshutdown.o(.ARM.Collect$$libshutdown$$00000000)
    .ARM.Collect$$libshutdown$$00000002      0x08000210   Section        0  libshutdown2.o(.ARM.Collect$$libshutdown$$00000002)
    .ARM.Collect$$libshutdown$$00000004      0x08000210   Section        0  libshutdown2.o(.ARM.Collect$$libshutdown$$00000004)
    .ARM.Collect$$libshutdown$$00000007      0x08000210   Section        0  libshutdown2.o(.ARM.Collect$$libshutdown$$00000007)
    .ARM.Collect$$libshutdown$$0000000A      0x08000210   Section        0  libshutdown2.o(.ARM.Collect$$libshutdown$$0000000A)
    .ARM.Collect$$libshutdown$$0000000C      0x08000210   Section        0  libshutdown2.o(.ARM.Collect$$libshutdown$$0000000C)
    .ARM.Collect$$libshutdown$$0000000F      0x08000210   Section        0  libshutdown2.o(.ARM.Collect$$libshutdown$$0000000F)
    .ARM.Collect$$libshutdown$$00000010      0x08000210   Section        2  libshutdown2.o(.ARM.Collect$$libshutdown$$00000010)
    .ARM.Collect$$rtentry$$00000000          0x08000212   Section        0  __rtentry.o(.ARM.Collect$$rtentry$$00000000)
    .ARM.Collect$$rtentry$$00000002          0x08000212   Section        0  __rtentry2.o(.ARM.Collect$$rtentry$$00000002)
    .ARM.Collect$$rtentry$$00000004          0x08000212   Section        6  __rtentry4.o(.ARM.Collect$$rtentry$$00000004)
    .ARM.Collect$$rtentry$$00000009          0x08000218   Section        0  __rtentry2.o(.ARM.Collect$$rtentry$$00000009)
    .ARM.Collect$$rtentry$$0000000A          0x08000218   Section        4  __rtentry2.o(.ARM.Collect$$rtentry$$0000000A)
    .ARM.Collect$$rtentry$$0000000C          0x0800021c   Section        0  __rtentry2.o(.ARM.Collect$$rtentry$$0000000C)
    .ARM.Collect$$rtentry$$0000000D          0x0800021c   Section        8  __rtentry2.o(.ARM.Collect$$rtentry$$0000000D)
    .ARM.Collect$$rtexit$$00000000           0x08000224   Section        2  rtexit.o(.ARM.Collect$$rtexit$$00000000)
    .ARM.Collect$$rtexit$$00000002           0x08000226   Section        0  rtexit2.o(.ARM.Collect$$rtexit$$00000002)
    .ARM.Collect$$rtexit$$00000003           0x08000226   Section        4  rtexit2.o(.ARM.Collect$$rtexit$$00000003)
    .ARM.Collect$$rtexit$$00000004           0x0800022a   Section        6  rtexit2.o(.ARM.Collect$$rtexit$$00000004)
    .emb_text                                0x08000230   Section      190  port.o(.emb_text)
    $v0                                      0x08000230   Number         0  port.o(.emb_text)
    .text                                    0x080002f0   Section       64  startup_stm32f40_41xxx.o(.text)
    $v0                                      0x080002f0   Number         0  startup_stm32f40_41xxx.o(.text)
    .text                                    0x08000330   Section        2  use_no_semi_2.o(.text)
    .text                                    0x08000334   Section        0  noretval__2printf.o(.text)
    .text                                    0x0800034c   Section        0  __printf.o(.text)
    .text                                    0x080003b4   Section        0  _printf_dec.o(.text)
    .text                                    0x0800042c   Section      138  rt_memcpy_v6.o(.text)
    .text                                    0x080004b6   Section       16  aeabi_memset.o(.text)
    .text                                    0x080004c6   Section       78  rt_memclr_w.o(.text)
    .text                                    0x08000514   Section        0  heapauxi.o(.text)
    .text                                    0x0800051a   Section        2  use_no_semi.o(.text)
    .text                                    0x0800051c   Section        0  _printf_intcommon.o(.text)
    .text                                    0x080005d0   Section        0  _printf_char_file.o(.text)
    .text                                    0x080005f4   Section      100  rt_memcpy_w.o(.text)
    .text                                    0x08000658   Section       68  rt_memclr.o(.text)
    .text                                    0x0800069c   Section        0  _printf_char_common.o(.text)
    _printf_input_char                       0x0800069d   Thumb Code    10  _printf_char_common.o(.text)
    .text                                    0x080006cc   Section        0  ferror.o(.text)
    .text                                    0x080006d4   Section       74  sys_stackheap_outer.o(.text)
    .text                                    0x0800071e   Section        0  exit.o(.text)
    .text                                    0x08000730   Section        8  libspace.o(.text)
    i.BusFault_Handler                       0x08000738   Section        0  stm32f4xx_it.o(i.BusFault_Handler)
    i.DebugMon_Handler                       0x0800073c   Section        0  stm32f4xx_it.o(i.DebugMon_Handler)
    i.EXTI4_IRQHandler                       0x08000740   Section        0  exti.o(i.EXTI4_IRQHandler)
    i.EXTIX_Init                             0x080007a0   Section        0  exti.o(i.EXTIX_Init)
    i.EXTI_ClearITPendingBit                 0x080007f0   Section        0  stm32f4xx_exti.o(i.EXTI_ClearITPendingBit)
    i.EXTI_Init                              0x080007fc   Section        0  stm32f4xx_exti.o(i.EXTI_Init)
    i.GPIO_Init                              0x08000890   Section        0  stm32f4xx_gpio.o(i.GPIO_Init)
    i.GPIO_PinAFConfig                       0x08000920   Section        0  stm32f4xx_gpio.o(i.GPIO_PinAFConfig)
    i.GPIO_ReadInputDataBit                  0x08000966   Section        0  stm32f4xx_gpio.o(i.GPIO_ReadInputDataBit)
    i.GPIO_SetBits                           0x08000978   Section        0  stm32f4xx_gpio.o(i.GPIO_SetBits)
    i.HardFault_Handler                      0x0800097c   Section        0  stm32f4xx_it.o(i.HardFault_Handler)
    i.KeyInit                                0x08000980   Section        0  key.o(i.KeyInit)
    i.KeyScan                                0x080009c4   Section        0  key.o(i.KeyScan)
    i.LED_Init                               0x08000a8c   Section        0  led.o(i.LED_Init)
    i.MemManage_Handler                      0x08000acc   Section        0  stm32f4xx_it.o(i.MemManage_Handler)
    i.NMI_Handler                            0x08000ad0   Section        0  stm32f4xx_it.o(i.NMI_Handler)
    i.NVIC_Init                              0x08000ad4   Section        0  misc.o(i.NVIC_Init)
    i.NVIC_PriorityGroupConfig               0x08000b4c   Section        0  misc.o(i.NVIC_PriorityGroupConfig)
    i.RCC_AHB1PeriphClockCmd                 0x08000b60   Section        0  stm32f4xx_rcc.o(i.RCC_AHB1PeriphClockCmd)
    i.RCC_APB2PeriphClockCmd                 0x08000b80   Section        0  stm32f4xx_rcc.o(i.RCC_APB2PeriphClockCmd)
    i.RCC_GetClocksFreq                      0x08000ba0   Section        0  stm32f4xx_rcc.o(i.RCC_GetClocksFreq)
    i.SYSCFG_EXTILineConfig                  0x08000c88   Section        0  stm32f4xx_syscfg.o(i.SYSCFG_EXTILineConfig)
    i.SetSysClock                            0x08000cc8   Section        0  system_stm32f4xx.o(i.SetSysClock)
    SetSysClock                              0x08000cc9   Thumb Code   220  system_stm32f4xx.o(i.SetSysClock)
    i.SysTick_CLKSourceConfig                0x08000db4   Section        0  misc.o(i.SysTick_CLKSourceConfig)
    i.SysTick_Handler                        0x08000ddc   Section        0  delay.o(i.SysTick_Handler)
    i.SystemInit                             0x08000dec   Section        0  system_stm32f4xx.o(i.SystemInit)
    i.USART1_IRQHandler                      0x08000e54   Section        0  usart.o(i.USART1_IRQHandler)
    i.USART_Cmd                              0x08000edc   Section        0  stm32f4xx_usart.o(i.USART_Cmd)
    i.USART_GetITStatus                      0x08000ef4   Section        0  stm32f4xx_usart.o(i.USART_GetITStatus)
    i.USART_ITConfig                         0x08000f48   Section        0  stm32f4xx_usart.o(i.USART_ITConfig)
    i.USART_Init                             0x08000f94   Section        0  stm32f4xx_usart.o(i.USART_Init)
    i.USART_ReceiveData                      0x08001068   Section        0  stm32f4xx_usart.o(i.USART_ReceiveData)
    i.UsageFault_Handler                     0x08001072   Section        0  stm32f4xx_it.o(i.UsageFault_Handler)
    i._sys_exit                              0x08001076   Section        0  usart.o(i._sys_exit)
    i.delay_init                             0x0800107c   Section        0  delay.o(i.delay_init)
    i.delay_us                               0x080010c0   Section        0  delay.o(i.delay_us)
    i.delay_xms                              0x08001108   Section        0  delay.o(i.delay_xms)
    i.fputc                                  0x08001120   Section        0  usart.o(i.fputc)
    i.key_Task                               0x0800113c   Section        0  main.o(i.key_Task)
    i.main                                   0x080011c4   Section        0  main.o(i.main)
    i.prvAddCurrentTaskToDelayedList         0x08001210   Section        0  tasks.o(i.prvAddCurrentTaskToDelayedList)
    prvAddCurrentTaskToDelayedList           0x08001211   Thumb Code   164  tasks.o(i.prvAddCurrentTaskToDelayedList)
    i.prvAddNewTaskToReadyList               0x080012d0   Section        0  tasks.o(i.prvAddNewTaskToReadyList)
    prvAddNewTaskToReadyList                 0x080012d1   Thumb Code   206  tasks.o(i.prvAddNewTaskToReadyList)
    i.prvCheckForValidListAndQueue           0x080013bc   Section        0  timers.o(i.prvCheckForValidListAndQueue)
    prvCheckForValidListAndQueue             0x080013bd   Thumb Code    72  timers.o(i.prvCheckForValidListAndQueue)
    i.prvCheckTasksWaitingTermination        0x08001420   Section        0  tasks.o(i.prvCheckTasksWaitingTermination)
    prvCheckTasksWaitingTermination          0x08001421   Thumb Code    60  tasks.o(i.prvCheckTasksWaitingTermination)
    i.prvCopyDataFromQueue                   0x08001468   Section        0  queue.o(i.prvCopyDataFromQueue)
    prvCopyDataFromQueue                     0x08001469   Thumb Code    42  queue.o(i.prvCopyDataFromQueue)
    i.prvDeleteTCB                           0x08001492   Section        0  tasks.o(i.prvDeleteTCB)
    prvDeleteTCB                             0x08001493   Thumb Code    18  tasks.o(i.prvDeleteTCB)
    i.prvGetNextExpireTime                   0x080014a4   Section        0  timers.o(i.prvGetNextExpireTime)
    prvGetNextExpireTime                     0x080014a5   Thumb Code    36  timers.o(i.prvGetNextExpireTime)
    i.prvHeapInit                            0x080014cc   Section        0  heap_4.o(i.prvHeapInit)
    prvHeapInit                              0x080014cd   Thumb Code    98  heap_4.o(i.prvHeapInit)
    i.prvIdleTask                            0x08001548   Section        0  tasks.o(i.prvIdleTask)
    prvIdleTask                              0x08001549   Thumb Code    32  tasks.o(i.prvIdleTask)
    i.prvInitialiseNewQueue                  0x08001570   Section        0  queue.o(i.prvInitialiseNewQueue)
    prvInitialiseNewQueue                    0x08001571   Thumb Code    42  queue.o(i.prvInitialiseNewQueue)
    i.prvInitialiseNewTask                   0x0800159a   Section        0  tasks.o(i.prvInitialiseNewTask)
    prvInitialiseNewTask                     0x0800159b   Thumb Code   224  tasks.o(i.prvInitialiseNewTask)
    i.prvInitialiseTaskLists                 0x0800167c   Section        0  tasks.o(i.prvInitialiseTaskLists)
    prvInitialiseTaskLists                   0x0800167d   Thumb Code    70  tasks.o(i.prvInitialiseTaskLists)
    i.prvInsertBlockIntoFreeList             0x080016e4   Section        0  heap_4.o(i.prvInsertBlockIntoFreeList)
    prvInsertBlockIntoFreeList               0x080016e5   Thumb Code    96  heap_4.o(i.prvInsertBlockIntoFreeList)
    i.prvInsertTimerInActiveList             0x0800174c   Section        0  timers.o(i.prvInsertTimerInActiveList)
    prvInsertTimerInActiveList               0x0800174d   Thumb Code    80  timers.o(i.prvInsertTimerInActiveList)
    i.prvIsQueueEmpty                        0x080017a4   Section        0  queue.o(i.prvIsQueueEmpty)
    prvIsQueueEmpty                          0x080017a5   Thumb Code    26  queue.o(i.prvIsQueueEmpty)
    i.prvProcessExpiredTimer                 0x080017c0   Section        0  timers.o(i.prvProcessExpiredTimer)
    prvProcessExpiredTimer                   0x080017c1   Thumb Code    62  timers.o(i.prvProcessExpiredTimer)
    i.prvProcessReceivedCommands             0x08001804   Section        0  timers.o(i.prvProcessReceivedCommands)
    prvProcessReceivedCommands               0x08001805   Thumb Code   280  timers.o(i.prvProcessReceivedCommands)
    i.prvProcessTimerOrBlockTask             0x08001920   Section        0  timers.o(i.prvProcessTimerOrBlockTask)
    prvProcessTimerOrBlockTask               0x08001921   Thumb Code   102  timers.o(i.prvProcessTimerOrBlockTask)
    i.prvReloadTimer                         0x08001994   Section        0  timers.o(i.prvReloadTimer)
    prvReloadTimer                           0x08001995   Thumb Code    40  timers.o(i.prvReloadTimer)
    i.prvResetNextTaskUnblockTime            0x080019bc   Section        0  tasks.o(i.prvResetNextTaskUnblockTime)
    prvResetNextTaskUnblockTime              0x080019bd   Thumb Code    40  tasks.o(i.prvResetNextTaskUnblockTime)
    i.prvSampleTimeNow                       0x080019ec   Section        0  timers.o(i.prvSampleTimeNow)
    prvSampleTimeNow                         0x080019ed   Thumb Code    40  timers.o(i.prvSampleTimeNow)
    i.prvSwitchTimerLists                    0x08001a18   Section        0  timers.o(i.prvSwitchTimerLists)
    prvSwitchTimerLists                      0x08001a19   Thumb Code    58  timers.o(i.prvSwitchTimerLists)
    i.prvTaskExitError                       0x08001a5c   Section        0  port.o(i.prvTaskExitError)
    prvTaskExitError                         0x08001a5d   Thumb Code    60  port.o(i.prvTaskExitError)
    i.prvTaskIsTaskSuspended                 0x08001a9c   Section        0  tasks.o(i.prvTaskIsTaskSuspended)
    prvTaskIsTaskSuspended                   0x08001a9d   Thumb Code    80  tasks.o(i.prvTaskIsTaskSuspended)
    i.prvTimerTask                           0x08001af4   Section        0  timers.o(i.prvTimerTask)
    prvTimerTask                             0x08001af5   Thumb Code    26  timers.o(i.prvTimerTask)
    i.prvUnlockQueue                         0x08001b0e   Section        0  queue.o(i.prvUnlockQueue)
    prvUnlockQueue                           0x08001b0f   Thumb Code   126  queue.o(i.prvUnlockQueue)
    i.pvPortMalloc                           0x08001b8c   Section        0  heap_4.o(i.pvPortMalloc)
    i.pxPortInitialiseStack                  0x08001cf8   Section        0  port.o(i.pxPortInitialiseStack)
    i.start_Task                             0x08001d24   Section        0  main.o(i.start_Task)
    i.task1_Task                             0x08001da0   Section        0  main.o(i.task1_Task)
    i.task2_Task                             0x08001ddc   Section        0  main.o(i.task2_Task)
    i.uart_init                              0x08001e24   Section        0  usart.o(i.uart_init)
    i.uxListRemove                           0x08001ed0   Section        0  list.o(i.uxListRemove)
    i.vListInitialise                        0x08001ef8   Section        0  list.o(i.vListInitialise)
    i.vListInitialiseItem                    0x08001f12   Section        0  list.o(i.vListInitialiseItem)
    i.vListInsert                            0x08001f18   Section        0  list.o(i.vListInsert)
    i.vListInsertEnd                         0x08001f4c   Section        0  list.o(i.vListInsertEnd)
    i.vPortEnterCritical                     0x08001f64   Section        0  port.o(i.vPortEnterCritical)
    i.vPortExitCritical                      0x08001fb8   Section        0  port.o(i.vPortExitCritical)
    i.vPortFree                              0x08001ff4   Section        0  heap_4.o(i.vPortFree)
    i.vPortSetupTimerInterrupt               0x08002098   Section        0  port.o(i.vPortSetupTimerInterrupt)
    i.vPortValidateInterruptPriority         0x080020c0   Section        0  port.o(i.vPortValidateInterruptPriority)
    i.vQueueAddToRegistry                    0x08002138   Section        0  queue.o(i.vQueueAddToRegistry)
    i.vQueueWaitForMessageRestricted         0x08002198   Section        0  queue.o(i.vQueueWaitForMessageRestricted)
    i.vTaskDelay                             0x080021e4   Section        0  tasks.o(i.vTaskDelay)
    i.vTaskDelete                            0x08002240   Section        0  tasks.o(i.vTaskDelete)
    i.vTaskInternalSetTimeOutState           0x0800233c   Section        0  tasks.o(i.vTaskInternalSetTimeOutState)
    i.vTaskMissedYield                       0x08002354   Section        0  tasks.o(i.vTaskMissedYield)
    i.vTaskPlaceOnEventList                  0x08002360   Section        0  tasks.o(i.vTaskPlaceOnEventList)
    i.vTaskPlaceOnEventListRestricted        0x08002398   Section        0  tasks.o(i.vTaskPlaceOnEventListRestricted)
    i.vTaskResume                            0x080023fc   Section        0  tasks.o(i.vTaskResume)
    i.vTaskStartScheduler                    0x080024c0   Section        0  tasks.o(i.vTaskStartScheduler)
    i.vTaskSuspend                           0x0800255c   Section        0  tasks.o(i.vTaskSuspend)
    i.vTaskSuspendAll                        0x0800265c   Section        0  tasks.o(i.vTaskSuspendAll)
    i.vTaskSwitchContext                     0x0800266c   Section        0  tasks.o(i.vTaskSwitchContext)
    i.xPortStartScheduler                    0x080026f8   Section        0  port.o(i.xPortStartScheduler)
    i.xPortSysTickHandler                    0x08002860   Section        0  port.o(i.xPortSysTickHandler)
    i.xQueueGenericCreate                    0x08002894   Section        0  queue.o(i.xQueueGenericCreate)
    i.xQueueGenericReset                     0x080028fc   Section        0  queue.o(i.xQueueGenericReset)
    i.xQueueReceive                          0x080029d8   Section        0  queue.o(i.xQueueReceive)
    i.xTaskCheckForTimeOut                   0x08002b40   Section        0  tasks.o(i.xTaskCheckForTimeOut)
    i.xTaskCreate                            0x08002bd0   Section        0  tasks.o(i.xTaskCreate)
    i.xTaskGetSchedulerState                 0x08002c30   Section        0  tasks.o(i.xTaskGetSchedulerState)
    i.xTaskGetTickCount                      0x08002c50   Section        0  tasks.o(i.xTaskGetTickCount)
    i.xTaskIncrementTick                     0x08002c5c   Section        0  tasks.o(i.xTaskIncrementTick)
    i.xTaskRemoveFromEventList               0x08002e18   Section        0  tasks.o(i.xTaskRemoveFromEventList)
    i.xTaskResumeAll                         0x08002f38   Section        0  tasks.o(i.xTaskResumeAll)
    i.xTaskResumeFromISR                     0x080030b0   Section        0  tasks.o(i.xTaskResumeFromISR)
    i.xTimerCreateTimerTask                  0x080031a4   Section        0  timers.o(i.xTimerCreateTimerTask)
    x$fpl$fpinit                             0x080031fc   Section       10  fpinit.o(x$fpl$fpinit)
    $v0                                      0x080031fc   Number         0  fpinit.o(x$fpl$fpinit)
    .data                                    0x20000000   Section       64  main.o(.data)
    .data                                    0x20000040   Section       20  system_stm32f4xx.o(.data)
    .data                                    0x20000054   Section        1  key.o(.data)
    key_up                                   0x20000054   Data           1  key.o(.data)
    .data                                    0x20000056   Section        4  delay.o(.data)
    fac_us                                   0x20000056   Data           1  delay.o(.data)
    fac_ms                                   0x20000058   Data           2  delay.o(.data)
    .data                                    0x2000005c   Section        6  usart.o(.data)
    .data                                    0x20000062   Section       16  stm32f4xx_rcc.o(.data)
    APBAHBPrescTable                         0x20000062   Data          16  stm32f4xx_rcc.o(.data)
    .data                                    0x20000074   Section       64  tasks.o(.data)
    pxDelayedTaskList                        0x20000078   Data           4  tasks.o(.data)
    pxOverflowDelayedTaskList                0x2000007c   Data           4  tasks.o(.data)
    uxDeletedTasksWaitingCleanUp             0x20000080   Data           4  tasks.o(.data)
    uxCurrentNumberOfTasks                   0x20000084   Data           4  tasks.o(.data)
    xTickCount                               0x20000088   Data           4  tasks.o(.data)
    uxTopReadyPriority                       0x2000008c   Data           4  tasks.o(.data)
    xSchedulerRunning                        0x20000090   Data           4  tasks.o(.data)
    xPendedTicks                             0x20000094   Data           4  tasks.o(.data)
    xYieldPending                            0x20000098   Data           4  tasks.o(.data)
    xNumOfOverflows                          0x2000009c   Data           4  tasks.o(.data)
    uxTaskNumber                             0x200000a0   Data           4  tasks.o(.data)
    xNextTaskUnblockTime                     0x200000a4   Data           4  tasks.o(.data)
    xIdleTaskHandle                          0x200000a8   Data           4  tasks.o(.data)
    uxSchedulerSuspended                     0x200000b0   Data           4  tasks.o(.data)
    .data                                    0x200000b4   Section       20  timers.o(.data)
    pxCurrentTimerList                       0x200000b4   Data           4  timers.o(.data)
    pxOverflowTimerList                      0x200000b8   Data           4  timers.o(.data)
    xTimerQueue                              0x200000bc   Data           4  timers.o(.data)
    xTimerTaskHandle                         0x200000c0   Data           4  timers.o(.data)
    xLastTime                                0x200000c4   Data           4  timers.o(.data)
    .data                                    0x200000c8   Section       12  port.o(.data)
    uxCriticalNesting                        0x200000c8   Data           4  port.o(.data)
    ucMaxSysCallPriority                     0x200000cc   Data           1  port.o(.data)
    ulMaxPRIGROUPValue                       0x200000d0   Data           4  port.o(.data)
    .data                                    0x200000d4   Section       32  heap_4.o(.data)
    xStart                                   0x200000d4   Data           8  heap_4.o(.data)
    pxEnd                                    0x200000dc   Data           4  heap_4.o(.data)
    xFreeBytesRemaining                      0x200000e0   Data           4  heap_4.o(.data)
    xMinimumEverFreeBytesRemaining           0x200000e4   Data           4  heap_4.o(.data)
    xNumberOfSuccessfulAllocations           0x200000e8   Data           4  heap_4.o(.data)
    xNumberOfSuccessfulFrees                 0x200000ec   Data           4  heap_4.o(.data)
    xBlockAllocatedBit                       0x200000f0   Data           4  heap_4.o(.data)
    .bss                                     0x200000f4   Section      200  usart.o(.bss)
    .bss                                     0x200001bc   Section       64  queue.o(.bss)
    .bss                                     0x200001fc   Section      200  tasks.o(.bss)
    pxReadyTasksLists                        0x200001fc   Data         100  tasks.o(.bss)
    xDelayedTaskList1                        0x20000260   Data          20  tasks.o(.bss)
    xDelayedTaskList2                        0x20000274   Data          20  tasks.o(.bss)
    xPendingReadyList                        0x20000288   Data          20  tasks.o(.bss)
    xTasksWaitingTermination                 0x2000029c   Data          20  tasks.o(.bss)
    xSuspendedTaskList                       0x200002b0   Data          20  tasks.o(.bss)
    .bss                                     0x200002c4   Section       40  timers.o(.bss)
    xActiveTimerList1                        0x200002c4   Data          20  timers.o(.bss)
    xActiveTimerList2                        0x200002d8   Data          20  timers.o(.bss)
    .bss                                     0x200002ec   Section    76800  heap_4.o(.bss)
    ucHeap                                   0x200002ec   Data       76800  heap_4.o(.bss)
    .bss                                     0x20012eec   Section       96  libspace.o(.bss)
    HEAP                                     0x20012f50   Section      512  startup_stm32f40_41xxx.o(HEAP)
    Heap_Mem                                 0x20012f50   Data         512  startup_stm32f40_41xxx.o(HEAP)
    STACK                                    0x20013150   Section     1024  startup_stm32f40_41xxx.o(STACK)
    Stack_Mem                                0x20013150   Data        1024  startup_stm32f40_41xxx.o(STACK)
    __initial_sp                             0x20013550   Data           0  startup_stm32f40_41xxx.o(STACK)

    Global Symbols

    Symbol Name                              Value     Ov Type        Size  Object(Section)

    BuildAttributes$$THM_ISAv4$E$P$D$K$B$S$7EM$VFPi3$EXTD16$VFPS$VFMA$PE$A:L22UL41UL21$X:L11$S22US41US21$IEEE1$IW$USESV6$~STKCKD$USESV7$~SHL$OSPACE$ROPI$EBA8$UX$STANDARDLIB$REQ8$PRES8$EABIv2 0x00000000   Number         0  anon$$obj.o ABSOLUTE
    __ARM_use_no_argv                        0x00000000   Number         0  main.o ABSOLUTE
    __ARM_exceptions_init                     - Undefined Weak Reference
    __alloca_initialize                       - Undefined Weak Reference
    __arm_preinit_                            - Undefined Weak Reference
    __cpp_initialize__aeabi_                  - Undefined Weak Reference
    __cxa_finalize                            - Undefined Weak Reference
    __rt_locale                               - Undefined Weak Reference
    __sigvec_lookup                           - Undefined Weak Reference
    _atexit_init                              - Undefined Weak Reference
    _call_atexit_fns                          - Undefined Weak Reference
    _clock_init                               - Undefined Weak Reference
    _fp_trap_init                             - Undefined Weak Reference
    _fp_trap_shutdown                         - Undefined Weak Reference
    _get_lc_collate                           - Undefined Weak Reference
    _get_lc_ctype                             - Undefined Weak Reference
    _get_lc_monetary                          - Undefined Weak Reference
    _get_lc_numeric                           - Undefined Weak Reference
    _get_lc_time                              - Undefined Weak Reference
    _getenv_init                              - Undefined Weak Reference
    _handle_redirection                       - Undefined Weak Reference
    _init_alloc                               - Undefined Weak Reference
    _init_user_alloc                          - Undefined Weak Reference
    _initio                                   - Undefined Weak Reference
    _mutex_acquire                            - Undefined Weak Reference
    _mutex_release                            - Undefined Weak Reference
    _printf_post_padding                      - Undefined Weak Reference
    _printf_pre_padding                       - Undefined Weak Reference
    _printf_truncate_signed                   - Undefined Weak Reference
    _printf_truncate_unsigned                 - Undefined Weak Reference
    _rand_init                                - Undefined Weak Reference
    _signal_finish                            - Undefined Weak Reference
    _signal_init                              - Undefined Weak Reference
    _terminate_alloc                          - Undefined Weak Reference
    _terminate_user_alloc                     - Undefined Weak Reference
    _terminateio                              - Undefined Weak Reference
    __Vectors_Size                           0x00000188   Number         0  startup_stm32f40_41xxx.o ABSOLUTE
    __Vectors                                0x08000000   Data           4  startup_stm32f40_41xxx.o(RESET)
    __Vectors_End                            0x08000188   Data           0  startup_stm32f40_41xxx.o(RESET)
    __main                                   0x08000189   Thumb Code     8  __main.o(!!!main)
    __scatterload                            0x08000191   Thumb Code     0  __scatter.o(!!!scatter)
    __scatterload_rt2                        0x08000191   Thumb Code    44  __scatter.o(!!!scatter)
    __scatterload_rt2_thumb_only             0x08000191   Thumb Code     0  __scatter.o(!!!scatter)
    __scatterload_null                       0x0800019f   Thumb Code     0  __scatter.o(!!!scatter)
    __scatterload_copy                       0x080001c5   Thumb Code    26  __scatter_copy.o(!!handler_copy)
    __scatterload_zeroinit                   0x080001e1   Thumb Code    28  __scatter_zi.o(!!handler_zi)
    _printf_d                                0x080001fd   Thumb Code     0  _printf_d.o(.ARM.Collect$$_printf_percent$$00000009)
    _printf_percent                          0x080001fd   Thumb Code     0  _printf_percent.o(.ARM.Collect$$_printf_percent$$00000000)
    _printf_percent_end                      0x08000203   Thumb Code     0  _printf_percent_end.o(.ARM.Collect$$_printf_percent$$00000017)
    __rt_lib_init                            0x08000207   Thumb Code     0  libinit.o(.ARM.Collect$$libinit$$00000000)
    __rt_lib_init_fp_1                       0x08000209   Thumb Code     0  libinit2.o(.ARM.Collect$$libinit$$00000001)
    __rt_lib_init_alloca_1                   0x0800020d   Thumb Code     0  libinit2.o(.ARM.Collect$$libinit$$0000002E)
    __rt_lib_init_argv_1                     0x0800020d   Thumb Code     0  libinit2.o(.ARM.Collect$$libinit$$0000002C)
    __rt_lib_init_atexit_1                   0x0800020d   Thumb Code     0  libinit2.o(.ARM.Collect$$libinit$$0000001B)
    __rt_lib_init_clock_1                    0x0800020d   Thumb Code     0  libinit2.o(.ARM.Collect$$libinit$$00000021)
    __rt_lib_init_cpp_1                      0x0800020d   Thumb Code     0  libinit2.o(.ARM.Collect$$libinit$$00000032)
    __rt_lib_init_exceptions_1               0x0800020d   Thumb Code     0  libinit2.o(.ARM.Collect$$libinit$$00000030)
    __rt_lib_init_fp_trap_1                  0x0800020d   Thumb Code     0  libinit2.o(.ARM.Collect$$libinit$$0000001F)
    __rt_lib_init_getenv_1                   0x0800020d   Thumb Code     0  libinit2.o(.ARM.Collect$$libinit$$00000023)
    __rt_lib_init_heap_1                     0x0800020d   Thumb Code     0  libinit2.o(.ARM.Collect$$libinit$$0000000A)
    __rt_lib_init_lc_collate_1               0x0800020d   Thumb Code     0  libinit2.o(.ARM.Collect$$libinit$$00000011)
    __rt_lib_init_lc_ctype_1                 0x0800020d   Thumb Code     0  libinit2.o(.ARM.Collect$$libinit$$00000013)
    __rt_lib_init_lc_monetary_1              0x0800020d   Thumb Code     0  libinit2.o(.ARM.Collect$$libinit$$00000015)
    __rt_lib_init_lc_numeric_1               0x0800020d   Thumb Code     0  libinit2.o(.ARM.Collect$$libinit$$00000017)
    __rt_lib_init_lc_time_1                  0x0800020d   Thumb Code     0  libinit2.o(.ARM.Collect$$libinit$$00000019)
    __rt_lib_init_preinit_1                  0x0800020d   Thumb Code     0  libinit2.o(.ARM.Collect$$libinit$$00000004)
    __rt_lib_init_rand_1                     0x0800020d   Thumb Code     0  libinit2.o(.ARM.Collect$$libinit$$0000000E)
    __rt_lib_init_return                     0x0800020d   Thumb Code     0  libinit2.o(.ARM.Collect$$libinit$$00000033)
    __rt_lib_init_signal_1                   0x0800020d   Thumb Code     0  libinit2.o(.ARM.Collect$$libinit$$0000001D)
    __rt_lib_init_stdio_1                    0x0800020d   Thumb Code     0  libinit2.o(.ARM.Collect$$libinit$$00000025)
    __rt_lib_init_user_alloc_1               0x0800020d   Thumb Code     0  libinit2.o(.ARM.Collect$$libinit$$0000000C)
    __rt_lib_shutdown                        0x0800020f   Thumb Code     0  libshutdown.o(.ARM.Collect$$libshutdown$$00000000)
    __rt_lib_shutdown_cpp_1                  0x08000211   Thumb Code     0  libshutdown2.o(.ARM.Collect$$libshutdown$$00000002)
    __rt_lib_shutdown_fp_trap_1              0x08000211   Thumb Code     0  libshutdown2.o(.ARM.Collect$$libshutdown$$00000007)
    __rt_lib_shutdown_heap_1                 0x08000211   Thumb Code     0  libshutdown2.o(.ARM.Collect$$libshutdown$$0000000F)
    __rt_lib_shutdown_return                 0x08000211   Thumb Code     0  libshutdown2.o(.ARM.Collect$$libshutdown$$00000010)
    __rt_lib_shutdown_signal_1               0x08000211   Thumb Code     0  libshutdown2.o(.ARM.Collect$$libshutdown$$0000000A)
    __rt_lib_shutdown_stdio_1                0x08000211   Thumb Code     0  libshutdown2.o(.ARM.Collect$$libshutdown$$00000004)
    __rt_lib_shutdown_user_alloc_1           0x08000211   Thumb Code     0  libshutdown2.o(.ARM.Collect$$libshutdown$$0000000C)
    __rt_entry                               0x08000213   Thumb Code     0  __rtentry.o(.ARM.Collect$$rtentry$$00000000)
    __rt_entry_presh_1                       0x08000213   Thumb Code     0  __rtentry2.o(.ARM.Collect$$rtentry$$00000002)
    __rt_entry_sh                            0x08000213   Thumb Code     0  __rtentry4.o(.ARM.Collect$$rtentry$$00000004)
    __rt_entry_li                            0x08000219   Thumb Code     0  __rtentry2.o(.ARM.Collect$$rtentry$$0000000A)
    __rt_entry_postsh_1                      0x08000219   Thumb Code     0  __rtentry2.o(.ARM.Collect$$rtentry$$00000009)
    __rt_entry_main                          0x0800021d   Thumb Code     0  __rtentry2.o(.ARM.Collect$$rtentry$$0000000D)
    __rt_entry_postli_1                      0x0800021d   Thumb Code     0  __rtentry2.o(.ARM.Collect$$rtentry$$0000000C)
    __rt_exit                                0x08000225   Thumb Code     0  rtexit.o(.ARM.Collect$$rtexit$$00000000)
    __rt_exit_ls                             0x08000227   Thumb Code     0  rtexit2.o(.ARM.Collect$$rtexit$$00000003)
    __rt_exit_prels_1                        0x08000227   Thumb Code     0  rtexit2.o(.ARM.Collect$$rtexit$$00000002)
    __rt_exit_exit                           0x0800022b   Thumb Code     0  rtexit2.o(.ARM.Collect$$rtexit$$00000004)
    SVC_Handler                              0x08000231   Thumb Code    28  port.o(.emb_text)
    __asm___6_port_c_39a90d8d__prvStartFirstTask 0x08000251   Thumb Code    36  port.o(.emb_text)
    __asm___6_port_c_39a90d8d__prvEnableVFP  0x08000279   Thumb Code    16  port.o(.emb_text)
    PendSV_Handler                           0x0800028d   Thumb Code    88  port.o(.emb_text)
    vPortGetIPSR                             0x080002e9   Thumb Code     6  port.o(.emb_text)
    Reset_Handler                            0x080002f1   Thumb Code     8  startup_stm32f40_41xxx.o(.text)
    ADC_IRQHandler                           0x0800030b   Thumb Code     0  startup_stm32f40_41xxx.o(.text)
    CAN1_RX0_IRQHandler                      0x0800030b   Thumb Code     0  startup_stm32f40_41xxx.o(.text)
    CAN1_RX1_IRQHandler                      0x0800030b   Thumb Code     0  startup_stm32f40_41xxx.o(.text)
    CAN1_SCE_IRQHandler                      0x0800030b   Thumb Code     0  startup_stm32f40_41xxx.o(.text)
    CAN1_TX_IRQHandler                       0x0800030b   Thumb Code     0  startup_stm32f40_41xxx.o(.text)
    CAN2_RX0_IRQHandler                      0x0800030b   Thumb Code     0  startup_stm32f40_41xxx.o(.text)
    CAN2_RX1_IRQHandler                      0x0800030b   Thumb Code     0  startup_stm32f40_41xxx.o(.text)
    CAN2_SCE_IRQHandler                      0x0800030b   Thumb Code     0  startup_stm32f40_41xxx.o(.text)
    CAN2_TX_IRQHandler                       0x0800030b   Thumb Code     0  startup_stm32f40_41xxx.o(.text)
    CRYP_IRQHandler                          0x0800030b   Thumb Code     0  startup_stm32f40_41xxx.o(.text)
    DCMI_IRQHandler                          0x0800030b   Thumb Code     0  startup_stm32f40_41xxx.o(.text)
    DMA1_Stream0_IRQHandler                  0x0800030b   Thumb Code     0  startup_stm32f40_41xxx.o(.text)
    DMA1_Stream1_IRQHandler                  0x0800030b   Thumb Code     0  startup_stm32f40_41xxx.o(.text)
    DMA1_Stream2_IRQHandler                  0x0800030b   Thumb Code     0  startup_stm32f40_41xxx.o(.text)
    DMA1_Stream3_IRQHandler                  0x0800030b   Thumb Code     0  startup_stm32f40_41xxx.o(.text)
    DMA1_Stream4_IRQHandler                  0x0800030b   Thumb Code     0  startup_stm32f40_41xxx.o(.text)
    DMA1_Stream5_IRQHandler                  0x0800030b   Thumb Code     0  startup_stm32f40_41xxx.o(.text)
    DMA1_Stream6_IRQHandler                  0x0800030b   Thumb Code     0  startup_stm32f40_41xxx.o(.text)
    DMA1_Stream7_IRQHandler                  0x0800030b   Thumb Code     0  startup_stm32f40_41xxx.o(.text)
    DMA2_Stream0_IRQHandler                  0x0800030b   Thumb Code     0  startup_stm32f40_41xxx.o(.text)
    DMA2_Stream1_IRQHandler                  0x0800030b   Thumb Code     0  startup_stm32f40_41xxx.o(.text)
    DMA2_Stream2_IRQHandler                  0x0800030b   Thumb Code     0  startup_stm32f40_41xxx.o(.text)
    DMA2_Stream3_IRQHandler                  0x0800030b   Thumb Code     0  startup_stm32f40_41xxx.o(.text)
    DMA2_Stream4_IRQHandler                  0x0800030b   Thumb Code     0  startup_stm32f40_41xxx.o(.text)
    DMA2_Stream5_IRQHandler                  0x0800030b   Thumb Code     0  startup_stm32f40_41xxx.o(.text)
    DMA2_Stream6_IRQHandler                  0x0800030b   Thumb Code     0  startup_stm32f40_41xxx.o(.text)
    DMA2_Stream7_IRQHandler                  0x0800030b   Thumb Code     0  startup_stm32f40_41xxx.o(.text)
    ETH_IRQHandler                           0x0800030b   Thumb Code     0  startup_stm32f40_41xxx.o(.text)
    ETH_WKUP_IRQHandler                      0x0800030b   Thumb Code     0  startup_stm32f40_41xxx.o(.text)
    EXTI0_IRQHandler                         0x0800030b   Thumb Code     0  startup_stm32f40_41xxx.o(.text)
    EXTI15_10_IRQHandler                     0x0800030b   Thumb Code     0  startup_stm32f40_41xxx.o(.text)
    EXTI1_IRQHandler                         0x0800030b   Thumb Code     0  startup_stm32f40_41xxx.o(.text)
    EXTI2_IRQHandler                         0x0800030b   Thumb Code     0  startup_stm32f40_41xxx.o(.text)
    EXTI3_IRQHandler                         0x0800030b   Thumb Code     0  startup_stm32f40_41xxx.o(.text)
    EXTI9_5_IRQHandler                       0x0800030b   Thumb Code     0  startup_stm32f40_41xxx.o(.text)
    FLASH_IRQHandler                         0x0800030b   Thumb Code     0  startup_stm32f40_41xxx.o(.text)
    FPU_IRQHandler                           0x0800030b   Thumb Code     0  startup_stm32f40_41xxx.o(.text)
    FSMC_IRQHandler                          0x0800030b   Thumb Code     0  startup_stm32f40_41xxx.o(.text)
    HASH_RNG_IRQHandler                      0x0800030b   Thumb Code     0  startup_stm32f40_41xxx.o(.text)
    I2C1_ER_IRQHandler                       0x0800030b   Thumb Code     0  startup_stm32f40_41xxx.o(.text)
    I2C1_EV_IRQHandler                       0x0800030b   Thumb Code     0  startup_stm32f40_41xxx.o(.text)
    I2C2_ER_IRQHandler                       0x0800030b   Thumb Code     0  startup_stm32f40_41xxx.o(.text)
    I2C2_EV_IRQHandler                       0x0800030b   Thumb Code     0  startup_stm32f40_41xxx.o(.text)
    I2C3_ER_IRQHandler                       0x0800030b   Thumb Code     0  startup_stm32f40_41xxx.o(.text)
    I2C3_EV_IRQHandler                       0x0800030b   Thumb Code     0  startup_stm32f40_41xxx.o(.text)
    OTG_FS_IRQHandler                        0x0800030b   Thumb Code     0  startup_stm32f40_41xxx.o(.text)
    OTG_FS_WKUP_IRQHandler                   0x0800030b   Thumb Code     0  startup_stm32f40_41xxx.o(.text)
    OTG_HS_EP1_IN_IRQHandler                 0x0800030b   Thumb Code     0  startup_stm32f40_41xxx.o(.text)
    OTG_HS_EP1_OUT_IRQHandler                0x0800030b   Thumb Code     0  startup_stm32f40_41xxx.o(.text)
    OTG_HS_IRQHandler                        0x0800030b   Thumb Code     0  startup_stm32f40_41xxx.o(.text)
    OTG_HS_WKUP_IRQHandler                   0x0800030b   Thumb Code     0  startup_stm32f40_41xxx.o(.text)
    PVD_IRQHandler                           0x0800030b   Thumb Code     0  startup_stm32f40_41xxx.o(.text)
    RCC_IRQHandler                           0x0800030b   Thumb Code     0  startup_stm32f40_41xxx.o(.text)
    RTC_Alarm_IRQHandler                     0x0800030b   Thumb Code     0  startup_stm32f40_41xxx.o(.text)
    RTC_WKUP_IRQHandler                      0x0800030b   Thumb Code     0  startup_stm32f40_41xxx.o(.text)
    SDIO_IRQHandler                          0x0800030b   Thumb Code     0  startup_stm32f40_41xxx.o(.text)
    SPI1_IRQHandler                          0x0800030b   Thumb Code     0  startup_stm32f40_41xxx.o(.text)
    SPI2_IRQHandler                          0x0800030b   Thumb Code     0  startup_stm32f40_41xxx.o(.text)
    SPI3_IRQHandler                          0x0800030b   Thumb Code     0  startup_stm32f40_41xxx.o(.text)
    TAMP_STAMP_IRQHandler                    0x0800030b   Thumb Code     0  startup_stm32f40_41xxx.o(.text)
    TIM1_BRK_TIM9_IRQHandler                 0x0800030b   Thumb Code     0  startup_stm32f40_41xxx.o(.text)
    TIM1_CC_IRQHandler                       0x0800030b   Thumb Code     0  startup_stm32f40_41xxx.o(.text)
    TIM1_TRG_COM_TIM11_IRQHandler            0x0800030b   Thumb Code     0  startup_stm32f40_41xxx.o(.text)
    TIM1_UP_TIM10_IRQHandler                 0x0800030b   Thumb Code     0  startup_stm32f40_41xxx.o(.text)
    TIM2_IRQHandler                          0x0800030b   Thumb Code     0  startup_stm32f40_41xxx.o(.text)
    TIM3_IRQHandler                          0x0800030b   Thumb Code     0  startup_stm32f40_41xxx.o(.text)
    TIM4_IRQHandler                          0x0800030b   Thumb Code     0  startup_stm32f40_41xxx.o(.text)
    TIM5_IRQHandler                          0x0800030b   Thumb Code     0  startup_stm32f40_41xxx.o(.text)
    TIM6_DAC_IRQHandler                      0x0800030b   Thumb Code     0  startup_stm32f40_41xxx.o(.text)
    TIM7_IRQHandler                          0x0800030b   Thumb Code     0  startup_stm32f40_41xxx.o(.text)
    TIM8_BRK_TIM12_IRQHandler                0x0800030b   Thumb Code     0  startup_stm32f40_41xxx.o(.text)
    TIM8_CC_IRQHandler                       0x0800030b   Thumb Code     0  startup_stm32f40_41xxx.o(.text)
    TIM8_TRG_COM_TIM14_IRQHandler            0x0800030b   Thumb Code     0  startup_stm32f40_41xxx.o(.text)
    TIM8_UP_TIM13_IRQHandler                 0x0800030b   Thumb Code     0  startup_stm32f40_41xxx.o(.text)
    UART4_IRQHandler                         0x0800030b   Thumb Code     0  startup_stm32f40_41xxx.o(.text)
    UART5_IRQHandler                         0x0800030b   Thumb Code     0  startup_stm32f40_41xxx.o(.text)
    USART2_IRQHandler                        0x0800030b   Thumb Code     0  startup_stm32f40_41xxx.o(.text)
    USART3_IRQHandler                        0x0800030b   Thumb Code     0  startup_stm32f40_41xxx.o(.text)
    USART6_IRQHandler                        0x0800030b   Thumb Code     0  startup_stm32f40_41xxx.o(.text)
    WWDG_IRQHandler                          0x0800030b   Thumb Code     0  startup_stm32f40_41xxx.o(.text)
    __user_initial_stackheap                 0x0800030d   Thumb Code     0  startup_stm32f40_41xxx.o(.text)
    __use_no_semihosting                     0x08000331   Thumb Code     2  use_no_semi_2.o(.text)
    __2printf                                0x08000335   Thumb Code    20  noretval__2printf.o(.text)
    __printf                                 0x0800034d   Thumb Code   104  __printf.o(.text)
    _printf_int_dec                          0x080003b5   Thumb Code   104  _printf_dec.o(.text)
    __aeabi_memcpy                           0x0800042d   Thumb Code     0  rt_memcpy_v6.o(.text)
    __rt_memcpy                              0x0800042d   Thumb Code   138  rt_memcpy_v6.o(.text)
    _memcpy_lastbytes                        0x08000493   Thumb Code     0  rt_memcpy_v6.o(.text)
    __aeabi_memset                           0x080004b7   Thumb Code    16  aeabi_memset.o(.text)
    __aeabi_memclr4                          0x080004c7   Thumb Code     0  rt_memclr_w.o(.text)
    __aeabi_memclr8                          0x080004c7   Thumb Code     0  rt_memclr_w.o(.text)
    __rt_memclr_w                            0x080004c7   Thumb Code    78  rt_memclr_w.o(.text)
    _memset_w                                0x080004cb   Thumb Code     0  rt_memclr_w.o(.text)
    __use_two_region_memory                  0x08000515   Thumb Code     2  heapauxi.o(.text)
    __rt_heap_escrow$2region                 0x08000517   Thumb Code     2  heapauxi.o(.text)
    __rt_heap_expand$2region                 0x08000519   Thumb Code     2  heapauxi.o(.text)
    __I$use$semihosting                      0x0800051b   Thumb Code     0  use_no_semi.o(.text)
    __use_no_semihosting_swi                 0x0800051b   Thumb Code     2  use_no_semi.o(.text)
    _printf_int_common                       0x0800051d   Thumb Code   178  _printf_intcommon.o(.text)
    _printf_char_file                        0x080005d1   Thumb Code    32  _printf_char_file.o(.text)
    __aeabi_memcpy4                          0x080005f5   Thumb Code     0  rt_memcpy_w.o(.text)
    __aeabi_memcpy8                          0x080005f5   Thumb Code     0  rt_memcpy_w.o(.text)
    __rt_memcpy_w                            0x080005f5   Thumb Code   100  rt_memcpy_w.o(.text)
    _memcpy_lastbytes_aligned                0x0800063d   Thumb Code     0  rt_memcpy_w.o(.text)
    __aeabi_memclr                           0x08000659   Thumb Code     0  rt_memclr.o(.text)
    __rt_memclr                              0x08000659   Thumb Code    68  rt_memclr.o(.text)
    _memset                                  0x0800065d   Thumb Code     0  rt_memclr.o(.text)
    _printf_char_common                      0x080006a7   Thumb Code    32  _printf_char_common.o(.text)
    ferror                                   0x080006cd   Thumb Code     8  ferror.o(.text)
    __user_setup_stackheap                   0x080006d5   Thumb Code    74  sys_stackheap_outer.o(.text)
    exit                                     0x0800071f   Thumb Code    18  exit.o(.text)
    __user_libspace                          0x08000731   Thumb Code     8  libspace.o(.text)
    __user_perproc_libspace                  0x08000731   Thumb Code     0  libspace.o(.text)
    __user_perthread_libspace                0x08000731   Thumb Code     0  libspace.o(.text)
    BusFault_Handler                         0x08000739   Thumb Code     4  stm32f4xx_it.o(i.BusFault_Handler)
    DebugMon_Handler                         0x0800073d   Thumb Code     2  stm32f4xx_it.o(i.DebugMon_Handler)
    EXTI4_IRQHandler                         0x08000741   Thumb Code    66  exti.o(i.EXTI4_IRQHandler)
    EXTIX_Init                               0x080007a1   Thumb Code    78  exti.o(i.EXTIX_Init)
    EXTI_ClearITPendingBit                   0x080007f1   Thumb Code     6  stm32f4xx_exti.o(i.EXTI_ClearITPendingBit)
    EXTI_Init                                0x080007fd   Thumb Code   142  stm32f4xx_exti.o(i.EXTI_Init)
    GPIO_Init                                0x08000891   Thumb Code   144  stm32f4xx_gpio.o(i.GPIO_Init)
    GPIO_PinAFConfig                         0x08000921   Thumb Code    70  stm32f4xx_gpio.o(i.GPIO_PinAFConfig)
    GPIO_ReadInputDataBit                    0x08000967   Thumb Code    18  stm32f4xx_gpio.o(i.GPIO_ReadInputDataBit)
    GPIO_SetBits                             0x08000979   Thumb Code     4  stm32f4xx_gpio.o(i.GPIO_SetBits)
    HardFault_Handler                        0x0800097d   Thumb Code     4  stm32f4xx_it.o(i.HardFault_Handler)
    KeyInit                                  0x08000981   Thumb Code    60  key.o(i.KeyInit)
    KeyScan                                  0x080009c5   Thumb Code   188  key.o(i.KeyScan)
    LED_Init                                 0x08000a8d   Thumb Code    60  led.o(i.LED_Init)
    MemManage_Handler                        0x08000acd   Thumb Code     4  stm32f4xx_it.o(i.MemManage_Handler)
    NMI_Handler                              0x08000ad1   Thumb Code     2  stm32f4xx_it.o(i.NMI_Handler)
    NVIC_Init                                0x08000ad5   Thumb Code   106  misc.o(i.NVIC_Init)
    NVIC_PriorityGroupConfig                 0x08000b4d   Thumb Code    10  misc.o(i.NVIC_PriorityGroupConfig)
    RCC_AHB1PeriphClockCmd                   0x08000b61   Thumb Code    26  stm32f4xx_rcc.o(i.RCC_AHB1PeriphClockCmd)
    RCC_APB2PeriphClockCmd                   0x08000b81   Thumb Code    26  stm32f4xx_rcc.o(i.RCC_APB2PeriphClockCmd)
    RCC_GetClocksFreq                        0x08000ba1   Thumb Code   214  stm32f4xx_rcc.o(i.RCC_GetClocksFreq)
    SYSCFG_EXTILineConfig                    0x08000c89   Thumb Code    60  stm32f4xx_syscfg.o(i.SYSCFG_EXTILineConfig)
    SysTick_CLKSourceConfig                  0x08000db5   Thumb Code    40  misc.o(i.SysTick_CLKSourceConfig)
    SysTick_Handler                          0x08000ddd   Thumb Code    16  delay.o(i.SysTick_Handler)
    SystemInit                               0x08000ded   Thumb Code    88  system_stm32f4xx.o(i.SystemInit)
    USART1_IRQHandler                        0x08000e55   Thumb Code   122  usart.o(i.USART1_IRQHandler)
    USART_Cmd                                0x08000edd   Thumb Code    24  stm32f4xx_usart.o(i.USART_Cmd)
    USART_GetITStatus                        0x08000ef5   Thumb Code    84  stm32f4xx_usart.o(i.USART_GetITStatus)
    USART_ITConfig                           0x08000f49   Thumb Code    74  stm32f4xx_usart.o(i.USART_ITConfig)
    USART_Init                               0x08000f95   Thumb Code   204  stm32f4xx_usart.o(i.USART_Init)
    USART_ReceiveData                        0x08001069   Thumb Code    10  stm32f4xx_usart.o(i.USART_ReceiveData)
    UsageFault_Handler                       0x08001073   Thumb Code     4  stm32f4xx_it.o(i.UsageFault_Handler)
    _sys_exit                                0x08001077   Thumb Code     6  usart.o(i._sys_exit)
    delay_init                               0x0800107d   Thumb Code    58  delay.o(i.delay_init)
    delay_us                                 0x080010c1   Thumb Code    68  delay.o(i.delay_us)
    delay_xms                                0x08001109   Thumb Code    24  delay.o(i.delay_xms)
    fputc                                    0x08001121   Thumb Code    22  usart.o(i.fputc)
    key_Task                                 0x0800113d   Thumb Code    78  main.o(i.key_Task)
    main                                     0x080011c5   Thumb Code    64  main.o(i.main)
    pvPortMalloc                             0x08001b8d   Thumb Code   338  heap_4.o(i.pvPortMalloc)
    pxPortInitialiseStack                    0x08001cf9   Thumb Code    38  port.o(i.pxPortInitialiseStack)
    start_Task                               0x08001d25   Thumb Code    82  main.o(i.start_Task)
    task1_Task                               0x08001da1   Thumb Code    36  main.o(i.task1_Task)
    task2_Task                               0x08001ddd   Thumb Code    46  main.o(i.task2_Task)
    uart_init                                0x08001e25   Thumb Code   164  usart.o(i.uart_init)
    uxListRemove                             0x08001ed1   Thumb Code    40  list.o(i.uxListRemove)
    vListInitialise                          0x08001ef9   Thumb Code    26  list.o(i.vListInitialise)
    vListInitialiseItem                      0x08001f13   Thumb Code     6  list.o(i.vListInitialiseItem)
    vListInsert                              0x08001f19   Thumb Code    52  list.o(i.vListInsert)
    vListInsertEnd                           0x08001f4d   Thumb Code    24  list.o(i.vListInsertEnd)
    vPortEnterCritical                       0x08001f65   Thumb Code    76  port.o(i.vPortEnterCritical)
    vPortExitCritical                        0x08001fb9   Thumb Code    56  port.o(i.vPortExitCritical)
    vPortFree                                0x08001ff5   Thumb Code   150  heap_4.o(i.vPortFree)
    vPortSetupTimerInterrupt                 0x08002099   Thumb Code    36  port.o(i.vPortSetupTimerInterrupt)
    vPortValidateInterruptPriority           0x080020c1   Thumb Code   106  port.o(i.vPortValidateInterruptPriority)
    vQueueAddToRegistry                      0x08002139   Thumb Code    90  queue.o(i.vQueueAddToRegistry)
    vQueueWaitForMessageRestricted           0x08002199   Thumb Code    74  queue.o(i.vQueueWaitForMessageRestricted)
    vTaskDelay                               0x080021e5   Thumb Code    82  tasks.o(i.vTaskDelay)
    vTaskDelete                              0x08002241   Thumb Code   210  tasks.o(i.vTaskDelete)
    vTaskInternalSetTimeOutState             0x0800233d   Thumb Code    14  tasks.o(i.vTaskInternalSetTimeOutState)
    vTaskMissedYield                         0x08002355   Thumb Code     8  tasks.o(i.vTaskMissedYield)
    vTaskPlaceOnEventList                    0x08002361   Thumb Code    52  tasks.o(i.vTaskPlaceOnEventList)
    vTaskPlaceOnEventListRestricted          0x08002399   Thumb Code    94  tasks.o(i.vTaskPlaceOnEventListRestricted)
    vTaskResume                              0x080023fd   Thumb Code   180  tasks.o(i.vTaskResume)
    vTaskStartScheduler                      0x080024c1   Thumb Code   122  tasks.o(i.vTaskStartScheduler)
    vTaskSuspend                             0x0800255d   Thumb Code   224  tasks.o(i.vTaskSuspend)
    vTaskSuspendAll                          0x0800265d   Thumb Code    12  tasks.o(i.vTaskSuspendAll)
    vTaskSwitchContext                       0x0800266d   Thumb Code   118  tasks.o(i.vTaskSwitchContext)
    xPortStartScheduler                      0x080026f9   Thumb Code   330  port.o(i.xPortStartScheduler)
    xPortSysTickHandler                      0x08002861   Thumb Code    46  port.o(i.xPortSysTickHandler)
    xQueueGenericCreate                      0x08002895   Thumb Code   102  queue.o(i.xQueueGenericCreate)
    xQueueGenericReset                       0x080028fd   Thumb Code   214  queue.o(i.xQueueGenericReset)
    xQueueReceive                            0x080029d9   Thumb Code   356  queue.o(i.xQueueReceive)
    xTaskCheckForTimeOut                     0x08002b41   Thumb Code   136  tasks.o(i.xTaskCheckForTimeOut)
    xTaskCreate                              0x08002bd1   Thumb Code    96  tasks.o(i.xTaskCreate)
    xTaskGetSchedulerState                   0x08002c31   Thumb Code    24  tasks.o(i.xTaskGetSchedulerState)
    xTaskGetTickCount                        0x08002c51   Thumb Code     6  tasks.o(i.xTaskGetTickCount)
    xTaskIncrementTick                       0x08002c5d   Thumb Code   398  tasks.o(i.xTaskIncrementTick)
    xTaskRemoveFromEventList                 0x08002e19   Thumb Code   264  tasks.o(i.xTaskRemoveFromEventList)
    xTaskResumeAll                           0x08002f39   Thumb Code   338  tasks.o(i.xTaskResumeAll)
    xTaskResumeFromISR                       0x080030b1   Thumb Code   218  tasks.o(i.xTaskResumeFromISR)
    xTimerCreateTimerTask                    0x080031a5   Thumb Code    66  timers.o(i.xTimerCreateTimerTask)
    _fp_init                                 0x080031fd   Thumb Code    10  fpinit.o(x$fpl$fpinit)
    __fplib_config_fpu_vfp                   0x08003205   Thumb Code     0  fpinit.o(x$fpl$fpinit)
    __fplib_config_pureend_doubles           0x08003205   Thumb Code     0  fpinit.o(x$fpl$fpinit)
    Region$$Table$$Base                      0x08003208   Number         0  anon$$obj.o(Region$$Table)
    Region$$Table$$Limit                     0x08003228   Number         0  anon$$obj.o(Region$$Table)
    START_T_NAME                             0x20000000   Data          11  main.o(.data)
    Start_TaskHandle                         0x2000000c   Data           4  main.o(.data)
    KEY_T_NAME                               0x20000010   Data           9  main.o(.data)
    Key_TaskHandle                           0x2000001c   Data           4  main.o(.data)
    TASK1_T_NAME                             0x20000020   Data          11  main.o(.data)
    Task1_TaskHandle                         0x2000002c   Data           4  main.o(.data)
    TASK2_T_NAME                             0x20000030   Data          11  main.o(.data)
    Task2_TaskHandle                         0x2000003c   Data           4  main.o(.data)
    SystemCoreClock                          0x20000040   Data           4  system_stm32f4xx.o(.data)
    AHBPrescTable                            0x20000044   Data          16  system_stm32f4xx.o(.data)
    __stdout                                 0x2000005c   Data           4  usart.o(.data)
    USART_RX_STA                             0x20000060   Data           2  usart.o(.data)
    pxCurrentTCB                             0x20000074   Data           4  tasks.o(.data)
    uxTopUsedPriority                        0x200000ac   Data           4  tasks.o(.data)
    USART_RX_BUF                             0x200000f4   Data         200  usart.o(.bss)
    xQueueRegistry                           0x200001bc   Data          64  queue.o(.bss)
    __libspace_start                         0x20012eec   Data          96  libspace.o(.bss)
    __temporary_stack_top$libspace           0x20012f4c   Data           0  libspace.o(.bss)



==============================================================================

Memory Map of the image

  Image Entry point : 0x08000189

  Load Region LR_IROM1 (Base: 0x08000000, Size: 0x0000331c, Max: 0x00100000, ABSOLUTE)

    Execution Region ER_IROM1 (Base: 0x08000000, Size: 0x00003228, Max: 0x00100000, ABSOLUTE)

    Base Addr    Size         Type   Attr      Idx    E Section Name        Object

    0x08000000   0x00000188   Data   RO          528    RESET               startup_stm32f40_41xxx.o
    0x08000188   0x00000008   Code   RO         2554  * !!!main             c_w.l(__main.o)
    0x08000190   0x00000034   Code   RO         2726    !!!scatter          c_w.l(__scatter.o)
    0x080001c4   0x0000001a   Code   RO         2728    !!handler_copy      c_w.l(__scatter_copy.o)
    0x080001de   0x00000002   PAD
    0x080001e0   0x0000001c   Code   RO         2730    !!handler_zi        c_w.l(__scatter_zi.o)
    0x080001fc   0x00000000   Code   RO         2543    .ARM.Collect$$_printf_percent$$00000000  c_w.l(_printf_percent.o)
    0x080001fc   0x00000006   Code   RO         2542    .ARM.Collect$$_printf_percent$$00000009  c_w.l(_printf_d.o)
    0x08000202   0x00000004   Code   RO         2563    .ARM.Collect$$_printf_percent$$00000017  c_w.l(_printf_percent_end.o)
    0x08000206   0x00000002   Code   RO         2600    .ARM.Collect$$libinit$$00000000  c_w.l(libinit.o)
    0x08000208   0x00000004   Code   RO         2606    .ARM.Collect$$libinit$$00000001  c_w.l(libinit2.o)
    0x0800020c   0x00000000   Code   RO         2609    .ARM.Collect$$libinit$$00000004  c_w.l(libinit2.o)
    0x0800020c   0x00000000   Code   RO         2612    .ARM.Collect$$libinit$$0000000A  c_w.l(libinit2.o)
    0x0800020c   0x00000000   Code   RO         2614    .ARM.Collect$$libinit$$0000000C  c_w.l(libinit2.o)
    0x0800020c   0x00000000   Code   RO         2616    .ARM.Collect$$libinit$$0000000E  c_w.l(libinit2.o)
    0x0800020c   0x00000000   Code   RO         2619    .ARM.Collect$$libinit$$00000011  c_w.l(libinit2.o)
    0x0800020c   0x00000000   Code   RO         2621    .ARM.Collect$$libinit$$00000013  c_w.l(libinit2.o)
    0x0800020c   0x00000000   Code   RO         2623    .ARM.Collect$$libinit$$00000015  c_w.l(libinit2.o)
    0x0800020c   0x00000000   Code   RO         2625    .ARM.Collect$$libinit$$00000017  c_w.l(libinit2.o)
    0x0800020c   0x00000000   Code   RO         2627    .ARM.Collect$$libinit$$00000019  c_w.l(libinit2.o)
    0x0800020c   0x00000000   Code   RO         2629    .ARM.Collect$$libinit$$0000001B  c_w.l(libinit2.o)
    0x0800020c   0x00000000   Code   RO         2631    .ARM.Collect$$libinit$$0000001D  c_w.l(libinit2.o)
    0x0800020c   0x00000000   Code   RO         2633    .ARM.Collect$$libinit$$0000001F  c_w.l(libinit2.o)
    0x0800020c   0x00000000   Code   RO         2635    .ARM.Collect$$libinit$$00000021  c_w.l(libinit2.o)
    0x0800020c   0x00000000   Code   RO         2637    .ARM.Collect$$libinit$$00000023  c_w.l(libinit2.o)
    0x0800020c   0x00000000   Code   RO         2639    .ARM.Collect$$libinit$$00000025  c_w.l(libinit2.o)
    0x0800020c   0x00000000   Code   RO         2643    .ARM.Collect$$libinit$$0000002C  c_w.l(libinit2.o)
    0x0800020c   0x00000000   Code   RO         2645    .ARM.Collect$$libinit$$0000002E  c_w.l(libinit2.o)
    0x0800020c   0x00000000   Code   RO         2647    .ARM.Collect$$libinit$$00000030  c_w.l(libinit2.o)
    0x0800020c   0x00000000   Code   RO         2649    .ARM.Collect$$libinit$$00000032  c_w.l(libinit2.o)
    0x0800020c   0x00000002   Code   RO         2650    .ARM.Collect$$libinit$$00000033  c_w.l(libinit2.o)
    0x0800020e   0x00000002   Code   RO         2668    .ARM.Collect$$libshutdown$$00000000  c_w.l(libshutdown.o)
    0x08000210   0x00000000   Code   RO         2678    .ARM.Collect$$libshutdown$$00000002  c_w.l(libshutdown2.o)
    0x08000210   0x00000000   Code   RO         2680    .ARM.Collect$$libshutdown$$00000004  c_w.l(libshutdown2.o)
    0x08000210   0x00000000   Code   RO         2683    .ARM.Collect$$libshutdown$$00000007  c_w.l(libshutdown2.o)
    0x08000210   0x00000000   Code   RO         2686    .ARM.Collect$$libshutdown$$0000000A  c_w.l(libshutdown2.o)
    0x08000210   0x00000000   Code   RO         2688    .ARM.Collect$$libshutdown$$0000000C  c_w.l(libshutdown2.o)
    0x08000210   0x00000000   Code   RO         2691    .ARM.Collect$$libshutdown$$0000000F  c_w.l(libshutdown2.o)
    0x08000210   0x00000002   Code   RO         2692    .ARM.Collect$$libshutdown$$00000010  c_w.l(libshutdown2.o)
    0x08000212   0x00000000   Code   RO         2558    .ARM.Collect$$rtentry$$00000000  c_w.l(__rtentry.o)
    0x08000212   0x00000000   Code   RO         2569    .ARM.Collect$$rtentry$$00000002  c_w.l(__rtentry2.o)
    0x08000212   0x00000006   Code   RO         2581    .ARM.Collect$$rtentry$$00000004  c_w.l(__rtentry4.o)
    0x08000218   0x00000000   Code   RO         2571    .ARM.Collect$$rtentry$$00000009  c_w.l(__rtentry2.o)
    0x08000218   0x00000004   Code   RO         2572    .ARM.Collect$$rtentry$$0000000A  c_w.l(__rtentry2.o)
    0x0800021c   0x00000000   Code   RO         2574    .ARM.Collect$$rtentry$$0000000C  c_w.l(__rtentry2.o)
    0x0800021c   0x00000008   Code   RO         2575    .ARM.Collect$$rtentry$$0000000D  c_w.l(__rtentry2.o)
    0x08000224   0x00000002   Code   RO         2604    .ARM.Collect$$rtexit$$00000000  c_w.l(rtexit.o)
    0x08000226   0x00000000   Code   RO         2652    .ARM.Collect$$rtexit$$00000002  c_w.l(rtexit2.o)
    0x08000226   0x00000004   Code   RO         2653    .ARM.Collect$$rtexit$$00000003  c_w.l(rtexit2.o)
    0x0800022a   0x00000006   Code   RO         2654    .ARM.Collect$$rtexit$$00000004  c_w.l(rtexit2.o)
    0x08000230   0x000000be   Code   RO         2378    .emb_text           port.o
    0x080002ee   0x00000002   PAD
    0x080002f0   0x00000040   Code   RO          529    .text               startup_stm32f40_41xxx.o
    0x08000330   0x00000002   Code   RO         2512    .text               c_w.l(use_no_semi_2.o)
    0x08000332   0x00000002   PAD
    0x08000334   0x00000018   Code   RO         2516    .text               c_w.l(noretval__2printf.o)
    0x0800034c   0x00000068   Code   RO         2518    .text               c_w.l(__printf.o)
    0x080003b4   0x00000078   Code   RO         2520    .text               c_w.l(_printf_dec.o)
    0x0800042c   0x0000008a   Code   RO         2544    .text               c_w.l(rt_memcpy_v6.o)
    0x080004b6   0x00000010   Code   RO         2548    .text               c_w.l(aeabi_memset.o)
    0x080004c6   0x0000004e   Code   RO         2550    .text               c_w.l(rt_memclr_w.o)
    0x08000514   0x00000006   Code   RO         2552    .text               c_w.l(heapauxi.o)
    0x0800051a   0x00000002   Code   RO         2556    .text               c_w.l(use_no_semi.o)
    0x0800051c   0x000000b2   Code   RO         2559    .text               c_w.l(_printf_intcommon.o)
    0x080005ce   0x00000002   PAD
    0x080005d0   0x00000024   Code   RO         2561    .text               c_w.l(_printf_char_file.o)
    0x080005f4   0x00000064   Code   RO         2564    .text               c_w.l(rt_memcpy_w.o)
    0x08000658   0x00000044   Code   RO         2566    .text               c_w.l(rt_memclr.o)
    0x0800069c   0x00000030   Code   RO         2583    .text               c_w.l(_printf_char_common.o)
    0x080006cc   0x00000008   Code   RO         2585    .text               c_w.l(ferror.o)
    0x080006d4   0x0000004a   Code   RO         2589    .text               c_w.l(sys_stackheap_outer.o)
    0x0800071e   0x00000012   Code   RO         2593    .text               c_w.l(exit.o)
    0x08000730   0x00000008   Code   RO         2601    .text               c_w.l(libspace.o)
    0x08000738   0x00000004   Code   RO          210    i.BusFault_Handler  stm32f4xx_it.o
    0x0800073c   0x00000002   Code   RO          211    i.DebugMon_Handler  stm32f4xx_it.o
    0x0800073e   0x00000002   PAD
    0x08000740   0x00000060   Code   RO          346    i.EXTI4_IRQHandler  exti.o
    0x080007a0   0x0000004e   Code   RO          347    i.EXTIX_Init        exti.o
    0x080007ee   0x00000002   PAD
    0x080007f0   0x0000000c   Code   RO         1256    i.EXTI_ClearITPendingBit  stm32f4xx_exti.o
    0x080007fc   0x00000094   Code   RO         1261    i.EXTI_Init         stm32f4xx_exti.o
    0x08000890   0x00000090   Code   RO          580    i.GPIO_Init         stm32f4xx_gpio.o
    0x08000920   0x00000046   Code   RO          581    i.GPIO_PinAFConfig  stm32f4xx_gpio.o
    0x08000966   0x00000012   Code   RO          584    i.GPIO_ReadInputDataBit  stm32f4xx_gpio.o
    0x08000978   0x00000004   Code   RO          588    i.GPIO_SetBits      stm32f4xx_gpio.o
    0x0800097c   0x00000004   Code   RO          212    i.HardFault_Handler  stm32f4xx_it.o
    0x08000980   0x00000044   Code   RO          373    i.KeyInit           key.o
    0x080009c4   0x000000c8   Code   RO          374    i.KeyScan           key.o
    0x08000a8c   0x00000040   Code   RO          326    i.LED_Init          led.o
    0x08000acc   0x00000004   Code   RO          213    i.MemManage_Handler  stm32f4xx_it.o
    0x08000ad0   0x00000002   Code   RO          214    i.NMI_Handler       stm32f4xx_it.o
    0x08000ad2   0x00000002   PAD
    0x08000ad4   0x00000078   Code   RO          535    i.NVIC_Init         misc.o
    0x08000b4c   0x00000014   Code   RO          536    i.NVIC_PriorityGroupConfig  misc.o
    0x08000b60   0x00000020   Code   RO          677    i.RCC_AHB1PeriphClockCmd  stm32f4xx_rcc.o
    0x08000b80   0x00000020   Code   RO          689    i.RCC_APB2PeriphClockCmd  stm32f4xx_rcc.o
    0x08000ba0   0x000000e8   Code   RO          698    i.RCC_GetClocksFreq  stm32f4xx_rcc.o
    0x08000c88   0x00000040   Code   RO         1014    i.SYSCFG_EXTILineConfig  stm32f4xx_syscfg.o
    0x08000cc8   0x000000ec   Code   RO          289    i.SetSysClock       system_stm32f4xx.o
    0x08000db4   0x00000028   Code   RO          539    i.SysTick_CLKSourceConfig  misc.o
    0x08000ddc   0x00000010   Code   RO          400    i.SysTick_Handler   delay.o
    0x08000dec   0x00000068   Code   RO          291    i.SystemInit        system_stm32f4xx.o
    0x08000e54   0x00000088   Code   RO          473    i.USART1_IRQHandler  usart.o
    0x08000edc   0x00000018   Code   RO         1071    i.USART_Cmd         stm32f4xx_usart.o
    0x08000ef4   0x00000054   Code   RO         1075    i.USART_GetITStatus  stm32f4xx_usart.o
    0x08000f48   0x0000004a   Code   RO         1077    i.USART_ITConfig    stm32f4xx_usart.o
    0x08000f92   0x00000002   PAD
    0x08000f94   0x000000d4   Code   RO         1078    i.USART_Init        stm32f4xx_usart.o
    0x08001068   0x0000000a   Code   RO         1085    i.USART_ReceiveData  stm32f4xx_usart.o
    0x08001072   0x00000004   Code   RO          215    i.UsageFault_Handler  stm32f4xx_it.o
    0x08001076   0x00000006   Code   RO          474    i._sys_exit         usart.o
    0x0800107c   0x00000044   Code   RO          401    i.delay_init        delay.o
    0x080010c0   0x00000048   Code   RO          403    i.delay_us          delay.o
    0x08001108   0x00000018   Code   RO          404    i.delay_xms         delay.o
    0x08001120   0x0000001c   Code   RO          475    i.fputc             usart.o
    0x0800113c   0x00000088   Code   RO            3    i.key_Task          main.o
    0x080011c4   0x0000004c   Code   RO            4    i.main              main.o
    0x08001210   0x000000c0   Code   RO         1849    i.prvAddCurrentTaskToDelayedList  tasks.o
    0x080012d0   0x000000ec   Code   RO         1850    i.prvAddNewTaskToReadyList  tasks.o
    0x080013bc   0x00000064   Code   RO         2213    i.prvCheckForValidListAndQueue  timers.o
    0x08001420   0x00000048   Code   RO         1851    i.prvCheckTasksWaitingTermination  tasks.o
    0x08001468   0x0000002a   Code   RO         1472    i.prvCopyDataFromQueue  queue.o
    0x08001492   0x00000012   Code   RO         1852    i.prvDeleteTCB      tasks.o
    0x080014a4   0x00000028   Code   RO         2214    i.prvGetNextExpireTime  timers.o
    0x080014cc   0x0000007c   Code   RO         2455    i.prvHeapInit       heap_4.o
    0x08001548   0x00000028   Code   RO         1853    i.prvIdleTask       tasks.o
    0x08001570   0x0000002a   Code   RO         1476    i.prvInitialiseNewQueue  queue.o
    0x0800159a   0x000000e0   Code   RO         1854    i.prvInitialiseNewTask  tasks.o
    0x0800167a   0x00000002   PAD
    0x0800167c   0x00000068   Code   RO         1855    i.prvInitialiseTaskLists  tasks.o
    0x080016e4   0x00000068   Code   RO         2456    i.prvInsertBlockIntoFreeList  heap_4.o
    0x0800174c   0x00000058   Code   RO         2216    i.prvInsertTimerInActiveList  timers.o
    0x080017a4   0x0000001a   Code   RO         1477    i.prvIsQueueEmpty   queue.o
    0x080017be   0x00000002   PAD
    0x080017c0   0x00000044   Code   RO         2217    i.prvProcessExpiredTimer  timers.o
    0x08001804   0x0000011c   Code   RO         2218    i.prvProcessReceivedCommands  timers.o
    0x08001920   0x00000074   Code   RO         2219    i.prvProcessTimerOrBlockTask  timers.o
    0x08001994   0x00000028   Code   RO         2220    i.prvReloadTimer    timers.o
    0x080019bc   0x00000030   Code   RO         1857    i.prvResetNextTaskUnblockTime  tasks.o
    0x080019ec   0x0000002c   Code   RO         2221    i.prvSampleTimeNow  timers.o
    0x08001a18   0x00000044   Code   RO         2222    i.prvSwitchTimerLists  timers.o
    0x08001a5c   0x00000040   Code   RO         2379    i.prvTaskExitError  port.o
    0x08001a9c   0x00000058   Code   RO         1859    i.prvTaskIsTaskSuspended  tasks.o
    0x08001af4   0x0000001a   Code   RO         2223    i.prvTimerTask      timers.o
    0x08001b0e   0x0000007e   Code   RO         1479    i.prvUnlockQueue    queue.o
    0x08001b8c   0x0000016c   Code   RO         2457    i.pvPortMalloc      heap_4.o
    0x08001cf8   0x0000002c   Code   RO         2380    i.pxPortInitialiseStack  port.o
    0x08001d24   0x0000007c   Code   RO            5    i.start_Task        main.o
    0x08001da0   0x0000003c   Code   RO            6    i.task1_Task        main.o
    0x08001ddc   0x00000048   Code   RO            7    i.task2_Task        main.o
    0x08001e24   0x000000ac   Code   RO          476    i.uart_init         usart.o
    0x08001ed0   0x00000028   Code   RO         1432    i.uxListRemove      list.o
    0x08001ef8   0x0000001a   Code   RO         1433    i.vListInitialise   list.o
    0x08001f12   0x00000006   Code   RO         1434    i.vListInitialiseItem  list.o
    0x08001f18   0x00000034   Code   RO         1435    i.vListInsert       list.o
    0x08001f4c   0x00000018   Code   RO         1436    i.vListInsertEnd    list.o
    0x08001f64   0x00000054   Code   RO         2382    i.vPortEnterCritical  port.o
    0x08001fb8   0x0000003c   Code   RO         2383    i.vPortExitCritical  port.o
    0x08001ff4   0x000000a4   Code   RO         2458    i.vPortFree         heap_4.o
    0x08002098   0x00000028   Code   RO         2384    i.vPortSetupTimerInterrupt  port.o
    0x080020c0   0x00000078   Code   RO         2385    i.vPortValidateInterruptPriority  port.o
    0x08002138   0x00000060   Code   RO         1485    i.vQueueAddToRegistry  queue.o
    0x08002198   0x0000004a   Code   RO         1489    i.vQueueWaitForMessageRestricted  queue.o
    0x080021e2   0x00000002   PAD
    0x080021e4   0x0000005c   Code   RO         1869    i.vTaskDelay        tasks.o
    0x08002240   0x000000fc   Code   RO         1870    i.vTaskDelete       tasks.o
    0x0800233c   0x00000018   Code   RO         1874    i.vTaskInternalSetTimeOutState  tasks.o
    0x08002354   0x0000000c   Code   RO         1875    i.vTaskMissedYield  tasks.o
    0x08002360   0x00000038   Code   RO         1876    i.vTaskPlaceOnEventList  tasks.o
    0x08002398   0x00000064   Code   RO         1877    i.vTaskPlaceOnEventListRestricted  tasks.o
    0x080023fc   0x000000c4   Code   RO         1882    i.vTaskResume       tasks.o
    0x080024c0   0x0000009c   Code   RO         1885    i.vTaskStartScheduler  tasks.o
    0x0800255c   0x00000100   Code   RO         1886    i.vTaskSuspend      tasks.o
    0x0800265c   0x00000010   Code   RO         1887    i.vTaskSuspendAll   tasks.o
    0x0800266c   0x0000008c   Code   RO         1888    i.vTaskSwitchContext  tasks.o
    0x080026f8   0x00000168   Code   RO         2386    i.xPortStartScheduler  port.o
    0x08002860   0x00000034   Code   RO         2387    i.xPortSysTickHandler  port.o
    0x08002894   0x00000066   Code   RO         1492    i.xQueueGenericCreate  queue.o
    0x080028fa   0x00000002   PAD
    0x080028fc   0x000000dc   Code   RO         1493    i.xQueueGenericReset  queue.o
    0x080029d8   0x00000168   Code   RO         1502    i.xQueueReceive     queue.o
    0x08002b40   0x00000090   Code   RO         1890    i.xTaskCheckForTimeOut  tasks.o
    0x08002bd0   0x00000060   Code   RO         1891    i.xTaskCreate       tasks.o
    0x08002c30   0x00000020   Code   RO         1898    i.xTaskGetSchedulerState  tasks.o
    0x08002c50   0x0000000c   Code   RO         1899    i.xTaskGetTickCount  tasks.o
    0x08002c5c   0x000001bc   Code   RO         1901    i.xTaskIncrementTick  tasks.o
    0x08002e18   0x00000120   Code   RO         1904    i.xTaskRemoveFromEventList  tasks.o
    0x08002f38   0x00000178   Code   RO         1905    i.xTaskResumeAll    tasks.o
    0x080030b0   0x000000f4   Code   RO         1906    i.xTaskResumeFromISR  tasks.o
    0x080031a4   0x00000058   Code   RO         2231    i.xTimerCreateTimerTask  timers.o
    0x080031fc   0x0000000a   Code   RO         2660    x$fpl$fpinit        fz_wm.l(fpinit.o)
    0x08003206   0x00000002   PAD
    0x08003208   0x00000020   Data   RO         2724    Region$$Table       anon$$obj.o


    Execution Region RW_IRAM1 (Base: 0x20000000, Size: 0x00013550, Max: 0x00020000, ABSOLUTE)

    Base Addr    Size         Type   Attr      Idx    E Section Name        Object

    0x20000000   0x00000040   Data   RW            8    .data               main.o
    0x20000040   0x00000014   Data   RW          292    .data               system_stm32f4xx.o
    0x20000054   0x00000001   Data   RW          375    .data               key.o
    0x20000055   0x00000001   PAD
    0x20000056   0x00000004   Data   RW          405    .data               delay.o
    0x2000005a   0x00000002   PAD
    0x2000005c   0x00000006   Data   RW          478    .data               usart.o
    0x20000062   0x00000010   Data   RW          730    .data               stm32f4xx_rcc.o
    0x20000072   0x00000002   PAD
    0x20000074   0x00000040   Data   RW         1908    .data               tasks.o
    0x200000b4   0x00000014   Data   RW         2238    .data               timers.o
    0x200000c8   0x0000000c   Data   RW         2388    .data               port.o
    0x200000d4   0x00000020   Data   RW         2464    .data               heap_4.o
    0x200000f4   0x000000c8   Zero   RW          477    .bss                usart.o
    0x200001bc   0x00000040   Zero   RW         1506    .bss                queue.o
    0x200001fc   0x000000c8   Zero   RW         1907    .bss                tasks.o
    0x200002c4   0x00000028   Zero   RW         2237    .bss                timers.o
    0x200002ec   0x00012c00   Zero   RW         2463    .bss                heap_4.o
    0x20012eec   0x00000060   Zero   RW         2602    .bss                c_w.l(libspace.o)
    0x20012f4c   0x00000004   PAD
    0x20012f50   0x00000200   Zero   RW          527    HEAP                startup_stm32f40_41xxx.o
    0x20013150   0x00000400   Zero   RW          526    STACK               startup_stm32f40_41xxx.o


==============================================================================

Image component sizes


      Code (inc. data)   RO Data    RW Data    ZI Data      Debug   Object Name

       180         14          0          4          0       2386   delay.o
         0          0          0          0          0      14464   event_groups.o
       174         30          0          0          0       1080   exti.o
       756         74          0         32      76800       4323   heap_4.o
       268         20          0          1          0       1192   key.o
        64          4          0          0          0        503   led.o
       148          0          0          0          0       3106   list.o
       468        162          0         64          0     281779   main.o
       180         24          0          0          0       1953   misc.o
      1014         92          0         12          0      11113   port.o
      1088         16          0          0         64      11383   queue.o
        64         26        392          0       1536        816   startup_stm32f40_41xxx.o
       160         12          0          0          0       1397   stm32f4xx_exti.o
       236          0          0          0          0       2802   stm32f4xx_gpio.o
        20          0          0          0          0       2537   stm32f4xx_it.o
       296         30          0         16          0       3870   stm32f4xx_rcc.o
        64          4          0          0          0        624   stm32f4xx_syscfg.o
       404          8          0          0          0       4070   stm32f4xx_usart.o
       340         32          0         20          0       1621   system_stm32f4xx.o
      3958        468          0         64        200      30554   tasks.o
       962        110          0         20         40      25004   timers.o
       342         28          0          6        200       4136   usart.o

    ----------------------------------------------------------------------
     11204       1154        424        244      78840     410713   Object Totals
         0          0         32          0          0          0   (incl. Generated)
        18          0          0          5          0          0   (incl. Padding)

    ----------------------------------------------------------------------

      Code (inc. data)   RO Data    RW Data    ZI Data      Debug   Library Member Name

         8          0          0          0          0         68   __main.o
       104          0          0          0          0         84   __printf.o
         0          0          0          0          0          0   __rtentry.o
        12          0          0          0          0          0   __rtentry2.o
         6          0          0          0          0          0   __rtentry4.o
        52          8          0          0          0          0   __scatter.o
        26          0          0          0          0          0   __scatter_copy.o
        28          0          0          0          0          0   __scatter_zi.o
        48          6          0          0          0         96   _printf_char_common.o
        36          4          0          0          0         80   _printf_char_file.o
         6          0          0          0          0          0   _printf_d.o
       120         16          0          0          0         92   _printf_dec.o
       178          0          0          0          0         88   _printf_intcommon.o
         0          0          0          0          0          0   _printf_percent.o
         4          0          0          0          0          0   _printf_percent_end.o
        16          0          0          0          0         68   aeabi_memset.o
        18          0          0          0          0         80   exit.o
         8          0          0          0          0         68   ferror.o
         6          0          0          0          0        152   heapauxi.o
         2          0          0          0          0          0   libinit.o
         6          0          0          0          0          0   libinit2.o
         2          0          0          0          0          0   libshutdown.o
         2          0          0          0          0          0   libshutdown2.o
         8          4          0          0         96         68   libspace.o
        24          4          0          0          0         84   noretval__2printf.o
        68          0          0          0          0         68   rt_memclr.o
        78          0          0          0          0         80   rt_memclr_w.o
       138          0          0          0          0         68   rt_memcpy_v6.o
       100          0          0          0          0         80   rt_memcpy_w.o
         2          0          0          0          0          0   rtexit.o
        10          0          0          0          0          0   rtexit2.o
        74          0          0          0          0         80   sys_stackheap_outer.o
         2          0          0          0          0         68   use_no_semi.o
         2          0          0          0          0         68   use_no_semi_2.o
        10          0          0          0          0        116   fpinit.o

    ----------------------------------------------------------------------
      1212         42          0          0        100       1656   Library Totals
         8          0          0          0          4          0   (incl. Padding)

    ----------------------------------------------------------------------

      Code (inc. data)   RO Data    RW Data    ZI Data      Debug   Library Name

      1194         42          0          0         96       1540   c_w.l
        10          0          0          0          0        116   fz_wm.l

    ----------------------------------------------------------------------
      1212         42          0          0        100       1656   Library Totals

    ----------------------------------------------------------------------

==============================================================================


      Code (inc. data)   RO Data    RW Data    ZI Data      Debug   

     12416       1196        424        244      78940     401089   Grand Totals
     12416       1196        424        244      78940     401089   ELF Image Totals
     12416       1196        424        244          0          0   ROM Totals

==============================================================================

    Total RO  Size (Code + RO Data)                12840 (  12.54kB)
    Total RW  Size (RW Data + ZI Data)             79184 (  77.33kB)
    Total ROM Size (Code + RO Data + RW Data)      13084 (  12.78kB)

==============================================================================

