Component: ARM Compiler 5.06 (build 20) Tool: armlink [4d35a3]

==============================================================================

Section Cross References

    main.o(i.float_task) refers to _printf_percent.o(.ARM.Collect$$_printf_percent$$00000000) for _printf_percent
    main.o(i.float_task) refers to _printf_f.o(.ARM.Collect$$_printf_percent$$00000003) for _printf_f
    main.o(i.float_task) refers to printf1.o(x$fpl$printf1) for _printf_fp_dec
    main.o(i.float_task) refers to f2d.o(x$fpl$f2d) for __aeabi_f2d
    main.o(i.float_task) refers to noretval__2printf.o(.text) for __2printf
    main.o(i.float_task) refers to tasks.o(i.vTaskDelay) for vTaskDelay
    main.o(i.float_task) refers to main.o(.data) for float_num
    main.o(i.led0_task) refers to tasks.o(i.vTaskDelay) for vTaskDelay
    main.o(i.led1_task) refers to tasks.o(i.vTaskDelay) for vTaskDelay
    main.o(i.main) refers to misc.o(i.NVIC_PriorityGroupConfig) for NVIC_PriorityGroupConfig
    main.o(i.main) refers to delay.o(i.delay_init) for delay_init
    main.o(i.main) refers to usart.o(i.uart_init) for uart_init
    main.o(i.main) refers to led.o(i.LED_Init) for LED_Init
    main.o(i.main) refers to tasks.o(i.xTaskCreate) for xTaskCreate
    main.o(i.main) refers to tasks.o(i.vTaskStartScheduler) for vTaskStartScheduler
    main.o(i.main) refers to main.o(.data) for StartTask_Handler
    main.o(i.main) refers to main.o(i.start_task) for start_task
    main.o(i.start_task) refers to port.o(i.vPortEnterCritical) for vPortEnterCritical
    main.o(i.start_task) refers to tasks.o(i.xTaskCreate) for xTaskCreate
    main.o(i.start_task) refers to tasks.o(i.vTaskDelete) for vTaskDelete
    main.o(i.start_task) refers to port.o(i.vPortExitCritical) for vPortExitCritical
    main.o(i.start_task) refers to main.o(.data) for LED0Task_Handler
    main.o(i.start_task) refers to main.o(i.led0_task) for led0_task
    main.o(i.start_task) refers to main.o(i.led1_task) for led1_task
    main.o(i.start_task) refers to main.o(i.float_task) for float_task
    system_stm32f4xx.o(i.SystemCoreClockUpdate) refers to system_stm32f4xx.o(.data) for SystemCoreClock
    system_stm32f4xx.o(i.SystemInit) refers to system_stm32f4xx.o(i.SetSysClock) for SetSysClock
    led.o(i.LED_Init) refers to stm32f4xx_rcc.o(i.RCC_AHB1PeriphClockCmd) for RCC_AHB1PeriphClockCmd
    led.o(i.LED_Init) refers to stm32f4xx_gpio.o(i.GPIO_Init) for GPIO_Init
    led.o(i.LED_Init) refers to stm32f4xx_gpio.o(i.GPIO_SetBits) for GPIO_SetBits
    delay.o(i.SysTick_Handler) refers to tasks.o(i.xTaskGetSchedulerState) for xTaskGetSchedulerState
    delay.o(i.SysTick_Handler) refers to port.o(i.xPortSysTickHandler) for xPortSysTickHandler
    delay.o(i.delay_init) refers to misc.o(i.SysTick_CLKSourceConfig) for SysTick_CLKSourceConfig
    delay.o(i.delay_init) refers to delay.o(.data) for fac_us
    delay.o(i.delay_ms) refers to tasks.o(i.xTaskGetSchedulerState) for xTaskGetSchedulerState
    delay.o(i.delay_ms) refers to tasks.o(i.vTaskDelay) for vTaskDelay
    delay.o(i.delay_ms) refers to delay.o(i.delay_us) for delay_us
    delay.o(i.delay_ms) refers to delay.o(.data) for fac_ms
    delay.o(i.delay_us) refers to delay.o(.data) for fac_us
    delay.o(i.delay_xms) refers to delay.o(i.delay_us) for delay_us
    usart.o(.rev16_text) refers (Special) to use_no_semi_2.o(.text) for __use_no_semihosting
    usart.o(.revsh_text) refers (Special) to use_no_semi_2.o(.text) for __use_no_semihosting
    usart.o(i.USART1_IRQHandler) refers (Special) to use_no_semi_2.o(.text) for __use_no_semihosting
    usart.o(i.USART1_IRQHandler) refers to stm32f4xx_usart.o(i.USART_GetITStatus) for USART_GetITStatus
    usart.o(i.USART1_IRQHandler) refers to stm32f4xx_usart.o(i.USART_ReceiveData) for USART_ReceiveData
    usart.o(i.USART1_IRQHandler) refers to usart.o(.data) for USART_RX_STA
    usart.o(i.USART1_IRQHandler) refers to usart.o(.bss) for USART_RX_BUF
    usart.o(i._sys_exit) refers (Special) to use_no_semi_2.o(.text) for __use_no_semihosting
    usart.o(i.fputc) refers (Special) to use_no_semi_2.o(.text) for __use_no_semihosting
    usart.o(i.uart_init) refers (Special) to use_no_semi_2.o(.text) for __use_no_semihosting
    usart.o(i.uart_init) refers to stm32f4xx_rcc.o(i.RCC_AHB1PeriphClockCmd) for RCC_AHB1PeriphClockCmd
    usart.o(i.uart_init) refers to stm32f4xx_rcc.o(i.RCC_APB2PeriphClockCmd) for RCC_APB2PeriphClockCmd
    usart.o(i.uart_init) refers to stm32f4xx_gpio.o(i.GPIO_PinAFConfig) for GPIO_PinAFConfig
    usart.o(i.uart_init) refers to stm32f4xx_gpio.o(i.GPIO_Init) for GPIO_Init
    usart.o(i.uart_init) refers to stm32f4xx_usart.o(i.USART_Init) for USART_Init
    usart.o(i.uart_init) refers to stm32f4xx_usart.o(i.USART_Cmd) for USART_Cmd
    usart.o(i.uart_init) refers to stm32f4xx_usart.o(i.USART_ITConfig) for USART_ITConfig
    usart.o(i.uart_init) refers to misc.o(i.NVIC_Init) for NVIC_Init
    usart.o(.bss) refers (Special) to use_no_semi_2.o(.text) for __use_no_semihosting
[...]
    ..\FreeRTOS\portable\RVDS\ARM_CM4F\port.c 0x00000000   Number         0  port.o ABSOLUTE
    ..\FreeRTOS\queue.c                      0x00000000   Number         0  queue.o ABSOLUTE
    ..\FreeRTOS\stream_buffer.c              0x00000000   Number         0  stream_buffer.o ABSOLUTE
    ..\FreeRTOS\tasks.c                      0x00000000   Number         0  tasks.o ABSOLUTE
    ..\FreeRTOS\timers.c                     0x00000000   Number         0  timers.o ABSOLUTE
    ..\HARDWARE\LED\led.c                    0x00000000   Number         0  led.o ABSOLUTE
    ..\SYSTEM\delay\delay.c                  0x00000000   Number         0  delay.o ABSOLUTE
    ..\SYSTEM\sys\sys.c                      0x00000000   Number         0  sys.o ABSOLUTE
    ..\SYSTEM\usart\usart.c                  0x00000000   Number         0  usart.o ABSOLUTE
    ..\\FWLIB\\src\\misc.c                   0x00000000   Number         0  misc.o ABSOLUTE
    ..\\FWLIB\\src\\stm32f4xx_gpio.c         0x00000000   Number         0  stm32f4xx_gpio.o ABSOLUTE
    ..\\FWLIB\\src\\stm32f4xx_rcc.c          0x00000000   Number         0  stm32f4xx_rcc.o ABSOLUTE
    ..\\FWLIB\\src\\stm32f4xx_syscfg.c       0x00000000   Number         0  stm32f4xx_syscfg.o ABSOLUTE
    ..\\FWLIB\\src\\stm32f4xx_usart.c        0x00000000   Number         0  stm32f4xx_usart.o ABSOLUTE
    ..\\FreeRTOS\\portable\\RVDS\\ARM_CM4F\\port.c 0x00000000   Number         0  port.o ABSOLUTE
    ..\\HARDWARE\\LED\\led.c                 0x00000000   Number         0  led.o ABSOLUTE
    ..\\SYSTEM\\delay\\delay.c               0x00000000   Number         0  delay.o ABSOLUTE
    ..\\SYSTEM\\sys\\sys.c                   0x00000000   Number         0  sys.o ABSOLUTE
    ..\\SYSTEM\\usart\\usart.c               0x00000000   Number         0  usart.o ABSOLUTE
    dc.s                                     0x00000000   Number         0  dc.o ABSOLUTE
    main.c                                   0x00000000   Number         0  main.o ABSOLUTE
    main.c                                   0x00000000   Number         0  main.o ABSOLUTE
    stm32f4xx_it.c                           0x00000000   Number         0  stm32f4xx_it.o ABSOLUTE
    stm32f4xx_it.c                           0x00000000   Number         0  stm32f4xx_it.o ABSOLUTE
    system_stm32f4xx.c                       0x00000000   Number         0  system_stm32f4xx.o ABSOLUTE
    system_stm32f4xx.c                       0x00000000   Number         0  system_stm32f4xx.o ABSOLUTE
    RESET                                    0x08000000   Section      392  startup_stm32f40_41xxx.o(RESET)
    !!!main                                  0x08000188   Section        8  __main.o(!!!main)
    !!!scatter                               0x08000190   Section       52  __scatter.o(!!!scatter)
    !!handler_copy                           0x080001c4   Section       26  __scatter_copy.o(!!handler_copy)
    !!handler_zi                             0x080001e0   Section       28  __scatter_zi.o(!!handler_zi)
    .ARM.Collect$$_printf_percent$$00000000  0x080001fc   Section        0  _printf_percent.o(.ARM.Collect$$_printf_percent$$00000000)
    .ARM.Collect$$_printf_percent$$00000003  0x080001fc   Section        6  _printf_f.o(.ARM.Collect$$_printf_percent$$00000003)
    .ARM.Collect$$_printf_percent$$00000017  0x08000202   Section        4  _printf_percent_end.o(.ARM.Collect$$_printf_percent$$00000017)
    .ARM.Collect$$libinit$$00000000          0x08000206   Section        2  libinit.o(.ARM.Collect$$libinit$$00000000)
    .ARM.Collect$$libinit$$00000001          0x08000208   Section        4  libinit2.o(.ARM.Collect$$libinit$$00000001)
    .ARM.Collect$$libinit$$00000004          0x0800020c   Section        0  libinit2.o(.ARM.Collect$$libinit$$00000004)
    .ARM.Collect$$libinit$$0000000A          0x0800020c   Section        0  libinit2.o(.ARM.Collect$$libinit$$0000000A)
    .ARM.Collect$$libinit$$0000000C          0x0800020c   Section        0  libinit2.o(.ARM.Collect$$libinit$$0000000C)
    .ARM.Collect$$libinit$$0000000E          0x0800020c   Section        0  libinit2.o(.ARM.Collect$$libinit$$0000000E)
    .ARM.Collect$$libinit$$0000000F          0x0800020c   Section        6  libinit2.o(.ARM.Collect$$libinit$$0000000F)
    .ARM.Collect$$libinit$$00000011          0x08000212   Section        0  libinit2.o(.ARM.Collect$$libinit$$00000011)
    .ARM.Collect$$libinit$$00000013          0x08000212   Section        0  libinit2.o(.ARM.Collect$$libinit$$00000013)
    .ARM.Collect$$libinit$$00000015          0x08000212   Section        0  libinit2.o(.ARM.Collect$$libinit$$00000015)
    .ARM.Collect$$libinit$$00000016          0x08000212   Section       10  libinit2.o(.ARM.Collect$$libinit$$00000016)
    .ARM.Collect$$libinit$$00000017          0x0800021c   Section        0  libinit2.o(.ARM.Collect$$libinit$$00000017)
    .ARM.Collect$$libinit$$00000019          0x0800021c   Section        0  libinit2.o(.ARM.Collect$$libinit$$00000019)
    .ARM.Collect$$libinit$$0000001B          0x0800021c   Section        0  libinit2.o(.ARM.Collect$$libinit$$0000001B)
    .ARM.Collect$$libinit$$0000001D          0x0800021c   Section        0  libinit2.o(.ARM.Collect$$libinit$$0000001D)
    .ARM.Collect$$libinit$$0000001F          0x0800021c   Section        0  libinit2.o(.ARM.Collect$$libinit$$0000001F)
    .ARM.Collect$$libinit$$00000021          0x0800021c   Section        0  libinit2.o(.ARM.Collect$$libinit$$00000021)
    .ARM.Collect$$libinit$$00000023          0x0800021c   Section        0  libinit2.o(.ARM.Collect$$libinit$$00000023)
    .ARM.Collect$$libinit$$00000025          0x0800021c   Section        0  libinit2.o(.ARM.Collect$$libinit$$00000025)
    .ARM.Collect$$libinit$$0000002C          0x0800021c   Section        0  libinit2.o(.ARM.Collect$$libinit$$0000002C)
    .ARM.Collect$$libinit$$0000002E          0x0800021c   Section        0  libinit2.o(.ARM.Collect$$libinit$$0000002E)
    .ARM.Collect$$libinit$$00000030          0x0800021c   Section        0  libinit2.o(.ARM.Collect$$libinit$$00000030)
    .ARM.Collect$$libinit$$00000032          0x0800021c   Section        0  libinit2.o(.ARM.Collect$$libinit$$00000032)
    .ARM.Collect$$libinit$$00000033          0x0800021c   Section        2  libinit2.o(.ARM.Collect$$libinit$$00000033)
    .ARM.Collect$$libshutdown$$00000000      0x0800021e   Section        2  libshutdown.o(.ARM.Collect$$libshutdown$$00000000)
    .ARM.Collect$$libshutdown$$00000002      0x08000220   Section        0  libshutdown2.o(.ARM.Collect$$libshutdown$$00000002)
    .ARM.Collect$$libshutdown$$00000004      0x08000220   Section        0  libshutdown2.o(.ARM.Collect$$libshutdown$$00000004)
    .ARM.Collect$$libshutdown$$00000007      0x08000220   Section        0  libshutdown2.o(.ARM.Collect$$libshutdown$$00000007)
    .ARM.Collect$$libshutdown$$0000000A      0x08000220   Section        0  libshutdown2.o(.ARM.Collect$$libshutdown$$0000000A)
    .ARM.Collect$$libshutdown$$0000000C      0x08000220   Section        0  libshutdown2.o(.ARM.Collect$$libshutdown$$0000000C)
    .ARM.Collect$$libshutdown$$0000000F      0x08000220   Section        0  libshutdown2.o(.ARM.Collect$$libshutdown$$0000000F)
    .ARM.Collect$$libshutdown$$00000010      0x08000220   Section        2  libshutdown2.o(.ARM.Collect$$libshutdown$$00000010)
    .ARM.Collect$$rtentry$$00000000          0x08000222   Section        0  __rtentry.o(.ARM.Collect$$rtentry$$00000000)
    .ARM.Collect$$rtentry$$00000002          0x08000222   Section        0  __rtentry2.o(.ARM.Collect$$rtentry$$00000002)
    .ARM.Collect$$rtentry$$00000004          0x08000222   Section        6  __rtentry4.o(.ARM.Collect$$rtentry$$00000004)
    .ARM.Collect$$rtentry$$00000009          0x08000228   Section        0  __rtentry2.o(.ARM.Collect$$rtentry$$00000009)
    .ARM.Collect$$rtentry$$0000000A          0x08000228   Section        4  __rtentry2.o(.ARM.Collect$$rtentry$$0000000A)
    .ARM.Collect$$rtentry$$0000000C          0x0800022c   Section        0  __rtentry2.o(.ARM.Collect$$rtentry$$0000000C)
    .ARM.Collect$$rtentry$$0000000D          0x0800022c   Section        8  __rtentry2.o(.ARM.Collect$$rtentry$$0000000D)
    .ARM.Collect$$rtexit$$00000000           0x08000234   Section        2  rtexit.o(.ARM.Collect$$rtexit$$00000000)
    .ARM.Collect$$rtexit$$00000002           0x08000236   Section        0  rtexit2.o(.ARM.Collect$$rtexit$$00000002)
    .ARM.Collect$$rtexit$$00000003           0x08000236   Section        4  rtexit2.o(.ARM.Collect$$rtexit$$00000003)
    .ARM.Collect$$rtexit$$00000004           0x0800023a   Section        6  rtexit2.o(.ARM.Collect$$rtexit$$00000004)
    .emb_text                                0x08000240   Section      190  port.o(.emb_text)
    $v0                                      0x08000240   Number         0  port.o(.emb_text)
    .text                                    0x08000300   Section       64  startup_stm32f40_41xxx.o(.text)
    $v0                                      0x08000300   Number         0  startup_stm32f40_41xxx.o(.text)
    .text                                    0x08000340   Section        2  use_no_semi_2.o(.text)
    .text                                    0x08000344   Section        0  noretval__2printf.o(.text)
    .text                                    0x0800035c   Section        0  __printf_wp.o(.text)
    .text                                    0x0800046a   Section      138  rt_memcpy_v6.o(.text)
    .text                                    0x080004f4   Section       16  aeabi_memset.o(.text)
    .text                                    0x08000504   Section       78  rt_memclr_w.o(.text)
    .text                                    0x08000552   Section        0  heapauxi.o(.text)
    .text                                    0x08000558   Section        2  use_no_semi.o(.text)
    .text                                    0x0800055a   Section        0  _printf_fp_dec.o(.text)
    _fp_digits                               0x0800055d   Thumb Code   428  _printf_fp_dec.o(.text)
    .text                                    0x08000974   Section        0  _printf_char_file.o(.text)
    .text                                    0x08000998   Section      100  rt_memcpy_w.o(.text)
    .text                                    0x080009fc   Section       68  rt_memclr.o(.text)
    .text                                    0x08000a40   Section        8  rt_locale_intlibspace.o(.text)
    .text                                    0x08000a48   Section      138  lludiv10.o(.text)
    .text                                    0x08000ad4   Section        0  _printf_char_common.o(.text)
    _printf_input_char                       0x08000ad5   Thumb Code    10  _printf_char_common.o(.text)
    .text                                    0x08000b04   Section        0  _printf_fp_infnan.o(.text)
    .text                                    0x08000b84   Section        0  bigflt0.o(.text)
    .text                                    0x08000c60   Section        0  ferror.o(.text)
    .text                                    0x08000c68   Section        8  libspace.o(.text)
    .text                                    0x08000c70   Section       74  sys_stackheap_outer.o(.text)
    .text                                    0x08000cba   Section        0  exit.o(.text)
    .text                                    0x08000ccc   Section      128  strcmpv7m.o(.text)
    CL$$btod_d2e                             0x08000d4c   Section       62  btod.o(CL$$btod_d2e)
    CL$$btod_d2e_denorm_low                  0x08000d8a   Section       70  btod.o(CL$$btod_d2e_denorm_low)
    CL$$btod_d2e_norm_op1                    0x08000dd0   Section       96  btod.o(CL$$btod_d2e_norm_op1)
    CL$$btod_div_common                      0x08000e30   Section      824  btod.o(CL$$btod_div_common)
    CL$$btod_e2e                             0x08001168   Section      198  btod.o(CL$$btod_e2e)
    CL$$btod_ediv                            0x0800122e   Section       40  btod.o(CL$$btod_ediv)
    CL$$btod_emul                            0x08001256   Section       40  btod.o(CL$$btod_emul)
    CL$$btod_mult_common                     0x0800127e   Section      580  btod.o(CL$$btod_mult_common)
    i.BusFault_Handler                       0x080014c2   Section        0  stm32f4xx_it.o(i.BusFault_Handler)
    i.DebugMon_Handler                       0x080014c6   Section        0  stm32f4xx_it.o(i.DebugMon_Handler)
    i.GPIO_Init                              0x080014c8   Section        0  stm32f4xx_gpio.o(i.GPIO_Init)
    i.GPIO_PinAFConfig                       0x08001558   Section        0  stm32f4xx_gpio.o(i.GPIO_PinAFConfig)
    i.GPIO_SetBits                           0x0800159e   Section        0  stm32f4xx_gpio.o(i.GPIO_SetBits)
    i.HardFault_Handler                      0x080015a2   Section        0  stm32f4xx_it.o(i.HardFault_Handler)
    i.LED_Init                               0x080015a8   Section        0  led.o(i.LED_Init)
    i.MemManage_Handler                      0x080015e8   Section        0  stm32f4xx_it.o(i.MemManage_Handler)
    i.NMI_Handler                            0x080015ec   Section        0  stm32f4xx_it.o(i.NMI_Handler)
    i.NVIC_Init                              0x080015f0   Section        0  misc.o(i.NVIC_Init)
    i.NVIC_PriorityGroupConfig               0x08001668   Section        0  misc.o(i.NVIC_PriorityGroupConfig)
    i.RCC_AHB1PeriphClockCmd                 0x0800167c   Section        0  stm32f4xx_rcc.o(i.RCC_AHB1PeriphClockCmd)
    i.RCC_APB2PeriphClockCmd                 0x0800169c   Section        0  stm32f4xx_rcc.o(i.RCC_APB2PeriphClockCmd)
    i.RCC_GetClocksFreq                      0x080016bc   Section        0  stm32f4xx_rcc.o(i.RCC_GetClocksFreq)
    i.SetSysClock                            0x080017a4   Section        0  system_stm32f4xx.o(i.SetSysClock)
    SetSysClock                              0x080017a5   Thumb Code   220  system_stm32f4xx.o(i.SetSysClock)
    i.SysTick_CLKSourceConfig                0x08001890   Section        0  misc.o(i.SysTick_CLKSourceConfig)
    i.SysTick_Handler                        0x080018b8   Section        0  delay.o(i.SysTick_Handler)
    i.SystemInit                             0x080018c8   Section        0  system_stm32f4xx.o(i.SystemInit)
    i.USART1_IRQHandler                      0x08001930   Section        0  usart.o(i.USART1_IRQHandler)
    i.USART_Cmd                              0x080019b8   Section        0  stm32f4xx_usart.o(i.USART_Cmd)
    i.USART_GetITStatus                      0x080019d0   Section        0  stm32f4xx_usart.o(i.USART_GetITStatus)
    i.USART_ITConfig                         0x08001a24   Section        0  stm32f4xx_usart.o(i.USART_ITConfig)
    i.USART_Init                             0x08001a70   Section        0  stm32f4xx_usart.o(i.USART_Init)
    i.USART_ReceiveData                      0x08001b44   Section        0  stm32f4xx_usart.o(i.USART_ReceiveData)
    i.UsageFault_Handler                     0x08001b4e   Section        0  stm32f4xx_it.o(i.UsageFault_Handler)
    i.__ARM_fpclassify                       0x08001b52   Section        0  fpclassify.o(i.__ARM_fpclassify)
    i._is_digit                              0x08001b82   Section        0  __printf_wp.o(i._is_digit)
    i._sys_exit                              0x08001b90   Section        0  usart.o(i._sys_exit)
    i.delay_init                             0x08001b98   Section        0  delay.o(i.delay_init)
    i.float_task                             0x08001bdc   Section        0  main.o(i.float_task)
    i.fputc                                  0x08001c34   Section        0  usart.o(i.fputc)
    i.led0_task                              0x08001c50   Section        0  main.o(i.led0_task)
    i.led1_task                              0x08001c70   Section        0  main.o(i.led1_task)
    i.main                                   0x08001c98   Section        0  main.o(i.main)
    i.prvAddCurrentTaskToDelayedList         0x08001ce4   Section        0  tasks.o(i.prvAddCurrentTaskToDelayedList)
    prvAddCurrentTaskToDelayedList           0x08001ce5   Thumb Code   164  tasks.o(i.prvAddCurrentTaskToDelayedList)
    i.prvAddNewTaskToReadyList               0x08001da4   Section        0  tasks.o(i.prvAddNewTaskToReadyList)
    prvAddNewTaskToReadyList                 0x08001da5   Thumb Code   206  tasks.o(i.prvAddNewTaskToReadyList)
    i.prvCheckForValidListAndQueue           0x08001e90   Section        0  timers.o(i.prvCheckForValidListAndQueue)
    prvCheckForValidListAndQueue             0x08001e91   Thumb Code    72  timers.o(i.prvCheckForValidListAndQueue)
    i.prvCheckTasksWaitingTermination        0x08001ef4   Section        0  tasks.o(i.prvCheckTasksWaitingTermination)
    prvCheckTasksWaitingTermination          0x08001ef5   Thumb Code    60  tasks.o(i.prvCheckTasksWaitingTermination)
    i.prvCopyDataFromQueue                   0x08001f3c   Section        0  queue.o(i.prvCopyDataFromQueue)
    prvCopyDataFromQueue                     0x08001f3d   Thumb Code    42  queue.o(i.prvCopyDataFromQueue)
    i.prvDeleteTCB                           0x08001f66   Section        0  tasks.o(i.prvDeleteTCB)
    prvDeleteTCB                             0x08001f67   Thumb Code    18  tasks.o(i.prvDeleteTCB)
    i.prvGetNextExpireTime                   0x08001f78   Section        0  timers.o(i.prvGetNextExpireTime)
    prvGetNextExpireTime                     0x08001f79   Thumb Code    36  timers.o(i.prvGetNextExpireTime)
    i.prvHeapInit                            0x08001fa0   Section        0  heap_4.o(i.prvHeapInit)
    prvHeapInit                              0x08001fa1   Thumb Code    98  heap_4.o(i.prvHeapInit)
    i.prvIdleTask                            0x0800201c   Section        0  tasks.o(i.prvIdleTask)
    prvIdleTask                              0x0800201d   Thumb Code    32  tasks.o(i.prvIdleTask)
    i.prvInitialiseNewQueue                  0x08002044   Section        0  queue.o(i.prvInitialiseNewQueue)
    prvInitialiseNewQueue                    0x08002045   Thumb Code    42  queue.o(i.prvInitialiseNewQueue)
    i.prvInitialiseNewTask                   0x0800206e   Section        0  tasks.o(i.prvInitialiseNewTask)
    prvInitialiseNewTask                     0x0800206f   Thumb Code   224  tasks.o(i.prvInitialiseNewTask)
    i.prvInitialiseTaskLists                 0x08002150   Section        0  tasks.o(i.prvInitialiseTaskLists)
    prvInitialiseTaskLists                   0x08002151   Thumb Code    70  tasks.o(i.prvInitialiseTaskLists)
    i.prvInsertBlockIntoFreeList             0x080021b8   Section        0  heap_4.o(i.prvInsertBlockIntoFreeList)
    prvInsertBlockIntoFreeList               0x080021b9   Thumb Code    96  heap_4.o(i.prvInsertBlockIntoFreeList)
    i.prvInsertTimerInActiveList             0x08002220   Section        0  timers.o(i.prvInsertTimerInActiveList)
    prvInsertTimerInActiveList               0x08002221   Thumb Code    80  timers.o(i.prvInsertTimerInActiveList)
    i.prvIsQueueEmpty                        0x08002278   Section        0  queue.o(i.prvIsQueueEmpty)
    prvIsQueueEmpty                          0x08002279   Thumb Code    26  queue.o(i.prvIsQueueEmpty)
    i.prvProcessExpiredTimer                 0x08002294   Section        0  timers.o(i.prvProcessExpiredTimer)
    prvProcessExpiredTimer                   0x08002295   Thumb Code    62  timers.o(i.prvProcessExpiredTimer)
    i.prvProcessReceivedCommands             0x080022d8   Section        0  timers.o(i.prvProcessReceivedCommands)
    prvProcessReceivedCommands               0x080022d9   Thumb Code   280  timers.o(i.prvProcessReceivedCommands)
    i.prvProcessTimerOrBlockTask             0x080023f4   Section        0  timers.o(i.prvProcessTimerOrBlockTask)
    prvProcessTimerOrBlockTask               0x080023f5   Thumb Code   102  timers.o(i.prvProcessTimerOrBlockTask)
    i.prvReloadTimer                         0x08002468   Section        0  timers.o(i.prvReloadTimer)
    prvReloadTimer                           0x08002469   Thumb Code    40  timers.o(i.prvReloadTimer)
    i.prvResetNextTaskUnblockTime            0x08002490   Section        0  tasks.o(i.prvResetNextTaskUnblockTime)
    prvResetNextTaskUnblockTime              0x08002491   Thumb Code    40  tasks.o(i.prvResetNextTaskUnblockTime)
    i.prvSampleTimeNow                       0x080024c0   Section        0  timers.o(i.prvSampleTimeNow)
    prvSampleTimeNow                         0x080024c1   Thumb Code    40  timers.o(i.prvSampleTimeNow)
    i.prvSwitchTimerLists                    0x080024ec   Section        0  timers.o(i.prvSwitchTimerLists)
    prvSwitchTimerLists                      0x080024ed   Thumb Code    58  timers.o(i.prvSwitchTimerLists)
    i.prvTaskExitError                       0x08002530   Section        0  port.o(i.prvTaskExitError)
    prvTaskExitError                         0x08002531   Thumb Code    60  port.o(i.prvTaskExitError)
    i.prvTimerTask                           0x08002570   Section        0  timers.o(i.prvTimerTask)
    prvTimerTask                             0x08002571   Thumb Code    26  timers.o(i.prvTimerTask)
    i.prvUnlockQueue                         0x0800258a   Section        0  queue.o(i.prvUnlockQueue)
    prvUnlockQueue                           0x0800258b   Thumb Code   126  queue.o(i.prvUnlockQueue)
    i.pvPortMalloc                           0x08002608   Section        0  heap_4.o(i.pvPortMalloc)
    i.pxPortInitialiseStack                  0x08002774   Section        0  port.o(i.pxPortInitialiseStack)
    i.start_task                             0x080027a0   Section        0  main.o(i.start_task)
    i.uart_init                              0x08002834   Section        0  usart.o(i.uart_init)
    i.uxListRemove                           0x080028e0   Section        0  list.o(i.uxListRemove)
    i.vListInitialise                        0x08002908   Section        0  list.o(i.vListInitialise)
    i.vListInitialiseItem                    0x08002922   Section        0  list.o(i.vListInitialiseItem)
    i.vListInsert                            0x08002928   Section        0  list.o(i.vListInsert)
    i.vListInsertEnd                         0x0800295c   Section        0  list.o(i.vListInsertEnd)
    i.vPortEnterCritical                     0x08002974   Section        0  port.o(i.vPortEnterCritical)
    i.vPortExitCritical                      0x080029c8   Section        0  port.o(i.vPortExitCritical)
    i.vPortFree                              0x08002a04   Section        0  heap_4.o(i.vPortFree)
    i.vPortSetupTimerInterrupt               0x08002aa8   Section        0  port.o(i.vPortSetupTimerInterrupt)
    i.vQueueAddToRegistry                    0x08002ad0   Section        0  queue.o(i.vQueueAddToRegistry)
    i.vQueueWaitForMessageRestricted         0x08002b30   Section        0  queue.o(i.vQueueWaitForMessageRestricted)
    i.vTaskDelay                             0x08002b7c   Section        0  tasks.o(i.vTaskDelay)
    i.vTaskDelete                            0x08002bd8   Section        0  tasks.o(i.vTaskDelete)
    i.vTaskInternalSetTimeOutState           0x08002cd4   Section        0  tasks.o(i.vTaskInternalSetTimeOutState)
    i.vTaskMissedYield                       0x08002cec   Section        0  tasks.o(i.vTaskMissedYield)
    i.vTaskPlaceOnEventList                  0x08002cf8   Section        0  tasks.o(i.vTaskPlaceOnEventList)
    i.vTaskPlaceOnEventListRestricted        0x08002d30   Section        0  tasks.o(i.vTaskPlaceOnEventListRestricted)
    i.vTaskStartScheduler                    0x08002d94   Section        0  tasks.o(i.vTaskStartScheduler)
    i.vTaskSuspendAll                        0x08002e30   Section        0  tasks.o(i.vTaskSuspendAll)
    i.vTaskSwitchContext                     0x08002e40   Section        0  tasks.o(i.vTaskSwitchContext)
    i.xPortStartScheduler                    0x08002ecc   Section        0  port.o(i.xPortStartScheduler)
    i.xPortSysTickHandler                    0x08003034   Section        0  port.o(i.xPortSysTickHandler)
    i.xQueueGenericCreate                    0x08003068   Section        0  queue.o(i.xQueueGenericCreate)
    i.xQueueGenericReset                     0x080030d0   Section        0  queue.o(i.xQueueGenericReset)
    i.xQueueReceive                          0x080031ac   Section        0  queue.o(i.xQueueReceive)
    i.xTaskCheckForTimeOut                   0x08003314   Section        0  tasks.o(i.xTaskCheckForTimeOut)
    i.xTaskCreate                            0x080033a4   Section        0  tasks.o(i.xTaskCreate)
    i.xTaskGetSchedulerState                 0x08003404   Section        0  tasks.o(i.xTaskGetSchedulerState)
    i.xTaskGetTickCount                      0x08003424   Section        0  tasks.o(i.xTaskGetTickCount)
    i.xTaskIncrementTick                     0x08003430   Section        0  tasks.o(i.xTaskIncrementTick)
    i.xTaskRemoveFromEventList               0x080035ec   Section        0  tasks.o(i.xTaskRemoveFromEventList)
    i.xTaskResumeAll                         0x0800370c   Section        0  tasks.o(i.xTaskResumeAll)
    i.xTimerCreateTimerTask                  0x08003884   Section        0  timers.o(i.xTimerCreateTimerTask)
    locale$$code                             0x080038dc   Section       44  lc_numeric_c.o(locale$$code)
    x$fpl$dretinf                            0x08003908   Section       12  dretinf.o(x$fpl$dretinf)
    $v0                                      0x08003908   Number         0  dretinf.o(x$fpl$dretinf)
    x$fpl$f2d                                0x08003914   Section       86  f2d.o(x$fpl$f2d)
    $v0                                      0x08003914   Number         0  f2d.o(x$fpl$f2d)
    x$fpl$fnaninf                            0x0800396a   Section      140  fnaninf.o(x$fpl$fnaninf)
    $v0                                      0x0800396a   Number         0  fnaninf.o(x$fpl$fnaninf)
    x$fpl$fpinit                             0x080039f6   Section       10  fpinit.o(x$fpl$fpinit)
    $v0                                      0x080039f6   Number         0  fpinit.o(x$fpl$fpinit)
    x$fpl$printf1                            0x08003a00   Section        4  printf1.o(x$fpl$printf1)
    $v0                                      0x08003a00   Number         0  printf1.o(x$fpl$printf1)
    .constdata                               0x08003a04   Section      148  bigflt0.o(.constdata)
    x$fpl$usenofp                            0x08003a04   Section        0  usenofp.o(x$fpl$usenofp)
    tenpwrs_x                                0x08003a04   Data          60  bigflt0.o(.constdata)
    tenpwrs_i                                0x08003a40   Data          64  bigflt0.o(.constdata)
    locale$$data                             0x08003ab8   Section       28  lc_numeric_c.o(locale$$data)
    __lcnum_c_name                           0x08003abc   Data           2  lc_numeric_c.o(locale$$data)
    __lcnum_c_start                          0x08003ac4   Data           0  lc_numeric_c.o(locale$$data)
    __lcnum_c_point                          0x08003ad0   Data           0  lc_numeric_c.o(locale$$data)
    __lcnum_c_thousands                      0x08003ad2   Data           0  lc_numeric_c.o(locale$$data)
    __lcnum_c_grouping                       0x08003ad3   Data           0  lc_numeric_c.o(locale$$data)
    __lcnum_c_end                            0x08003ad4   Data           0  lc_numeric_c.o(locale$$data)
    .data                                    0x20000000   Section       20  main.o(.data)
    float_num                                0x20000010   Data           4  main.o(.data)
    .data                                    0x20000014   Section       20  system_stm32f4xx.o(.data)
    .data                                    0x20000028   Section        4  delay.o(.data)
    fac_us                                   0x20000028   Data           1  delay.o(.data)
    fac_ms                                   0x2000002a   Data           2  delay.o(.data)
    .data                                    0x2000002c   Section        6  usart.o(.data)
    .data                                    0x20000032   Section       16  stm32f4xx_rcc.o(.data)
    APBAHBPrescTable                         0x20000032   Data          16  stm32f4xx_rcc.o(.data)
    .data                                    0x20000044   Section       64  tasks.o(.data)
    pxDelayedTaskList                        0x20000048   Data           4  tasks.o(.data)
    pxOverflowDelayedTaskList                0x2000004c   Data           4  tasks.o(.data)
    uxDeletedTasksWaitingCleanUp             0x20000050   Data           4  tasks.o(.data)
    uxCurrentNumberOfTasks                   0x20000054   Data           4  tasks.o(.data)
    xTickCount                               0x20000058   Data           4  tasks.o(.data)
    uxTopReadyPriority                       0x2000005c   Data           4  tasks.o(.data)
    xSchedulerRunning                        0x20000060   Data           4  tasks.o(.data)
    xPendedTicks                             0x20000064   Data           4  tasks.o(.data)
    xYieldPending                            0x20000068   Data           4  tasks.o(.data)
    xNumOfOverflows                          0x2000006c   Data           4  tasks.o(.data)
    uxTaskNumber                             0x20000070   Data           4  tasks.o(.data)
    xNextTaskUnblockTime                     0x20000074   Data           4  tasks.o(.data)
    xIdleTaskHandle                          0x20000078   Data           4  tasks.o(.data)
    uxSchedulerSuspended                     0x20000080   Data           4  tasks.o(.data)
    .data                                    0x20000084   Section       20  timers.o(.data)
    pxCurrentTimerList                       0x20000084   Data           4  timers.o(.data)
    pxOverflowTimerList                      0x20000088   Data           4  timers.o(.data)
    xTimerQueue                              0x2000008c   Data           4  timers.o(.data)
    xTimerTaskHandle                         0x20000090   Data           4  timers.o(.data)
    xLastTime                                0x20000094   Data           4  timers.o(.data)
    .data                                    0x20000098   Section       12  port.o(.data)
    uxCriticalNesting                        0x20000098   Data           4  port.o(.data)
    ucMaxSysCallPriority                     0x2000009c   Data           1  port.o(.data)
    ulMaxPRIGROUPValue                       0x200000a0   Data           4  port.o(.data)
    .data                                    0x200000a4   Section       32  heap_4.o(.data)
    xStart                                   0x200000a4   Data           8  heap_4.o(.data)
    pxEnd                                    0x200000ac   Data           4  heap_4.o(.data)
    xFreeBytesRemaining                      0x200000b0   Data           4  heap_4.o(.data)
    xMinimumEverFreeBytesRemaining           0x200000b4   Data           4  heap_4.o(.data)
    xNumberOfSuccessfulAllocations           0x200000b8   Data           4  heap_4.o(.data)
    xNumberOfSuccessfulFrees                 0x200000bc   Data           4  heap_4.o(.data)
    xBlockAllocatedBit                       0x200000c0   Data           4  heap_4.o(.data)
    .bss                                     0x200000c4   Section      200  usart.o(.bss)
    .bss                                     0x2000018c   Section       64  queue.o(.bss)
    .bss                                     0x200001cc   Section      200  tasks.o(.bss)
    pxReadyTasksLists                        0x200001cc   Data         100  tasks.o(.bss)
    xDelayedTaskList1                        0x20000230   Data          20  tasks.o(.bss)
    xDelayedTaskList2                        0x20000244   Data          20  tasks.o(.bss)
    xPendingReadyList                        0x20000258   Data          20  tasks.o(.bss)
    xTasksWaitingTermination                 0x2000026c   Data          20  tasks.o(.bss)
    xSuspendedTaskList                       0x20000280   Data          20  tasks.o(.bss)
    .bss                                     0x20000294   Section       40  timers.o(.bss)
    xActiveTimerList1                        0x20000294   Data          20  timers.o(.bss)
    xActiveTimerList2                        0x200002a8   Data          20  timers.o(.bss)
    .bss                                     0x200002bc   Section    76800  heap_4.o(.bss)
    ucHeap                                   0x200002bc   Data       76800  heap_4.o(.bss)
    .bss                                     0x20012ebc   Section       96  libspace.o(.bss)
    HEAP                                     0x20012f20   Section      512  startup_stm32f40_41xxx.o(HEAP)
    Heap_Mem                                 0x20012f20   Data         512  startup_stm32f40_41xxx.o(HEAP)
    STACK                                    0x20013120   Section     1024  startup_stm32f40_41xxx.o(STACK)
    Stack_Mem                                0x20013120   Data        1024  startup_stm32f40_41xxx.o(STACK)
    __initial_sp                             0x20013520   Data           0  startup_stm32f40_41xxx.o(STACK)

    Global Symbols

    Symbol Name                              Value     Ov Type        Size  Object(Section)

    BuildAttributes$$THM_ISAv4$E$P$D$K$B$S$7EM$VFPi3$EXTD16$VFPS$VFMA$PE$A:L22UL41UL21$X:L11$S22US41US21$IEEE1$IW$USESV6$~STKCKD$USESV7$~SHL$OTIME$ROPI$IEEEJ$EBA8$UX$STANDARDLIB$REQ8$PRES8$EABIv2 0x00000000   Number         0  anon$$obj.o ABSOLUTE
    __ARM_use_no_argv                        0x00000000   Number         0  main.o ABSOLUTE
    _printf_flags                            0x00000000   Number         0  printf_stubs.o ABSOLUTE
    _printf_return_value                     0x00000000   Number         0  printf_stubs.o ABSOLUTE
    _printf_sizespec                         0x00000000   Number         0  printf_stubs.o ABSOLUTE
    _printf_widthprec                        0x00000000   Number         0  printf_stubs.o ABSOLUTE
    __ARM_exceptions_init                     - Undefined Weak Reference
    __alloca_initialize                       - Undefined Weak Reference
    __arm_preinit_                            - Undefined Weak Reference
    __cpp_initialize__aeabi_                  - Undefined Weak Reference
    __cxa_finalize                            - Undefined Weak Reference
    __sigvec_lookup                           - Undefined Weak Reference
    _atexit_init                              - Undefined Weak Reference
    _call_atexit_fns                          - Undefined Weak Reference
    _clock_init                               - Undefined Weak Reference
    _fp_trap_init                             - Undefined Weak Reference
    _fp_trap_shutdown                         - Undefined Weak Reference
    _get_lc_collate                           - Undefined Weak Reference
    _get_lc_ctype                             - Undefined Weak Reference
    _get_lc_monetary                          - Undefined Weak Reference
    _get_lc_time                              - Undefined Weak Reference
    _getenv_init                              - Undefined Weak Reference
    _handle_redirection                       - Undefined Weak Reference
    _init_alloc                               - Undefined Weak Reference
    _init_user_alloc                          - Undefined Weak Reference
    _initio                                   - Undefined Weak Reference
    _mutex_acquire                            - Undefined Weak Reference
    _mutex_release                            - Undefined Weak Reference
    _printf_post_padding                      - Undefined Weak Reference
    _printf_pre_padding                       - Undefined Weak Reference
    _rand_init                                - Undefined Weak Reference
    _signal_finish                            - Undefined Weak Reference
    _signal_init                              - Undefined Weak Reference
    _terminate_alloc                          - Undefined Weak Reference
    _terminate_user_alloc                     - Undefined Weak Reference
    _terminateio                              - Undefined Weak Reference
    __Vectors_Size                           0x00000188   Number         0  startup_stm32f40_41xxx.o ABSOLUTE
    __Vectors                                0x08000000   Data           4  startup_stm32f40_41xxx.o(RESET)
    __Vectors_End                            0x08000188   Data           0  startup_stm32f40_41xxx.o(RESET)
    __main                                   0x08000189   Thumb Code     8  __main.o(!!!main)
    __scatterload                            0x08000191   Thumb Code     0  __scatter.o(!!!scatter)
    __scatterload_rt2                        0x08000191   Thumb Code    44  __scatter.o(!!!scatter)
    __scatterload_rt2_thumb_only             0x08000191   Thumb Code     0  __scatter.o(!!!scatter)
    __scatterload_null                       0x0800019f   Thumb Code     0  __scatter.o(!!!scatter)
    __scatterload_copy                       0x080001c5   Thumb Code    26  __scatter_copy.o(!!handler_copy)
    __scatterload_zeroinit                   0x080001e1   Thumb Code    28  __scatter_zi.o(!!handler_zi)
    _printf_f                                0x080001fd   Thumb Code     0  _printf_f.o(.ARM.Collect$$_printf_percent$$00000003)
    _printf_percent                          0x080001fd   Thumb Code     0  _printf_percent.o(.ARM.Collect$$_printf_percent$$00000000)
    _printf_percent_end                      0x08000203   Thumb Code     0  _printf_percent_end.o(.ARM.Collect$$_printf_percent$$00000017)
    __rt_lib_init                            0x08000207   Thumb Code     0  libinit.o(.ARM.Collect$$libinit$$00000000)
    __rt_lib_init_fp_1                       0x08000209   Thumb Code     0  libinit2.o(.ARM.Collect$$libinit$$00000001)
    __rt_lib_init_heap_1                     0x0800020d   Thumb Code     0  libinit2.o(.ARM.Collect$$libinit$$0000000A)
    __rt_lib_init_lc_common                  0x0800020d   Thumb Code     0  libinit2.o(.ARM.Collect$$libinit$$0000000F)
    __rt_lib_init_preinit_1                  0x0800020d   Thumb Code     0  libinit2.o(.ARM.Collect$$libinit$$00000004)
    __rt_lib_init_rand_1                     0x0800020d   Thumb Code     0  libinit2.o(.ARM.Collect$$libinit$$0000000E)
    __rt_lib_init_user_alloc_1               0x0800020d   Thumb Code     0  libinit2.o(.ARM.Collect$$libinit$$0000000C)
    __rt_lib_init_lc_collate_1               0x08000213   Thumb Code     0  libinit2.o(.ARM.Collect$$libinit$$00000011)
    __rt_lib_init_lc_ctype_1                 0x08000213   Thumb Code     0  libinit2.o(.ARM.Collect$$libinit$$00000013)
    __rt_lib_init_lc_monetary_1              0x08000213   Thumb Code     0  libinit2.o(.ARM.Collect$$libinit$$00000015)
    __rt_lib_init_lc_numeric_2               0x08000213   Thumb Code     0  libinit2.o(.ARM.Collect$$libinit$$00000016)
    __rt_lib_init_alloca_1                   0x0800021d   Thumb Code     0  libinit2.o(.ARM.Collect$$libinit$$0000002E)
    __rt_lib_init_argv_1                     0x0800021d   Thumb Code     0  libinit2.o(.ARM.Collect$$libinit$$0000002C)
    __rt_lib_init_atexit_1                   0x0800021d   Thumb Code     0  libinit2.o(.ARM.Collect$$libinit$$0000001B)
    __rt_lib_init_clock_1                    0x0800021d   Thumb Code     0  libinit2.o(.ARM.Collect$$libinit$$00000021)
    __rt_lib_init_cpp_1                      0x0800021d   Thumb Code     0  libinit2.o(.ARM.Collect$$libinit$$00000032)
    __rt_lib_init_exceptions_1               0x0800021d   Thumb Code     0  libinit2.o(.ARM.Collect$$libinit$$00000030)
    __rt_lib_init_fp_trap_1                  0x0800021d   Thumb Code     0  libinit2.o(.ARM.Collect$$libinit$$0000001F)
    __rt_lib_init_getenv_1                   0x0800021d   Thumb Code     0  libinit2.o(.ARM.Collect$$libinit$$00000023)
    __rt_lib_init_lc_numeric_1               0x0800021d   Thumb Code     0  libinit2.o(.ARM.Collect$$libinit$$00000017)
    __rt_lib_init_lc_time_1                  0x0800021d   Thumb Code     0  libinit2.o(.ARM.Collect$$libinit$$00000019)
    __rt_lib_init_return                     0x0800021d   Thumb Code     0  libinit2.o(.ARM.Collect$$libinit$$00000033)
    __rt_lib_init_signal_1                   0x0800021d   Thumb Code     0  libinit2.o(.ARM.Collect$$libinit$$0000001D)
    __rt_lib_init_stdio_1                    0x0800021d   Thumb Code     0  libinit2.o(.ARM.Collect$$libinit$$00000025)
    __rt_lib_shutdown                        0x0800021f   Thumb Code     0  libshutdown.o(.ARM.Collect$$libshutdown$$00000000)
    __rt_lib_shutdown_cpp_1                  0x08000221   Thumb Code     0  libshutdown2.o(.ARM.Collect$$libshutdown$$00000002)
    __rt_lib_shutdown_fp_trap_1              0x08000221   Thumb Code     0  libshutdown2.o(.ARM.Collect$$libshutdown$$00000007)
    __rt_lib_shutdown_heap_1                 0x08000221   Thumb Code     0  libshutdown2.o(.ARM.Collect$$libshutdown$$0000000F)
    __rt_lib_shutdown_return                 0x08000221   Thumb Code     0  libshutdown2.o(.ARM.Collect$$libshutdown$$00000010)
    __rt_lib_shutdown_signal_1               0x08000221   Thumb Code     0  libshutdown2.o(.ARM.Collect$$libshutdown$$0000000A)
    __rt_lib_shutdown_stdio_1                0x08000221   Thumb Code     0  libshutdown2.o(.ARM.Collect$$libshutdown$$00000004)
    __rt_lib_shutdown_user_alloc_1           0x08000221   Thumb Code     0  libshutdown2.o(.ARM.Collect$$libshutdown$$0000000C)
    __rt_entry                               0x08000223   Thumb Code     0  __rtentry.o(.ARM.Collect$$rtentry$$00000000)
    __rt_entry_presh_1                       0x08000223   Thumb Code     0  __rtentry2.o(.ARM.Collect$$rtentry$$00000002)
    __rt_entry_sh                            0x08000223   Thumb Code     0  __rtentry4.o(.ARM.Collect$$rtentry$$00000004)
    __rt_entry_li                            0x08000229   Thumb Code     0  __rtentry2.o(.ARM.Collect$$rtentry$$0000000A)
    __rt_entry_postsh_1                      0x08000229   Thumb Code     0  __rtentry2.o(.ARM.Collect$$rtentry$$00000009)
    __rt_entry_main                          0x0800022d   Thumb Code     0  __rtentry2.o(.ARM.Collect$$rtentry$$0000000D)
    __rt_entry_postli_1                      0x0800022d   Thumb Code     0  __rtentry2.o(.ARM.Collect$$rtentry$$0000000C)
    __rt_exit                                0x08000235   Thumb Code     0  rtexit.o(.ARM.Collect$$rtexit$$00000000)
    __rt_exit_ls                             0x08000237   Thumb Code     0  rtexit2.o(.ARM.Collect$$rtexit$$00000003)
    __rt_exit_prels_1                        0x08000237   Thumb Code     0  rtexit2.o(.ARM.Collect$$rtexit$$00000002)
    __rt_exit_exit                           0x0800023b   Thumb Code     0  rtexit2.o(.ARM.Collect$$rtexit$$00000004)
    SVC_Handler                              0x08000241   Thumb Code    28  port.o(.emb_text)
    __asm___6_port_c_39a90d8d__prvStartFirstTask 0x08000261   Thumb Code    36  port.o(.emb_text)
    __asm___6_port_c_39a90d8d__prvEnableVFP  0x08000289   Thumb Code    16  port.o(.emb_text)
    PendSV_Handler                           0x0800029d   Thumb Code    88  port.o(.emb_text)
    vPortGetIPSR                             0x080002f9   Thumb Code     6  port.o(.emb_text)
    Reset_Handler                            0x08000301   Thumb Code     8  startup_stm32f40_41xxx.o(.text)
    ADC_IRQHandler                           0x0800031b   Thumb Code     0  startup_stm32f40_41xxx.o(.text)
    CAN1_RX0_IRQHandler                      0x0800031b   Thumb Code     0  startup_stm32f40_41xxx.o(.text)
    CAN1_RX1_IRQHandler                      0x0800031b   Thumb Code     0  startup_stm32f40_41xxx.o(.text)
    CAN1_SCE_IRQHandler                      0x0800031b   Thumb Code     0  startup_stm32f40_41xxx.o(.text)
    CAN1_TX_IRQHandler                       0x0800031b   Thumb Code     0  startup_stm32f40_41xxx.o(.text)
    CAN2_RX0_IRQHandler                      0x0800031b   Thumb Code     0  startup_stm32f40_41xxx.o(.text)
    CAN2_RX1_IRQHandler                      0x0800031b   Thumb Code     0  startup_stm32f40_41xxx.o(.text)
    CAN2_SCE_IRQHandler                      0x0800031b   Thumb Code     0  startup_stm32f40_41xxx.o(.text)
    CAN2_TX_IRQHandler                       0x0800031b   Thumb Code     0  startup_stm32f40_41xxx.o(.text)
    CRYP_IRQHandler                          0x0800031b   Thumb Code     0  startup_stm32f40_41xxx.o(.text)
    DCMI_IRQHandler                          0x0800031b   Thumb Code     0  startup_stm32f40_41xxx.o(.text)
    DMA1_Stream0_IRQHandler                  0x0800031b   Thumb Code     0  startup_stm32f40_41xxx.o(.text)
    DMA1_Stream1_IRQHandler                  0x0800031b   Thumb Code     0  startup_stm32f40_41xxx.o(.text)
    DMA1_Stream2_IRQHandler                  0x0800031b   Thumb Code     0  startup_stm32f40_41xxx.o(.text)
    DMA1_Stream3_IRQHandler                  0x0800031b   Thumb Code     0  startup_stm32f40_41xxx.o(.text)
    DMA1_Stream4_IRQHandler                  0x0800031b   Thumb Code     0  startup_stm32f40_41xxx.o(.text)
    DMA1_Stream5_IRQHandler                  0x0800031b   Thumb Code     0  startup_stm32f40_41xxx.o(.text)
    DMA1_Stream6_IRQHandler                  0x0800031b   Thumb Code     0  startup_stm32f40_41xxx.o(.text)
    DMA1_Stream7_IRQHandler                  0x0800031b   Thumb Code     0  startup_stm32f40_41xxx.o(.text)
    DMA2_Stream0_IRQHandler                  0x0800031b   Thumb Code     0  startup_stm32f40_41xxx.o(.text)
    DMA2_Stream1_IRQHandler                  0x0800031b   Thumb Code     0  startup_stm32f40_41xxx.o(.text)
    DMA2_Stream2_IRQHandler                  0x0800031b   Thumb Code     0  startup_stm32f40_41xxx.o(.text)
    DMA2_Stream3_IRQHandler                  0x0800031b   Thumb Code     0  startup_stm32f40_41xxx.o(.text)
    DMA2_Stream4_IRQHandler                  0x0800031b   Thumb Code     0  startup_stm32f40_41xxx.o(.text)
    DMA2_Stream5_IRQHandler                  0x0800031b   Thumb Code     0  startup_stm32f40_41xxx.o(.text)
    DMA2_Stream6_IRQHandler                  0x0800031b   Thumb Code     0  startup_stm32f40_41xxx.o(.text)
    DMA2_Stream7_IRQHandler                  0x0800031b   Thumb Code     0  startup_stm32f40_41xxx.o(.text)
    ETH_IRQHandler                           0x0800031b   Thumb Code     0  startup_stm32f40_41xxx.o(.text)
    ETH_WKUP_IRQHandler                      0x0800031b   Thumb Code     0  startup_stm32f40_41xxx.o(.text)
    EXTI0_IRQHandler                         0x0800031b   Thumb Code     0  startup_stm32f40_41xxx.o(.text)
    EXTI15_10_IRQHandler                     0x0800031b   Thumb Code     0  startup_stm32f40_41xxx.o(.text)
    EXTI1_IRQHandler                         0x0800031b   Thumb Code     0  startup_stm32f40_41xxx.o(.text)
    EXTI2_IRQHandler                         0x0800031b   Thumb Code     0  startup_stm32f40_41xxx.o(.text)
    EXTI3_IRQHandler                         0x0800031b   Thumb Code     0  startup_stm32f40_41xxx.o(.text)
    EXTI4_IRQHandler                         0x0800031b   Thumb Code     0  startup_stm32f40_41xxx.o(.text)
    EXTI9_5_IRQHandler                       0x0800031b   Thumb Code     0  startup_stm32f40_41xxx.o(.text)
    FLASH_IRQHandler                         0x0800031b   Thumb Code     0  startup_stm32f40_41xxx.o(.text)
    FPU_IRQHandler                           0x0800031b   Thumb Code     0  startup_stm32f40_41xxx.o(.text)
    FSMC_IRQHandler                          0x0800031b   Thumb Code     0  startup_stm32f40_41xxx.o(.text)
    HASH_RNG_IRQHandler                      0x0800031b   Thumb Code     0  startup_stm32f40_41xxx.o(.text)
    I2C1_ER_IRQHandler                       0x0800031b   Thumb Code     0  startup_stm32f40_41xxx.o(.text)
    I2C1_EV_IRQHandler                       0x0800031b   Thumb Code     0  startup_stm32f40_41xxx.o(.text)
    I2C2_ER_IRQHandler                       0x0800031b   Thumb Code     0  startup_stm32f40_41xxx.o(.text)
    I2C2_EV_IRQHandler                       0x0800031b   Thumb Code     0  startup_stm32f40_41xxx.o(.text)
    I2C3_ER_IRQHandler                       0x0800031b   Thumb Code     0  startup_stm32f40_41xxx.o(.text)
    I2C3_EV_IRQHandler                       0x0800031b   Thumb Code     0  startup_stm32f40_41xxx.o(.text)
    OTG_FS_IRQHandler                        0x0800031b   Thumb Code     0  startup_stm32f40_41xxx.o(.text)
    OTG_FS_WKUP_IRQHandler                   0x0800031b   Thumb Code     0  startup_stm32f40_41xxx.o(.text)
    OTG_HS_EP1_IN_IRQHandler                 0x0800031b   Thumb Code     0  startup_stm32f40_41xxx.o(.text)
    OTG_HS_EP1_OUT_IRQHandler                0x0800031b   Thumb Code     0  startup_stm32f40_41xxx.o(.text)
    OTG_HS_IRQHandler                        0x0800031b   Thumb Code     0  startup_stm32f40_41xxx.o(.text)
    OTG_HS_WKUP_IRQHandler                   0x0800031b   Thumb Code     0  startup_stm32f40_41xxx.o(.text)
    PVD_IRQHandler                           0x0800031b   Thumb Code     0  startup_stm32f40_41xxx.o(.text)
    RCC_IRQHandler                           0x0800031b   Thumb Code     0  startup_stm32f40_41xxx.o(.text)
    RTC_Alarm_IRQHandler                     0x0800031b   Thumb Code     0  startup_stm32f40_41xxx.o(.text)
    RTC_WKUP_IRQHandler                      0x0800031b   Thumb Code     0  startup_stm32f40_41xxx.o(.text)
    SDIO_IRQHandler                          0x0800031b   Thumb Code     0  startup_stm32f40_41xxx.o(.text)
    SPI1_IRQHandler                          0x0800031b   Thumb Code     0  startup_stm32f40_41xxx.o(.text)
    SPI2_IRQHandler                          0x0800031b   Thumb Code     0  startup_stm32f40_41xxx.o(.text)
    SPI3_IRQHandler                          0x0800031b   Thumb Code     0  startup_stm32f40_41xxx.o(.text)
    TAMP_STAMP_IRQHandler                    0x0800031b   Thumb Code     0  startup_stm32f40_41xxx.o(.text)
    TIM1_BRK_TIM9_IRQHandler                 0x0800031b   Thumb Code     0  startup_stm32f40_41xxx.o(.text)
    TIM1_CC_IRQHandler                       0x0800031b   Thumb Code     0  startup_stm32f40_41xxx.o(.text)
    TIM1_TRG_COM_TIM11_IRQHandler            0x0800031b   Thumb Code     0  startup_stm32f40_41xxx.o(.text)
    TIM1_UP_TIM10_IRQHandler                 0x0800031b   Thumb Code     0  startup_stm32f40_41xxx.o(.text)
    TIM2_IRQHandler                          0x0800031b   Thumb Code     0  startup_stm32f40_41xxx.o(.text)
    TIM3_IRQHandler                          0x0800031b   Thumb Code     0  startup_stm32f40_41xxx.o(.text)
    TIM4_IRQHandler                          0x0800031b   Thumb Code     0  startup_stm32f40_41xxx.o(.text)
    TIM5_IRQHandler                          0x0800031b   Thumb Code     0  startup_stm32f40_41xxx.o(.text)
    TIM6_DAC_IRQHandler                      0x0800031b   Thumb Code     0  startup_stm32f40_41xxx.o(.text)
    TIM7_IRQHandler                          0x0800031b   Thumb Code     0  startup_stm32f40_41xxx.o(.text)
    TIM8_BRK_TIM12_IRQHandler                0x0800031b   Thumb Code     0  startup_stm32f40_41xxx.o(.text)
    TIM8_CC_IRQHandler                       0x0800031b   Thumb Code     0  startup_stm32f40_41xxx.o(.text)
    TIM8_TRG_COM_TIM14_IRQHandler            0x0800031b   Thumb Code     0  startup_stm32f40_41xxx.o(.text)
    TIM8_UP_TIM13_IRQHandler                 0x0800031b   Thumb Code     0  startup_stm32f40_41xxx.o(.text)
    UART4_IRQHandler                         0x0800031b   Thumb Code     0  startup_stm32f40_41xxx.o(.text)
    UART5_IRQHandler                         0x0800031b   Thumb Code     0  startup_stm32f40_41xxx.o(.text)
    USART2_IRQHandler                        0x0800031b   Thumb Code     0  startup_stm32f40_41xxx.o(.text)
    USART3_IRQHandler                        0x0800031b   Thumb Code     0  startup_stm32f40_41xxx.o(.text)
    USART6_IRQHandler                        0x0800031b   Thumb Code     0  startup_stm32f40_41xxx.o(.text)
    WWDG_IRQHandler                          0x0800031b   Thumb Code     0  startup_stm32f40_41xxx.o(.text)
    __user_initial_stackheap                 0x0800031d   Thumb Code     0  startup_stm32f40_41xxx.o(.text)
    __use_no_semihosting                     0x08000341   Thumb Code     2  use_no_semi_2.o(.text)
    __2printf                                0x08000345   Thumb Code    20  noretval__2printf.o(.text)
    __printf                                 0x0800035d   Thumb Code   270  __printf_wp.o(.text)
    __aeabi_memcpy                           0x0800046b   Thumb Code     0  rt_memcpy_v6.o(.text)
    __rt_memcpy                              0x0800046b   Thumb Code   138  rt_memcpy_v6.o(.text)
    _memcpy_lastbytes                        0x080004d1   Thumb Code     0  rt_memcpy_v6.o(.text)
    __aeabi_memset                           0x080004f5   Thumb Code    16  aeabi_memset.o(.text)
    __aeabi_memclr4                          0x08000505   Thumb Code     0  rt_memclr_w.o(.text)
    __aeabi_memclr8                          0x08000505   Thumb Code     0  rt_memclr_w.o(.text)
    __rt_memclr_w                            0x08000505   Thumb Code    78  rt_memclr_w.o(.text)
    _memset_w                                0x08000509   Thumb Code     0  rt_memclr_w.o(.text)
    __use_two_region_memory                  0x08000553   Thumb Code     2  heapauxi.o(.text)
    __rt_heap_escrow$2region                 0x08000555   Thumb Code     2  heapauxi.o(.text)
    __rt_heap_expand$2region                 0x08000557   Thumb Code     2  heapauxi.o(.text)
    __I$use$semihosting                      0x08000559   Thumb Code     0  use_no_semi.o(.text)
    __use_no_semihosting_swi                 0x08000559   Thumb Code     2  use_no_semi.o(.text)
    __lib_sel_fp_printf                      0x0800055b   Thumb Code     2  _printf_fp_dec.o(.text)
    _printf_fp_dec_real                      0x08000709   Thumb Code   620  _printf_fp_dec.o(.text)
    _printf_char_file                        0x08000975   Thumb Code    32  _printf_char_file.o(.text)
    __aeabi_memcpy4                          0x08000999   Thumb Code     0  rt_memcpy_w.o(.text)
    __aeabi_memcpy8                          0x08000999   Thumb Code     0  rt_memcpy_w.o(.text)
    __rt_memcpy_w                            0x08000999   Thumb Code   100  rt_memcpy_w.o(.text)
    _memcpy_lastbytes_aligned                0x080009e1   Thumb Code     0  rt_memcpy_w.o(.text)
    __aeabi_memclr                           0x080009fd   Thumb Code     0  rt_memclr.o(.text)
    __rt_memclr                              0x080009fd   Thumb Code    68  rt_memclr.o(.text)
    _memset                                  0x08000a01   Thumb Code     0  rt_memclr.o(.text)
    __rt_locale                              0x08000a41   Thumb Code     8  rt_locale_intlibspace.o(.text)
    _ll_udiv10                               0x08000a49   Thumb Code   138  lludiv10.o(.text)
    _printf_char_common                      0x08000adf   Thumb Code    32  _printf_char_common.o(.text)
    _printf_fp_infnan                        0x08000b05   Thumb Code   112  _printf_fp_infnan.o(.text)
    _btod_etento                             0x08000b85   Thumb Code   216  bigflt0.o(.text)
    ferror                                   0x08000c61   Thumb Code     8  ferror.o(.text)
    __user_libspace                          0x08000c69   Thumb Code     8  libspace.o(.text)
    __user_perproc_libspace                  0x08000c69   Thumb Code     0  libspace.o(.text)
    __user_perthread_libspace                0x08000c69   Thumb Code     0  libspace.o(.text)
    __user_setup_stackheap                   0x08000c71   Thumb Code    74  sys_stackheap_outer.o(.text)
    exit                                     0x08000cbb   Thumb Code    18  exit.o(.text)
    strcmp                                   0x08000ccd   Thumb Code   128  strcmpv7m.o(.text)
    _btod_d2e                                0x08000d4d   Thumb Code    62  btod.o(CL$$btod_d2e)
    _d2e_denorm_low                          0x08000d8b   Thumb Code    70  btod.o(CL$$btod_d2e_denorm_low)
    _d2e_norm_op1                            0x08000dd1   Thumb Code    96  btod.o(CL$$btod_d2e_norm_op1)
    __btod_div_common                        0x08000e31   Thumb Code   696  btod.o(CL$$btod_div_common)
    _e2e                                     0x08001169   Thumb Code   198  btod.o(CL$$btod_e2e)
    _btod_ediv                               0x0800122f   Thumb Code    40  btod.o(CL$$btod_ediv)
    _btod_emul                               0x08001257   Thumb Code    40  btod.o(CL$$btod_emul)
    __btod_mult_common                       0x0800127f   Thumb Code   580  btod.o(CL$$btod_mult_common)
    BusFault_Handler                         0x080014c3   Thumb Code     4  stm32f4xx_it.o(i.BusFault_Handler)
    DebugMon_Handler                         0x080014c7   Thumb Code     2  stm32f4xx_it.o(i.DebugMon_Handler)
    GPIO_Init                                0x080014c9   Thumb Code   144  stm32f4xx_gpio.o(i.GPIO_Init)
    GPIO_PinAFConfig                         0x08001559   Thumb Code    70  stm32f4xx_gpio.o(i.GPIO_PinAFConfig)
    GPIO_SetBits                             0x0800159f   Thumb Code     4  stm32f4xx_gpio.o(i.GPIO_SetBits)
    HardFault_Handler                        0x080015a3   Thumb Code     4  stm32f4xx_it.o(i.HardFault_Handler)
    LED_Init                                 0x080015a9   Thumb Code    60  led.o(i.LED_Init)
    MemManage_Handler                        0x080015e9   Thumb Code     4  stm32f4xx_it.o(i.MemManage_Handler)
    NMI_Handler                              0x080015ed   Thumb Code     2  stm32f4xx_it.o(i.NMI_Handler)
    NVIC_Init                                0x080015f1   Thumb Code   106  misc.o(i.NVIC_Init)
    NVIC_PriorityGroupConfig                 0x08001669   Thumb Code    10  misc.o(i.NVIC_PriorityGroupConfig)
    RCC_AHB1PeriphClockCmd                   0x0800167d   Thumb Code    26  stm32f4xx_rcc.o(i.RCC_AHB1PeriphClockCmd)
    RCC_APB2PeriphClockCmd                   0x0800169d   Thumb Code    26  stm32f4xx_rcc.o(i.RCC_APB2PeriphClockCmd)
    RCC_GetClocksFreq                        0x080016bd   Thumb Code   214  stm32f4xx_rcc.o(i.RCC_GetClocksFreq)
    SysTick_CLKSourceConfig                  0x08001891   Thumb Code    40  misc.o(i.SysTick_CLKSourceConfig)
    SysTick_Handler                          0x080018b9   Thumb Code    16  delay.o(i.SysTick_Handler)
    SystemInit                               0x080018c9   Thumb Code    88  system_stm32f4xx.o(i.SystemInit)
    USART1_IRQHandler                        0x08001931   Thumb Code   122  usart.o(i.USART1_IRQHandler)
    USART_Cmd                                0x080019b9   Thumb Code    24  stm32f4xx_usart.o(i.USART_Cmd)
    USART_GetITStatus                        0x080019d1   Thumb Code    84  stm32f4xx_usart.o(i.USART_GetITStatus)
    USART_ITConfig                           0x08001a25   Thumb Code    74  stm32f4xx_usart.o(i.USART_ITConfig)
    USART_Init                               0x08001a71   Thumb Code   204  stm32f4xx_usart.o(i.USART_Init)
    USART_ReceiveData                        0x08001b45   Thumb Code    10  stm32f4xx_usart.o(i.USART_ReceiveData)
    UsageFault_Handler                       0x08001b4f   Thumb Code     4  stm32f4xx_it.o(i.UsageFault_Handler)
    __ARM_fpclassify                         0x08001b53   Thumb Code    48  fpclassify.o(i.__ARM_fpclassify)
    _is_digit                                0x08001b83   Thumb Code    14  __printf_wp.o(i._is_digit)
    _sys_exit                                0x08001b91   Thumb Code     6  usart.o(i._sys_exit)
    delay_init                               0x08001b99   Thumb Code    58  delay.o(i.delay_init)
    float_task                               0x08001bdd   Thumb Code    54  main.o(i.float_task)
    fputc                                    0x08001c35   Thumb Code    22  usart.o(i.fputc)
    led0_task                                0x08001c51   Thumb Code    24  main.o(i.led0_task)
    led1_task                                0x08001c71   Thumb Code    32  main.o(i.led1_task)
    main                                     0x08001c99   Thumb Code    56  main.o(i.main)
    pvPortMalloc                             0x08002609   Thumb Code   338  heap_4.o(i.pvPortMalloc)
    pxPortInitialiseStack                    0x08002775   Thumb Code    38  port.o(i.pxPortInitialiseStack)
    start_task                               0x080027a1   Thumb Code    82  main.o(i.start_task)
    uart_init                                0x08002835   Thumb Code   164  usart.o(i.uart_init)
    uxListRemove                             0x080028e1   Thumb Code    40  list.o(i.uxListRemove)
    vListInitialise                          0x08002909   Thumb Code    26  list.o(i.vListInitialise)
    vListInitialiseItem                      0x08002923   Thumb Code     6  list.o(i.vListInitialiseItem)
    vListInsert                              0x08002929   Thumb Code    52  list.o(i.vListInsert)
    vListInsertEnd                           0x0800295d   Thumb Code    24  list.o(i.vListInsertEnd)
    vPortEnterCritical                       0x08002975   Thumb Code    76  port.o(i.vPortEnterCritical)
    vPortExitCritical                        0x080029c9   Thumb Code    56  port.o(i.vPortExitCritical)
    vPortFree                                0x08002a05   Thumb Code   150  heap_4.o(i.vPortFree)
    vPortSetupTimerInterrupt                 0x08002aa9   Thumb Code    36  port.o(i.vPortSetupTimerInterrupt)
    vQueueAddToRegistry                      0x08002ad1   Thumb Code    90  queue.o(i.vQueueAddToRegistry)
    vQueueWaitForMessageRestricted           0x08002b31   Thumb Code    74  queue.o(i.vQueueWaitForMessageRestricted)
    vTaskDelay                               0x08002b7d   Thumb Code    82  tasks.o(i.vTaskDelay)
    vTaskDelete                              0x08002bd9   Thumb Code   210  tasks.o(i.vTaskDelete)
    vTaskInternalSetTimeOutState             0x08002cd5   Thumb Code    14  tasks.o(i.vTaskInternalSetTimeOutState)
    vTaskMissedYield                         0x08002ced   Thumb Code     8  tasks.o(i.vTaskMissedYield)
    vTaskPlaceOnEventList                    0x08002cf9   Thumb Code    52  tasks.o(i.vTaskPlaceOnEventList)
    vTaskPlaceOnEventListRestricted          0x08002d31   Thumb Code    94  tasks.o(i.vTaskPlaceOnEventListRestricted)
    vTaskStartScheduler                      0x08002d95   Thumb Code   122  tasks.o(i.vTaskStartScheduler)
    vTaskSuspendAll                          0x08002e31   Thumb Code    12  tasks.o(i.vTaskSuspendAll)
    vTaskSwitchContext                       0x08002e41   Thumb Code   118  tasks.o(i.vTaskSwitchContext)
    xPortStartScheduler                      0x08002ecd   Thumb Code   330  port.o(i.xPortStartScheduler)
    xPortSysTickHandler                      0x08003035   Thumb Code    46  port.o(i.xPortSysTickHandler)
    xQueueGenericCreate                      0x08003069   Thumb Code   102  queue.o(i.xQueueGenericCreate)
    xQueueGenericReset                       0x080030d1   Thumb Code   214  queue.o(i.xQueueGenericReset)
    xQueueReceive                            0x080031ad   Thumb Code   356  queue.o(i.xQueueReceive)
    xTaskCheckForTimeOut                     0x08003315   Thumb Code   136  tasks.o(i.xTaskCheckForTimeOut)
    xTaskCreate                              0x080033a5   Thumb Code    96  tasks.o(i.xTaskCreate)
    xTaskGetSchedulerState                   0x08003405   Thumb Code    24  tasks.o(i.xTaskGetSchedulerState)
    xTaskGetTickCount                        0x08003425   Thumb Code     6  tasks.o(i.xTaskGetTickCount)
    xTaskIncrementTick                       0x08003431   Thumb Code   398  tasks.o(i.xTaskIncrementTick)
    xTaskRemoveFromEventList                 0x080035ed   Thumb Code   264  tasks.o(i.xTaskRemoveFromEventList)
    xTaskResumeAll                           0x0800370d   Thumb Code   338  tasks.o(i.xTaskResumeAll)
    xTimerCreateTimerTask                    0x08003885   Thumb Code    66  timers.o(i.xTimerCreateTimerTask)
    _get_lc_numeric                          0x080038dd   Thumb Code    44  lc_numeric_c.o(locale$$code)
    __fpl_dretinf                            0x08003909   Thumb Code    12  dretinf.o(x$fpl$dretinf)
    __aeabi_f2d                              0x08003915   Thumb Code     0  f2d.o(x$fpl$f2d)
    _f2d                                     0x08003915   Thumb Code    86  f2d.o(x$fpl$f2d)
    __fpl_fnaninf                            0x0800396b   Thumb Code   140  fnaninf.o(x$fpl$fnaninf)
    _fp_init                                 0x080039f7   Thumb Code    10  fpinit.o(x$fpl$fpinit)
    __fplib_config_fpu_vfp                   0x080039ff   Thumb Code     0  fpinit.o(x$fpl$fpinit)
    __fplib_config_pureend_doubles           0x080039ff   Thumb Code     0  fpinit.o(x$fpl$fpinit)
    _printf_fp_dec                           0x08003a01   Thumb Code     4  printf1.o(x$fpl$printf1)
    __I$use$fp                               0x08003a04   Number         0  usenofp.o(x$fpl$usenofp)
    Region$$Table$$Base                      0x08003a98   Number         0  anon$$obj.o(Region$$Table)
    Region$$Table$$Limit                     0x08003ab8   Number         0  anon$$obj.o(Region$$Table)
    StartTask_Handler                        0x20000000   Data           4  main.o(.data)
    LED0Task_Handler                         0x20000004   Data           4  main.o(.data)
    LED1Task_Handler                         0x20000008   Data           4  main.o(.data)
    FLOATTask_Handler                        0x2000000c   Data           4  main.o(.data)
    SystemCoreClock                          0x20000014   Data           4  system_stm32f4xx.o(.data)
    AHBPrescTable                            0x20000018   Data          16  system_stm32f4xx.o(.data)
    __stdout                                 0x2000002c   Data           4  usart.o(.data)
    USART_RX_STA                             0x20000030   Data           2  usart.o(.data)
    pxCurrentTCB                             0x20000044   Data           4  tasks.o(.data)
    uxTopUsedPriority                        0x2000007c   Data           4  tasks.o(.data)
    USART_RX_BUF                             0x200000c4   Data         200  usart.o(.bss)
    xQueueRegistry                           0x2000018c   Data          64  queue.o(.bss)
    __libspace_start                         0x20012ebc   Data          96  libspace.o(.bss)
    __temporary_stack_top$libspace           0x20012f1c   Data           0  libspace.o(.bss)



==============================================================================

Memory Map of the image

  Image Entry point : 0x08000189

  Load Region LR_IROM1 (Base: 0x08000000, Size: 0x00003b98, Max: 0x00100000, ABSOLUTE)

    Execution Region ER_IROM1 (Base: 0x08000000, Size: 0x00003ad4, Max: 0x00100000, ABSOLUTE)

    Base Addr    Size         Type   Attr      Idx    E Section Name        Object

    0x08000000   0x00000188   Data   RO          468    RESET               startup_stm32f40_41xxx.o
    0x08000188   0x00000008   Code   RO         2430  * !!!main             c_w.l(__main.o)
    0x08000190   0x00000034   Code   RO         2654    !!!scatter          c_w.l(__scatter.o)
    0x080001c4   0x0000001a   Code   RO         2656    !!handler_copy      c_w.l(__scatter_copy.o)
    0x080001de   0x00000002   PAD
    0x080001e0   0x0000001c   Code   RO         2658    !!handler_zi        c_w.l(__scatter_zi.o)
    0x080001fc   0x00000000   Code   RO         2419    .ARM.Collect$$_printf_percent$$00000000  c_w.l(_printf_percent.o)
    0x080001fc   0x00000006   Code   RO         2418    .ARM.Collect$$_printf_percent$$00000003  c_w.l(_printf_f.o)
    0x08000202   0x00000004   Code   RO         2443    .ARM.Collect$$_printf_percent$$00000017  c_w.l(_printf_percent_end.o)
    0x08000206   0x00000002   Code   RO         2531    .ARM.Collect$$libinit$$00000000  c_w.l(libinit.o)
    0x08000208   0x00000004   Code   RO         2532    .ARM.Collect$$libinit$$00000001  c_w.l(libinit2.o)
    0x0800020c   0x00000000   Code   RO         2535    .ARM.Collect$$libinit$$00000004  c_w.l(libinit2.o)
    0x0800020c   0x00000000   Code   RO         2538    .ARM.Collect$$libinit$$0000000A  c_w.l(libinit2.o)
    0x0800020c   0x00000000   Code   RO         2540    .ARM.Collect$$libinit$$0000000C  c_w.l(libinit2.o)
    0x0800020c   0x00000000   Code   RO         2542    .ARM.Collect$$libinit$$0000000E  c_w.l(libinit2.o)
    0x0800020c   0x00000006   Code   RO         2543    .ARM.Collect$$libinit$$0000000F  c_w.l(libinit2.o)
    0x08000212   0x00000000   Code   RO         2545    .ARM.Collect$$libinit$$00000011  c_w.l(libinit2.o)
    0x08000212   0x00000000   Code   RO         2547    .ARM.Collect$$libinit$$00000013  c_w.l(libinit2.o)
    0x08000212   0x00000000   Code   RO         2549    .ARM.Collect$$libinit$$00000015  c_w.l(libinit2.o)
    0x08000212   0x0000000a   Code   RO         2550    .ARM.Collect$$libinit$$00000016  c_w.l(libinit2.o)
    0x0800021c   0x00000000   Code   RO         2551    .ARM.Collect$$libinit$$00000017  c_w.l(libinit2.o)
    0x0800021c   0x00000000   Code   RO         2553    .ARM.Collect$$libinit$$00000019  c_w.l(libinit2.o)
    0x0800021c   0x00000000   Code   RO         2555    .ARM.Collect$$libinit$$0000001B  c_w.l(libinit2.o)
    0x0800021c   0x00000000   Code   RO         2557    .ARM.Collect$$libinit$$0000001D  c_w.l(libinit2.o)
    0x0800021c   0x00000000   Code   RO         2559    .ARM.Collect$$libinit$$0000001F  c_w.l(libinit2.o)
    0x0800021c   0x00000000   Code   RO         2561    .ARM.Collect$$libinit$$00000021  c_w.l(libinit2.o)
    0x0800021c   0x00000000   Code   RO         2563    .ARM.Collect$$libinit$$00000023  c_w.l(libinit2.o)
    0x0800021c   0x00000000   Code   RO         2565    .ARM.Collect$$libinit$$00000025  c_w.l(libinit2.o)
    0x0800021c   0x00000000   Code   RO         2569    .ARM.Collect$$libinit$$0000002C  c_w.l(libinit2.o)
    0x0800021c   0x00000000   Code   RO         2571    .ARM.Collect$$libinit$$0000002E  c_w.l(libinit2.o)
    0x0800021c   0x00000000   Code   RO         2573    .ARM.Collect$$libinit$$00000030  c_w.l(libinit2.o)
    0x0800021c   0x00000000   Code   RO         2575    .ARM.Collect$$libinit$$00000032  c_w.l(libinit2.o)
    0x0800021c   0x00000002   Code   RO         2576    .ARM.Collect$$libinit$$00000033  c_w.l(libinit2.o)
    0x0800021e   0x00000002   Code   RO         2604    .ARM.Collect$$libshutdown$$00000000  c_w.l(libshutdown.o)
    0x08000220   0x00000000   Code   RO         2613    .ARM.Collect$$libshutdown$$00000002  c_w.l(libshutdown2.o)
    0x08000220   0x00000000   Code   RO         2615    .ARM.Collect$$libshutdown$$00000004  c_w.l(libshutdown2.o)
    0x08000220   0x00000000   Code   RO         2618    .ARM.Collect$$libshutdown$$00000007  c_w.l(libshutdown2.o)
    0x08000220   0x00000000   Code   RO         2621    .ARM.Collect$$libshutdown$$0000000A  c_w.l(libshutdown2.o)
    0x08000220   0x00000000   Code   RO         2623    .ARM.Collect$$libshutdown$$0000000C  c_w.l(libshutdown2.o)
    0x08000220   0x00000000   Code   RO         2626    .ARM.Collect$$libshutdown$$0000000F  c_w.l(libshutdown2.o)
    0x08000220   0x00000002   Code   RO         2627    .ARM.Collect$$libshutdown$$00000010  c_w.l(libshutdown2.o)
    0x08000222   0x00000000   Code   RO         2438    .ARM.Collect$$rtentry$$00000000  c_w.l(__rtentry.o)
    0x08000222   0x00000000   Code   RO         2454    .ARM.Collect$$rtentry$$00000002  c_w.l(__rtentry2.o)
    0x08000222   0x00000006   Code   RO         2466    .ARM.Collect$$rtentry$$00000004  c_w.l(__rtentry4.o)
    0x08000228   0x00000000   Code   RO         2456    .ARM.Collect$$rtentry$$00000009  c_w.l(__rtentry2.o)
    0x08000228   0x00000004   Code   RO         2457    .ARM.Collect$$rtentry$$0000000A  c_w.l(__rtentry2.o)
    0x0800022c   0x00000000   Code   RO         2459    .ARM.Collect$$rtentry$$0000000C  c_w.l(__rtentry2.o)
    0x0800022c   0x00000008   Code   RO         2460    .ARM.Collect$$rtentry$$0000000D  c_w.l(__rtentry2.o)
    0x08000234   0x00000002   Code   RO         2577    .ARM.Collect$$rtexit$$00000000  c_w.l(rtexit.o)
    0x08000236   0x00000000   Code   RO         2584    .ARM.Collect$$rtexit$$00000002  c_w.l(rtexit2.o)
    0x08000236   0x00000004   Code   RO         2585    .ARM.Collect$$rtexit$$00000003  c_w.l(rtexit2.o)
    0x0800023a   0x00000006   Code   RO         2586    .ARM.Collect$$rtexit$$00000004  c_w.l(rtexit2.o)
    0x08000240   0x000000be   Code   RO         2256    .emb_text           port.o
    0x080002fe   0x00000002   PAD
    0x08000300   0x00000040   Code   RO          469    .text               startup_stm32f40_41xxx.o
    0x08000340   0x00000002   Code   RO         2390    .text               c_w.l(use_no_semi_2.o)
    0x08000342   0x00000002   PAD
    0x08000344   0x00000018   Code   RO         2394    .text               c_w.l(noretval__2printf.o)
    0x0800035c   0x0000010e   Code   RO         2406    .text               c_w.l(__printf_wp.o)
    0x0800046a   0x0000008a   Code   RO         2420    .text               c_w.l(rt_memcpy_v6.o)
    0x080004f4   0x00000010   Code   RO         2424    .text               c_w.l(aeabi_memset.o)
    0x08000504   0x0000004e   Code   RO         2426    .text               c_w.l(rt_memclr_w.o)
    0x08000552   0x00000006   Code   RO         2428    .text               c_w.l(heapauxi.o)
    0x08000558   0x00000002   Code   RO         2436    .text               c_w.l(use_no_semi.o)
    0x0800055a   0x0000041a   Code   RO         2439    .text               c_w.l(_printf_fp_dec.o)
    0x08000974   0x00000024   Code   RO         2441    .text               c_w.l(_printf_char_file.o)
    0x08000998   0x00000064   Code   RO         2444    .text               c_w.l(rt_memcpy_w.o)
    0x080009fc   0x00000044   Code   RO         2446    .text               c_w.l(rt_memclr.o)
    0x08000a40   0x00000008   Code   RO         2471    .text               c_w.l(rt_locale_intlibspace.o)
    0x08000a48   0x0000008a   Code   RO         2473    .text               c_w.l(lludiv10.o)
    0x08000ad2   0x00000002   PAD
    0x08000ad4   0x00000030   Code   RO         2475    .text               c_w.l(_printf_char_common.o)
    0x08000b04   0x00000080   Code   RO         2477    .text               c_w.l(_printf_fp_infnan.o)
    0x08000b84   0x000000dc   Code   RO         2479    .text               c_w.l(bigflt0.o)
    0x08000c60   0x00000008   Code   RO         2504    .text               c_w.l(ferror.o)
    0x08000c68   0x00000008   Code   RO         2515    .text               c_w.l(libspace.o)
    0x08000c70   0x0000004a   Code   RO         2518    .text               c_w.l(sys_stackheap_outer.o)
    0x08000cba   0x00000012   Code   RO         2522    .text               c_w.l(exit.o)
    0x08000ccc   0x00000080   Code   RO         2524    .text               c_w.l(strcmpv7m.o)
    0x08000d4c   0x0000003e   Code   RO         2482    CL$$btod_d2e        c_w.l(btod.o)
    0x08000d8a   0x00000046   Code   RO         2484    CL$$btod_d2e_denorm_low  c_w.l(btod.o)
    0x08000dd0   0x00000060   Code   RO         2483    CL$$btod_d2e_norm_op1  c_w.l(btod.o)
    0x08000e30   0x00000338   Code   RO         2492    CL$$btod_div_common  c_w.l(btod.o)
    0x08001168   0x000000c6   Code   RO         2489    CL$$btod_e2e        c_w.l(btod.o)
    0x0800122e   0x00000028   Code   RO         2486    CL$$btod_ediv       c_w.l(btod.o)
    0x08001256   0x00000028   Code   RO         2485    CL$$btod_emul       c_w.l(btod.o)
    0x0800127e   0x00000244   Code   RO         2491    CL$$btod_mult_common  c_w.l(btod.o)
    0x080014c2   0x00000004   Code   RO          204    i.BusFault_Handler  stm32f4xx_it.o
    0x080014c6   0x00000002   Code   RO          205    i.DebugMon_Handler  stm32f4xx_it.o
    0x080014c8   0x00000090   Code   RO          520    i.GPIO_Init         stm32f4xx_gpio.o
    0x08001558   0x00000046   Code   RO          521    i.GPIO_PinAFConfig  stm32f4xx_gpio.o
    0x0800159e   0x00000004   Code   RO          528    i.GPIO_SetBits      stm32f4xx_gpio.o
    0x080015a2   0x00000004   Code   RO          206    i.HardFault_Handler  stm32f4xx_it.o
    0x080015a6   0x00000002   PAD
    0x080015a8   0x00000040   Code   RO          320    i.LED_Init          led.o
    0x080015e8   0x00000004   Code   RO          207    i.MemManage_Handler  stm32f4xx_it.o
    0x080015ec   0x00000002   Code   RO          208    i.NMI_Handler       stm32f4xx_it.o
    0x080015ee   0x00000002   PAD
    0x080015f0   0x00000078   Code   RO          475    i.NVIC_Init         misc.o
    0x08001668   0x00000014   Code   RO          476    i.NVIC_PriorityGroupConfig  misc.o
    0x0800167c   0x00000020   Code   RO          617    i.RCC_AHB1PeriphClockCmd  stm32f4xx_rcc.o
    0x0800169c   0x00000020   Code   RO          629    i.RCC_APB2PeriphClockCmd  stm32f4xx_rcc.o
    0x080016bc   0x000000e8   Code   RO          638    i.RCC_GetClocksFreq  stm32f4xx_rcc.o
    0x080017a4   0x000000ec   Code   RO          283    i.SetSysClock       system_stm32f4xx.o
    0x08001890   0x00000028   Code   RO          479    i.SysTick_CLKSourceConfig  misc.o
    0x080018b8   0x00000010   Code   RO          340    i.SysTick_Handler   delay.o
    0x080018c8   0x00000068   Code   RO          285    i.SystemInit        system_stm32f4xx.o
    0x08001930   0x00000088   Code   RO          413    i.USART1_IRQHandler  usart.o
    0x080019b8   0x00000018   Code   RO         1011    i.USART_Cmd         stm32f4xx_usart.o
    0x080019d0   0x00000054   Code   RO         1015    i.USART_GetITStatus  stm32f4xx_usart.o
    0x08001a24   0x0000004a   Code   RO         1017    i.USART_ITConfig    stm32f4xx_usart.o
    0x08001a6e   0x00000002   PAD
    0x08001a70   0x000000d4   Code   RO         1018    i.USART_Init        stm32f4xx_usart.o
    0x08001b44   0x0000000a   Code   RO         1025    i.USART_ReceiveData  stm32f4xx_usart.o
    0x08001b4e   0x00000004   Code   RO          209    i.UsageFault_Handler  stm32f4xx_it.o
    0x08001b52   0x00000030   Code   RO         2513    i.__ARM_fpclassify  m_wm.l(fpclassify.o)
    0x08001b82   0x0000000e   Code   RO         2408    i._is_digit         c_w.l(__printf_wp.o)
    0x08001b90   0x00000006   Code   RO          414    i._sys_exit         usart.o
    0x08001b96   0x00000002   PAD
    0x08001b98   0x00000044   Code   RO          341    i.delay_init        delay.o
    0x08001bdc   0x00000058   Code   RO            3    i.float_task        main.o
    0x08001c34   0x0000001c   Code   RO          415    i.fputc             usart.o
    0x08001c50   0x00000020   Code   RO            4    i.led0_task         main.o
    0x08001c70   0x00000028   Code   RO            5    i.led1_task         main.o
    0x08001c98   0x0000004c   Code   RO            6    i.main              main.o
    0x08001ce4   0x000000c0   Code   RO         1727    i.prvAddCurrentTaskToDelayedList  tasks.o
    0x08001da4   0x000000ec   Code   RO         1728    i.prvAddNewTaskToReadyList  tasks.o
    0x08001e90   0x00000064   Code   RO         2091    i.prvCheckForValidListAndQueue  timers.o
    0x08001ef4   0x00000048   Code   RO         1729    i.prvCheckTasksWaitingTermination  tasks.o
    0x08001f3c   0x0000002a   Code   RO         1350    i.prvCopyDataFromQueue  queue.o
    0x08001f66   0x00000012   Code   RO         1730    i.prvDeleteTCB      tasks.o
    0x08001f78   0x00000028   Code   RO         2092    i.prvGetNextExpireTime  timers.o
    0x08001fa0   0x0000007c   Code   RO         2333    i.prvHeapInit       heap_4.o
    0x0800201c   0x00000028   Code   RO         1731    i.prvIdleTask       tasks.o
    0x08002044   0x0000002a   Code   RO         1354    i.prvInitialiseNewQueue  queue.o
    0x0800206e   0x000000e0   Code   RO         1732    i.prvInitialiseNewTask  tasks.o
    0x0800214e   0x00000002   PAD
    0x08002150   0x00000068   Code   RO         1733    i.prvInitialiseTaskLists  tasks.o
    0x080021b8   0x00000068   Code   RO         2334    i.prvInsertBlockIntoFreeList  heap_4.o
    0x08002220   0x00000058   Code   RO         2094    i.prvInsertTimerInActiveList  timers.o
    0x08002278   0x0000001a   Code   RO         1355    i.prvIsQueueEmpty   queue.o
    0x08002292   0x00000002   PAD
    0x08002294   0x00000044   Code   RO         2095    i.prvProcessExpiredTimer  timers.o
    0x080022d8   0x0000011c   Code   RO         2096    i.prvProcessReceivedCommands  timers.o
    0x080023f4   0x00000074   Code   RO         2097    i.prvProcessTimerOrBlockTask  timers.o
    0x08002468   0x00000028   Code   RO         2098    i.prvReloadTimer    timers.o
    0x08002490   0x00000030   Code   RO         1735    i.prvResetNextTaskUnblockTime  tasks.o
    0x080024c0   0x0000002c   Code   RO         2099    i.prvSampleTimeNow  timers.o
    0x080024ec   0x00000044   Code   RO         2100    i.prvSwitchTimerLists  timers.o
    0x08002530   0x00000040   Code   RO         2257    i.prvTaskExitError  port.o
    0x08002570   0x0000001a   Code   RO         2101    i.prvTimerTask      timers.o
    0x0800258a   0x0000007e   Code   RO         1357    i.prvUnlockQueue    queue.o
    0x08002608   0x0000016c   Code   RO         2335    i.pvPortMalloc      heap_4.o
    0x08002774   0x0000002c   Code   RO         2258    i.pxPortInitialiseStack  port.o
    0x080027a0   0x00000094   Code   RO            7    i.start_task        main.o
    0x08002834   0x000000ac   Code   RO          416    i.uart_init         usart.o
    0x080028e0   0x00000028   Code   RO         1310    i.uxListRemove      list.o
    0x08002908   0x0000001a   Code   RO         1311    i.vListInitialise   list.o
    0x08002922   0x00000006   Code   RO         1312    i.vListInitialiseItem  list.o
    0x08002928   0x00000034   Code   RO         1313    i.vListInsert       list.o
    0x0800295c   0x00000018   Code   RO         1314    i.vListInsertEnd    list.o
    0x08002974   0x00000054   Code   RO         2260    i.vPortEnterCritical  port.o
    0x080029c8   0x0000003c   Code   RO         2261    i.vPortExitCritical  port.o
    0x08002a04   0x000000a4   Code   RO         2336    i.vPortFree         heap_4.o
    0x08002aa8   0x00000028   Code   RO         2262    i.vPortSetupTimerInterrupt  port.o
    0x08002ad0   0x00000060   Code   RO         1363    i.vQueueAddToRegistry  queue.o
    0x08002b30   0x0000004a   Code   RO         1367    i.vQueueWaitForMessageRestricted  queue.o
    0x08002b7a   0x00000002   PAD
    0x08002b7c   0x0000005c   Code   RO         1747    i.vTaskDelay        tasks.o
    0x08002bd8   0x000000fc   Code   RO         1748    i.vTaskDelete       tasks.o
    0x08002cd4   0x00000018   Code   RO         1752    i.vTaskInternalSetTimeOutState  tasks.o
    0x08002cec   0x0000000c   Code   RO         1753    i.vTaskMissedYield  tasks.o
    0x08002cf8   0x00000038   Code   RO         1754    i.vTaskPlaceOnEventList  tasks.o
    0x08002d30   0x00000064   Code   RO         1755    i.vTaskPlaceOnEventListRestricted  tasks.o
    0x08002d94   0x0000009c   Code   RO         1763    i.vTaskStartScheduler  tasks.o
    0x08002e30   0x00000010   Code   RO         1765    i.vTaskSuspendAll   tasks.o
    0x08002e40   0x0000008c   Code   RO         1766    i.vTaskSwitchContext  tasks.o
    0x08002ecc   0x00000168   Code   RO         2264    i.xPortStartScheduler  port.o
    0x08003034   0x00000034   Code   RO         2265    i.xPortSysTickHandler  port.o
    0x08003068   0x00000066   Code   RO         1370    i.xQueueGenericCreate  queue.o
    0x080030ce   0x00000002   PAD
    0x080030d0   0x000000dc   Code   RO         1371    i.xQueueGenericReset  queue.o
    0x080031ac   0x00000168   Code   RO         1380    i.xQueueReceive     queue.o
    0x08003314   0x00000090   Code   RO         1768    i.xTaskCheckForTimeOut  tasks.o
    0x080033a4   0x00000060   Code   RO         1769    i.xTaskCreate       tasks.o
    0x08003404   0x00000020   Code   RO         1776    i.xTaskGetSchedulerState  tasks.o
    0x08003424   0x0000000c   Code   RO         1777    i.xTaskGetTickCount  tasks.o
    0x08003430   0x000001bc   Code   RO         1779    i.xTaskIncrementTick  tasks.o
    0x080035ec   0x00000120   Code   RO         1782    i.xTaskRemoveFromEventList  tasks.o
    0x0800370c   0x00000178   Code   RO         1783    i.xTaskResumeAll    tasks.o
    0x08003884   0x00000058   Code   RO         2109    i.xTimerCreateTimerTask  timers.o
    0x080038dc   0x0000002c   Code   RO         2509    locale$$code        c_w.l(lc_numeric_c.o)
    0x08003908   0x0000000c   Code   RO         2448    x$fpl$dretinf       fz_wm.l(dretinf.o)
    0x08003914   0x00000056   Code   RO         2432    x$fpl$f2d           fz_wm.l(f2d.o)
    0x0800396a   0x0000008c   Code   RO         2450    x$fpl$fnaninf       fz_wm.l(fnaninf.o)
    0x080039f6   0x0000000a   Code   RO         2581    x$fpl$fpinit        fz_wm.l(fpinit.o)
    0x08003a00   0x00000004   Code   RO         2434    x$fpl$printf1       fz_wm.l(printf1.o)
    0x08003a04   0x00000000   Code   RO         2452    x$fpl$usenofp       fz_wm.l(usenofp.o)
    0x08003a04   0x00000094   Data   RO         2480    .constdata          c_w.l(bigflt0.o)
    0x08003a98   0x00000020   Data   RO         2652    Region$$Table       anon$$obj.o
    0x08003ab8   0x0000001c   Data   RO         2508    locale$$data        c_w.l(lc_numeric_c.o)


    Execution Region RW_IRAM1 (Base: 0x20000000, Size: 0x00013520, Max: 0x00020000, ABSOLUTE)

    Base Addr    Size         Type   Attr      Idx    E Section Name        Object

    0x20000000   0x00000014   Data   RW            8    .data               main.o
    0x20000014   0x00000014   Data   RW          286    .data               system_stm32f4xx.o
    0x20000028   0x00000004   Data   RW          345    .data               delay.o
    0x2000002c   0x00000006   Data   RW          418    .data               usart.o
    0x20000032   0x00000010   Data   RW          670    .data               stm32f4xx_rcc.o
    0x20000042   0x00000002   PAD
    0x20000044   0x00000040   Data   RW         1786    .data               tasks.o
    0x20000084   0x00000014   Data   RW         2116    .data               timers.o
    0x20000098   0x0000000c   Data   RW         2266    .data               port.o
    0x200000a4   0x00000020   Data   RW         2342    .data               heap_4.o
    0x200000c4   0x000000c8   Zero   RW          417    .bss                usart.o
    0x2000018c   0x00000040   Zero   RW         1384    .bss                queue.o
    0x200001cc   0x000000c8   Zero   RW         1785    .bss                tasks.o
    0x20000294   0x00000028   Zero   RW         2115    .bss                timers.o
    0x200002bc   0x00012c00   Zero   RW         2341    .bss                heap_4.o
    0x20012ebc   0x00000060   Zero   RW         2516    .bss                c_w.l(libspace.o)
    0x20012f1c   0x00000004   PAD
    0x20012f20   0x00000200   Zero   RW          467    HEAP                startup_stm32f40_41xxx.o
    0x20013120   0x00000400   Zero   RW          466    STACK               startup_stm32f40_41xxx.o


==============================================================================

Image component sizes


      Code (inc. data)   RO Data    RW Data    ZI Data      Debug   Object Name

        84         10          0          4          0       1267   delay.o
         0          0          0          0          0      14544   event_groups.o
       756         74          0         32      76800       4443   heap_4.o
        64          4          0          0          0        523   led.o
       148          0          0          0          0       3226   list.o
       384        136          0         20          0     278945   main.o
       180         24          0          0          0       2033   misc.o
       894         78          0         12          0      10520   port.o
      1088         16          0          0         64      11623   queue.o
        64         26        392          0       1536        828   startup_stm32f40_41xxx.o
       218          0          0          0          0       2270   stm32f4xx_gpio.o
        20          0          0          0          0       2657   stm32f4xx_it.o
       296         30          0         16          0       3970   stm32f4xx_rcc.o
       404          8          0          0          0       4190   stm32f4xx_usart.o
       340         32          0         20          0       1701   system_stm32f4xx.o
      3174        386          0         64        200      27652   tasks.o
       962        110          0         20         40      25364   timers.o
       342         28          0          6        200       4256   usart.o

    ----------------------------------------------------------------------
      9436        962        424        196      78840     400012   Object Totals
         0          0         32          0          0          0   (incl. Generated)
        18          0          0          2          0          0   (incl. Padding)

    ----------------------------------------------------------------------

      Code (inc. data)   RO Data    RW Data    ZI Data      Debug   Library Member Name

         8          0          0          0          0         68   __main.o
       284          0          0          0          0        156   __printf_wp.o
         0          0          0          0          0          0   __rtentry.o
        12          0          0          0          0          0   __rtentry2.o
         6          0          0          0          0          0   __rtentry4.o
        52          8          0          0          0          0   __scatter.o
        26          0          0          0          0          0   __scatter_copy.o
        28          0          0          0          0          0   __scatter_zi.o
        48          6          0          0          0         96   _printf_char_common.o
        36          4          0          0          0         80   _printf_char_file.o
         6          0          0          0          0          0   _printf_f.o
      1050          0          0          0          0        216   _printf_fp_dec.o
       128         16          0          0          0         84   _printf_fp_infnan.o
         0          0          0          0          0          0   _printf_percent.o
         4          0          0          0          0          0   _printf_percent_end.o
        16          0          0          0          0         68   aeabi_memset.o
       220          4        148          0          0         96   bigflt0.o
      1910        128          0          0          0        672   btod.o
        18          0          0          0          0         80   exit.o
         8          0          0          0          0         68   ferror.o
         6          0          0          0          0        152   heapauxi.o
        44         10         28          0          0         76   lc_numeric_c.o
         2          0          0          0          0          0   libinit.o
        22          0          0          0          0          0   libinit2.o
         2          0          0          0          0          0   libshutdown.o
         2          0          0          0          0          0   libshutdown2.o
         8          4          0          0         96         68   libspace.o
       138          0          0          0          0         80   lludiv10.o
        24          4          0          0          0         84   noretval__2printf.o
         8          4          0          0          0         68   rt_locale_intlibspace.o
        68          0          0          0          0         68   rt_memclr.o
        78          0          0          0          0         80   rt_memclr_w.o
       138          0          0          0          0         68   rt_memcpy_v6.o
       100          0          0          0          0         80   rt_memcpy_w.o
         2          0          0          0          0          0   rtexit.o
        10          0          0          0          0          0   rtexit2.o
       128          0          0          0          0         68   strcmpv7m.o
        74          0          0          0          0         80   sys_stackheap_outer.o
         2          0          0          0          0         68   use_no_semi.o
         2          0          0          0          0         68   use_no_semi_2.o
        12          0          0          0          0        116   dretinf.o
        86          4          0          0          0        132   f2d.o
       140          4          0          0          0        132   fnaninf.o
        10          0          0          0          0        116   fpinit.o
         4          0          0          0          0        116   printf1.o
         0          0          0          0          0          0   usenofp.o
        48          0          0          0          0        124   fpclassify.o

    ----------------------------------------------------------------------
      5024        196        176          0        100       3528   Library Totals
         6          0          0          0          4          0   (incl. Padding)

    ----------------------------------------------------------------------

      Code (inc. data)   RO Data    RW Data    ZI Data      Debug   Library Name

      4718        188        176          0         96       2792   c_w.l
       252          8          0          0          0        612   fz_wm.l
        48          0          0          0          0        124   m_wm.l

    ----------------------------------------------------------------------
      5024        196        176          0        100       3528   Library Totals

    ----------------------------------------------------------------------

==============================================================================


      Code (inc. data)   RO Data    RW Data    ZI Data      Debug   

     14460       1158        600        196      78940     392480   Grand Totals
     14460       1158        600        196      78940     392480   ELF Image Totals
     14460       1158        600        196          0          0   ROM Totals

==============================================================================

    Total RO  Size (Code + RO Data)                15060 (  14.71kB)
    Total RW  Size (RW Data + ZI Data)             79136 (  77.28kB)
    Total ROM Size (Code + RO Data + RW Data)      15256 (  14.90kB)

==============================================================================

